Component: ARM Compiler 5.06 update 3 (build 300) Tool: armlink [4d35c9]

==============================================================================

Section Cross References

    startup_stm32f407xx.o(RESET) refers to startup_stm32f407xx.o(STACK) for __initial_sp
    startup_stm32f407xx.o(RESET) refers to startup_stm32f407xx.o(.text) for Reset_Handler
    startup_stm32f407xx.o(RESET) refers to stm32f4xx_it.o(i.NMI_Handler) for NMI_Handler
    startup_stm32f407xx.o(RESET) refers to stm32f4xx_it.o(i.HardFault_Handler) for HardFault_Handler
    startup_stm32f407xx.o(RESET) refers to stm32f4xx_it.o(i.MemManage_Handler) for MemManage_Handler
    startup_stm32f407xx.o(RESET) refers to stm32f4xx_it.o(i.BusFault_Handler) for BusFault_Handler
    startup_stm32f407xx.o(RESET) refers to stm32f4xx_it.o(i.UsageFault_Handler) for UsageFault_Handler
    startup_stm32f407xx.o(RESET) refers to port.o(.emb_text) for SVC_Handler
    startup_stm32f407xx.o(RESET) refers to stm32f4xx_it.o(i.DebugMon_Handler) for DebugMon_Handler
    startup_stm32f407xx.o(RESET) refers to stm32f4xx_it.o(i.SysTick_Handler) for SysTick_Handler
    startup_stm32f407xx.o(RESET) refers to stm32f4xx_it.o(i.EXTI0_IRQHandler) for EXTI0_IRQHandler
    startup_stm32f407xx.o(RESET) refers to stm32f4xx_it.o(i.EXTI3_IRQHandler) for EXTI3_IRQHandler
    startup_stm32f407xx.o(RESET) refers to stm32f4xx_it.o(i.EXTI4_IRQHandler) for EXTI4_IRQHandler
    startup_stm32f407xx.o(RESET) refers to stm32f4xx_it.o(i.CAN1_RX0_IRQHandler) for CAN1_RX0_IRQHandler
    startup_stm32f407xx.o(RESET) refers to stm32f4xx_it.o(i.EXTI9_5_IRQHandler) for EXTI9_5_IRQHandler
    startup_stm32f407xx.o(RESET) refers to aim_assist_control.o(i.USART1_IRQHandler) for USART1_IRQHandler
    startup_stm32f407xx.o(RESET) refers to remote_control.o(i.USART3_IRQHandler) for USART3_IRQHandler
    startup_stm32f407xx.o(RESET) refers to bsp_i2c.o(i.DMA1_Stream7_IRQHandler) for DMA1_Stream7_IRQHandler
    startup_stm32f407xx.o(RESET) refers to stm32f4xx_it.o(i.DMA2_Stream1_IRQHandler) for DMA2_Stream1_IRQHandler
    startup_stm32f407xx.o(RESET) refers to ins_task.o(i.DMA2_Stream2_IRQHandler) for DMA2_Stream2_IRQHandler
    startup_stm32f407xx.o(RESET) refers to stm32f4xx_it.o(i.CAN2_RX0_IRQHandler) for CAN2_RX0_IRQHandler
    startup_stm32f407xx.o(RESET) refers to stm32f4xx_it.o(i.OTG_FS_IRQHandler) for OTG_FS_IRQHandler
    startup_stm32f407xx.o(RESET) refers to stm32f4xx_it.o(i.DMA2_Stream6_IRQHandler) for DMA2_Stream6_IRQHandler
    startup_stm32f407xx.o(RESET) refers to stm32f4xx_it.o(i.DMA2_Stream7_IRQHandler) for DMA2_Stream7_IRQHandler
    startup_stm32f407xx.o(RESET) refers to referee_usart_task.o(i.USART6_IRQHandler) for USART6_IRQHandler
    startup_stm32f407xx.o(.text) refers to system_stm32f4xx.o(i.SystemInit) for SystemInit
    startup_stm32f407xx.o(.text) refers to entry.o(.ARM.Collect$$$$00000000) for __main
    main.o(i.SystemClock_Config) refers to memseta.o(.text) for __aeabi_memclr4
    main.o(i.SystemClock_Config) refers to stm32f4xx_hal_rcc.o(i.HAL_RCC_OscConfig) for HAL_RCC_OscConfig
    main.o(i.SystemClock_Config) refers to main.o(i.Error_Handler) for Error_Handler
    main.o(i.SystemClock_Config) refers to stm32f4xx_hal_rcc.o(i.HAL_RCC_ClockConfig) for HAL_RCC_ClockConfig
    main.o(i.SystemClock_Config) refers to stm32f4xx_hal_rcc_ex.o(i.HAL_RCCEx_PeriphCLKConfig) for HAL_RCCEx_PeriphCLKConfig
    main.o(i.main) refers to stm32f4xx_hal.o(i.HAL_Init) for HAL_Init
    main.o(i.main) refers to main.o(i.SystemClock_Config) for SystemClock_Config
    main.o(i.main) refers to gpio.o(i.MX_GPIO_Init) for MX_GPIO_Init
    main.o(i.main) refers to dma.o(i.MX_DMA_Init) for MX_DMA_Init
    main.o(i.main) refers to adc.o(i.MX_ADC1_Init) for MX_ADC1_Init
    main.o(i.main) refers to adc.o(i.MX_ADC3_Init) for MX_ADC3_Init
    main.o(i.main) refers to can.o(i.MX_CAN1_Init) for MX_CAN1_Init
    main.o(i.main) refers to can.o(i.MX_CAN2_Init) for MX_CAN2_Init
    main.o(i.main) refers to i2c.o(i.MX_I2C1_Init) for MX_I2C1_Init
    main.o(i.main) refers to spi.o(i.MX_SPI1_Init) for MX_SPI1_Init
    main.o(i.main) refers to tim.o(i.MX_TIM4_Init) for MX_TIM4_Init
    main.o(i.main) refers to tim.o(i.MX_TIM5_Init) for MX_TIM5_Init
    main.o(i.main) refers to usart.o(i.MX_USART3_UART_Init) for MX_USART3_UART_Init
    main.o(i.main) refers to tim.o(i.MX_TIM8_Init) for MX_TIM8_Init
    main.o(i.main) refers to crc.o(i.MX_CRC_Init) for MX_CRC_Init
    main.o(i.main) refers to rng.o(i.MX_RNG_Init) for MX_RNG_Init
    main.o(i.main) refers to i2c.o(i.MX_I2C2_Init) for MX_I2C2_Init
    main.o(i.main) refers to i2c.o(i.MX_I2C3_Init) for MX_I2C3_Init
    main.o(i.main) refers to rtc.o(i.MX_RTC_Init) for MX_RTC_Init
    main.o(i.main) refers to spi.o(i.MX_SPI2_Init) for MX_SPI2_Init
    main.o(i.main) refers to tim.o(i.MX_TIM1_Init) for MX_TIM1_Init
    main.o(i.main) refers to tim.o(i.MX_TIM3_Init) for MX_TIM3_Init
    main.o(i.main) refers to tim.o(i.MX_TIM10_Init) for MX_TIM10_Init
[...]
    servo_rc                                 0x20000434   Data           4  servo_task.o(.data)
    servo_pwm                                0x20000438   Data           8  servo_task.o(.data)
    HP                                       0x20000440   Data           2  aim_assist_control.o(.data)
    yaw1                                     0x20000442   Data           2  aim_assist_control.o(.data)
    pitch1                                   0x20000444   Data           2  aim_assist_control.o(.data)
    data                                     0x20000448   Data           4  aim_assist_control.o(.data)
    assistant_flag                           0x2000044c   Data           4  aim_assist_control.o(.data)
    pitch_bit                                0x20000450   Data           1  aim_assist_control.o(.data)
    yaw_bit                                  0x20000451   Data           1  aim_assist_control.o(.data)
    BMI088_ACCEL_SEN                         0x20000464   Data           4  bmi088driver.o(.data)
    BMI088_GYRO_SEN                          0x20000468   Data           4  bmi088driver.o(.data)
    CRC16_INIT                               0x20000490   Data           2  crc8_crc16.o(.data)
    __microlib_freelist                      0x200004a4   Data           4  mvars.o(.data)
    __microlib_freelist_initialised          0x200004a8   Data           4  mvars.o(.data)
    hadc1                                    0x200004b0   Data          72  adc.o(.bss)
    hadc3                                    0x200004f8   Data          72  adc.o(.bss)
    hcan1                                    0x20000540   Data          40  can.o(.bss)
    hcan2                                    0x20000568   Data          40  can.o(.bss)
    hi2c1                                    0x20000c38   Data          84  i2c.o(.bss)
    hi2c2                                    0x20000c8c   Data          84  i2c.o(.bss)
    hi2c3                                    0x20000ce0   Data          84  i2c.o(.bss)
    hdma_i2c2_tx                             0x20000d34   Data          96  i2c.o(.bss)
    hrng                                     0x20000d94   Data          16  rng.o(.bss)
    hrtc                                     0x20000da4   Data          32  rtc.o(.bss)
    hspi1                                    0x20000dc4   Data          88  spi.o(.bss)
    hspi2                                    0x20000e1c   Data          88  spi.o(.bss)
    hdma_spi1_rx                             0x20000e74   Data          96  spi.o(.bss)
    hdma_spi1_tx                             0x20000ed4   Data          96  spi.o(.bss)
    htim1                                    0x20000f34   Data          64  tim.o(.bss)
    htim3                                    0x20000f74   Data          64  tim.o(.bss)
    htim4                                    0x20000fb4   Data          64  tim.o(.bss)
    htim5                                    0x20000ff4   Data          64  tim.o(.bss)
    htim8                                    0x20001034   Data          64  tim.o(.bss)
    htim10                                   0x20001074   Data          64  tim.o(.bss)
    huart1                                   0x200010b4   Data          64  usart.o(.bss)
    huart3                                   0x200010f4   Data          64  usart.o(.bss)
    huart6                                   0x20001134   Data          64  usart.o(.bss)
    hdma_usart1_tx                           0x20001174   Data          96  usart.o(.bss)
    hdma_usart1_rx                           0x200011d4   Data          96  usart.o(.bss)
    hdma_usart3_rx                           0x20001234   Data          96  usart.o(.bss)
    hdma_usart6_rx                           0x20001294   Data          96  usart.o(.bss)
    hdma_usart6_tx                           0x200012f4   Data          96  usart.o(.bss)
    hUsbDeviceFS                             0x20001354   Data         668  usb_device.o(.bss)
    hpcd_USB_OTG_FS                          0x200015f0   Data        1032  usbd_conf.o(.bss)
    USBD_StrDesc                             0x200019f8   Data         512  usbd_desc.o(.bss)
    UserRxBufferFS                           0x20001bf8   Data        2048  usbd_cdc_if.o(.bss)
    UserTxBufferFS                           0x200023f8   Data        2048  usbd_cdc_if.o(.bss)
    pFlash                                   0x20002bf8   Data          32  stm32f4xx_hal_flash.o(.bss)
    xQueueRegistry                           0x20002c18   Data          64  queue.o(.bss)
    cali_sensor                              0x20008f3c   Data          65  calibrate_task.o(.bss)
    error_list                               0x20009044   Data         540  detect_task.o(.bss)
    gimbal_control                           0x20009260   Data         972  gimbal_task.o(.bss)
    accel_dma_rx_buf                         0x2000962c   Data           9  ins_task.o(.bss)
    bmi088_real_data                         0x20009638   Data          36  ins_task.o(.bss)
    gyro_offset                              0x2000965c   Data          12  ins_task.o(.bss)
    gyro_cali_offset                         0x20009668   Data          12  ins_task.o(.bss)
    accel_offset                             0x20009674   Data          12  ins_task.o(.bss)
    accel_cali_offset                        0x20009680   Data          12  ins_task.o(.bss)
    ist8310_real_data                        0x2000968c   Data          16  ins_task.o(.bss)
    mag_offset                               0x2000969c   Data          12  ins_task.o(.bss)
    mag_cali_offset                          0x200096a8   Data          12  ins_task.o(.bss)
    INS_angle                                0x20009754   Data          12  ins_task.o(.bss)
    game_robot_HP_t                          0x20009760   Data          28  referee.o(.bss)
    robot_state                              0x2000977c   Data          15  referee.o(.bss)
    power_heat_data_t                        0x2000978b   Data          14  referee.o(.bss)
    game_robot_pos_t                         0x20009799   Data          16  referee.o(.bss)
    student_interactive_data_t               0x200097a9   Data          12  referee.o(.bss)
    usart6_buf                               0x200097b8   Data        1024  referee_usart_task.o(.bss)
    referee_fifo                             0x20009bb8   Data          24  referee_usart_task.o(.bss)
    referee_fifo_buf                         0x20009bd0   Data        1024  referee_usart_task.o(.bss)
    referee_unpack_obj                       0x20009fd0   Data         137  referee_usart_task.o(.bss)
    rc_ctrl                                  0x2000a059   Data          22  remote_control.o(.bss)
    sbus_rx_buf                              0x2000a06f   Data          72  remote_control.o(.bss)
    shoot_control                            0x2000a0cc   Data         300  shoot.o(.bss)
    usart1_dma_rx_buffer                     0x2000a1f8   Data          18  aim_assist_control.o(.bss)
    get_data                                 0x2000a20c   Data          12  aim_assist_control.o(.bss)
    send_data                                0x2000a218   Data          12  aim_assist_control.o(.bss)
    oled_gram                                0x2000a3a4   Data        1025  oled.o(.bss)
    __heap_base                              0x2000a7c0   Data           0  startup_stm32f407xx.o(HEAP)
    __heap_limit                             0x2000c7c0   Data           0  startup_stm32f407xx.o(HEAP)
    __initial_sp                             0x2000e7c0   Data           0  startup_stm32f407xx.o(STACK)



==============================================================================

Memory Map of the image

  Image Entry point : 0x08000189

  Load Region LR_IROM1 (Base: 0x08000000, Size: 0x0001a530, Max: 0x00100000, ABSOLUTE, COMPRESSED[0x0001a1f8])

    Execution Region ER_IROM1 (Base: 0x08000000, Size: 0x0001a080, Max: 0x00100000, ABSOLUTE)

    Base Addr    Size         Type   Attr      Idx    E Section Name        Object

    0x08000000   0x00000188   Data   RO            3    RESET               startup_stm32f407xx.o
    0x08000188   0x00000000   Code   RO        11760  * .ARM.Collect$$$$00000000  mc_w.l(entry.o)
    0x08000188   0x00000004   Code   RO        12093    .ARM.Collect$$$$00000001  mc_w.l(entry2.o)
    0x0800018c   0x00000004   Code   RO        12096    .ARM.Collect$$$$00000004  mc_w.l(entry5.o)
    0x08000190   0x00000000   Code   RO        12098    .ARM.Collect$$$$00000008  mc_w.l(entry7b.o)
    0x08000190   0x00000000   Code   RO        12100    .ARM.Collect$$$$0000000A  mc_w.l(entry8b.o)
    0x08000190   0x00000008   Code   RO        12101    .ARM.Collect$$$$0000000B  mc_w.l(entry9a.o)
    0x08000198   0x00000000   Code   RO        12103    .ARM.Collect$$$$0000000D  mc_w.l(entry10a.o)
    0x08000198   0x00000000   Code   RO        12105    .ARM.Collect$$$$0000000F  mc_w.l(entry11a.o)
    0x08000198   0x00000004   Code   RO        12094    .ARM.Collect$$$$00002712  mc_w.l(entry2.o)
    0x0800019c   0x000000be   Code   RO         7759    .emb_text           port.o
    0x0800025a   0x00000002   PAD
    0x0800025c   0x00000024   Code   RO            4    .text               startup_stm32f407xx.o
    0x08000280   0x00000078   Code   RO        11538    .text               arm_cortexM4lf_math.lib(arm_cos_f32.o)
    0x080002f8   0x00000074   Code   RO        11591    .text               arm_cortexM4lf_math.lib(arm_sin_f32.o)
    0x0800036c   0x00000062   Code   RO        11763    .text               mc_w.l(uldiv.o)
    0x080003ce   0x00000024   Code   RO        11765    .text               mc_w.l(memcpya.o)
    0x080003f2   0x00000024   Code   RO        11769    .text               mc_w.l(memseta.o)
    0x08000416   0x0000000e   Code   RO        11771    .text               mc_w.l(strlen.o)
    0x08000424   0x0000014e   Code   RO        12064    .text               mf_w.l(dadd.o)
    0x08000572   0x00000026   Code   RO        12066    .text               mf_w.l(f2d.o)
    0x08000598   0x00000030   Code   RO        12068    .text               mf_w.l(cdcmple.o)
    0x080005c8   0x00000030   Code   RO        12070    .text               mf_w.l(cdrcmple.o)
    0x080005f8   0x0000002c   Code   RO        12110    .text               mc_w.l(uidiv.o)
    0x08000624   0x0000001e   Code   RO        12112    .text               mc_w.l(llshl.o)
    0x08000642   0x00000020   Code   RO        12114    .text               mc_w.l(llushr.o)
    0x08000662   0x00000024   Code   RO        12116    .text               mc_w.l(llsshr.o)
    0x08000686   0x00000000   Code   RO        12127    .text               mc_w.l(iusefp.o)
    0x08000686   0x000000ba   Code   RO        12130    .text               mf_w.l(depilogue.o)
    0x08000740   0x000000e4   Code   RO        12132    .text               mf_w.l(dmul.o)
    0x08000824   0x000000de   Code   RO        12134    .text               mf_w.l(ddiv.o)
    0x08000902   0x00000030   Code   RO        12136    .text               mf_w.l(dfixul.o)
    0x08000932   0x00000002   PAD
    0x08000934   0x00000024   Code   RO        12138    .text               mc_w.l(init.o)
    0x08000958   0x00000056   Code   RO        12150    .text               mc_w.l(__dczerorl2.o)
    0x080009ae   0x00000002   PAD
    0x080009b0   0x00000160   Code   RO         2022    i.ADC_Init          stm32f4xx_hal_adc.o
    0x08000b10   0x00000018   Code   RO        10807    i.AHRS_asinf        ahrs_middleware.o
    0x08000b28   0x00000020   Code   RO        10808    i.AHRS_atan2f       ahrs_middleware.o
    0x08000b48   0x00000018   Code   RO        10809    i.AHRS_cosf         ahrs_middleware.o
    0x08000b60   0x0000001a   Code   RO        11448    i.AHRS_fabs         AHRS.lib(ahrs.o)
    0x08000b7a   0x00000002   PAD
    0x08000b7c   0x00000010   Code   RO        10810    i.AHRS_get_height   ahrs_middleware.o
    0x08000b8c   0x0000000c   Code   RO        10811    i.AHRS_get_latitude  ahrs_middleware.o
    0x08000b98   0x0000029c   Code   RO        11449    i.AHRS_init         AHRS.lib(ahrs.o)
    0x08000e34   0x00000024   Code   RO        10812    i.AHRS_invSqrt      ahrs_middleware.o
    0x08000e58   0x00000018   Code   RO        10813    i.AHRS_sinf         ahrs_middleware.o
    0x08000e70   0x0000013a   Code   RO        11450    i.AHRS_update       AHRS.lib(ahrs.o)
    0x08000faa   0x00000002   PAD
    0x08000fac   0x00000014   Code   RO        10625    i.BMI088_ACCEL_NS_H  bmi088middleware.o
    0x08000fc0   0x00000014   Code   RO        10626    i.BMI088_ACCEL_NS_L  bmi088middleware.o
    0x08000fd4   0x00000002   Code   RO        10627    i.BMI088_GPIO_init  bmi088middleware.o
    0x08000fd6   0x00000002   PAD
    0x08000fd8   0x00000014   Code   RO        10628    i.BMI088_GYRO_NS_H  bmi088middleware.o
    0x08000fec   0x00000014   Code   RO        10629    i.BMI088_GYRO_NS_L  bmi088middleware.o
    0x08001000   0x00000090   Code   RO        10489    i.BMI088_accel_read_over  bmi088driver.o
    0x08001090   0x00000002   Code   RO        10630    i.BMI088_com_init   bmi088middleware.o
    0x08001092   0x0000000c   Code   RO        10631    i.BMI088_delay_ms   bmi088middleware.o
    0x0800109e   0x0000000c   Code   RO        10632    i.BMI088_delay_us   bmi088middleware.o
    0x080010aa   0x00000002   PAD
    0x080010ac   0x00000068   Code   RO        10490    i.BMI088_gyro_read_over  bmi088driver.o
    0x08001114   0x00000034   Code   RO        10491    i.BMI088_init       bmi088driver.o
    0x08001148   0x0000017c   Code   RO        10492    i.BMI088_read       bmi088driver.o
    0x080012c4   0x00000026   Code   RO        10495    i.BMI088_read_muli_reg  bmi088driver.o
    0x080012ea   0x00000018   Code   RO        10496    i.BMI088_read_single_reg  bmi088driver.o
    0x08001302   0x00000002   PAD
    0x08001304   0x00000020   Code   RO        10633    i.BMI088_read_write_byte  bmi088middleware.o
    0x08001324   0x00000034   Code   RO        10497    i.BMI088_temperature_read_over  bmi088driver.o
    0x08001358   0x00000014   Code   RO        10498    i.BMI088_write_single_reg  bmi088driver.o
    0x0800136c   0x00000004   Code   RO         1298    i.BusFault_Handler  stm32f4xx_it.o
    0x08001370   0x00000010   Code   RO         1299    i.CAN1_RX0_IRQHandler  stm32f4xx_it.o
    0x08001380   0x00000010   Code   RO         1300    i.CAN2_RX0_IRQHandler  stm32f4xx_it.o
    0x08001390   0x00000044   Code   RO         9099    i.CAN_cmd_chassis_reset_ID  can_receive.o
    0x080013d4   0x00000050   Code   RO         9100    i.CAN_cmd_gimbal    can_receive.o
    0x08001424   0x00000044   Code   RO         1246    i.CDC_Control_FS    usbd_cdc_if.o
    0x08001468   0x00000004   Code   RO         1247    i.CDC_DeInit_FS     usbd_cdc_if.o
    0x0800146c   0x00000024   Code   RO         1248    i.CDC_Init_FS       usbd_cdc_if.o
    0x08001490   0x0000001c   Code   RO         1249    i.CDC_Receive_FS    usbd_cdc_if.o
    0x080014ac   0x0000007c   Code   RO         8659    i.DMA1_Stream7_IRQHandler  bsp_i2c.o
    0x08001528   0x00000010   Code   RO         1301    i.DMA2_Stream1_IRQHandler  stm32f4xx_it.o
    0x08001538   0x00000898   Code   RO         9693    i.DMA2_Stream2_IRQHandler  ins_task.o
    0x08001dd0   0x00000010   Code   RO         1302    i.DMA2_Stream6_IRQHandler  stm32f4xx_it.o
    0x08001de0   0x00000010   Code   RO         1303    i.DMA2_Stream7_IRQHandler  stm32f4xx_it.o
    0x08001df0   0x00000034   Code   RO         5632    i.DMA_CalcBaseAndBitshift  stm32f4xx_hal_dma.o
    0x08001e24   0x000000aa   Code   RO         5633    i.DMA_CheckFifoParam  stm32f4xx_hal_dma.o
    0x08001ece   0x0000002c   Code   RO         5634    i.DMA_SetConfig     stm32f4xx_hal_dma.o
    0x08001efa   0x00000002   Code   RO         1304    i.DebugMon_Handler  stm32f4xx_it.o
    0x08001efc   0x0000000a   Code   RO         1305    i.EXTI0_IRQHandler  stm32f4xx_it.o
    0x08001f06   0x0000000a   Code   RO         1306    i.EXTI3_IRQHandler  stm32f4xx_it.o
    0x08001f10   0x0000000a   Code   RO         1307    i.EXTI4_IRQHandler  stm32f4xx_it.o
    0x08001f1a   0x0000000a   Code   RO         1308    i.EXTI9_5_IRQHandler  stm32f4xx_it.o
    0x08001f24   0x00000002   Code   RO           13    i.Error_Handler     main.o
    0x08001f26   0x00000002   PAD
    0x08001f28   0x0000005c   Code   RO         5402    i.FLASH_Erase_Sector  stm32f4xx_hal_flash_ex.o
    0x08001f84   0x00000078   Code   RO         5403    i.FLASH_FlushCaches  stm32f4xx_hal_flash_ex.o
    0x08001ffc   0x00000030   Code   RO         5404    i.FLASH_MassErase   stm32f4xx_hal_flash_ex.o
    0x0800202c   0x00000024   Code   RO         5284    i.FLASH_Program_Byte  stm32f4xx_hal_flash.o
    0x08002050   0x0000002c   Code   RO         5285    i.FLASH_Program_DoubleWord  stm32f4xx_hal_flash.o
    0x0800207c   0x00000028   Code   RO         5286    i.FLASH_Program_HalfWord  stm32f4xx_hal_flash.o
    0x080020a4   0x00000028   Code   RO         5287    i.FLASH_Program_Word  stm32f4xx_hal_flash.o
    0x080020cc   0x00000098   Code   RO         5288    i.FLASH_SetErrorCode  stm32f4xx_hal_flash.o
    0x08002164   0x00000064   Code   RO         5289    i.FLASH_WaitForLastOperation  stm32f4xx_hal_flash.o
    0x080021c8   0x00000034   Code   RO         1156    i.Get_SerialNum     usbd_desc.o
    0x080021fc   0x0000018c   Code   RO         2024    i.HAL_ADC_ConfigChannel  stm32f4xx_hal_adc.o
    0x08002388   0x00000008   Code   RO         2031    i.HAL_ADC_GetValue  stm32f4xx_hal_adc.o
    0x08002390   0x00000068   Code   RO         2033    i.HAL_ADC_Init      stm32f4xx_hal_adc.o
    0x080023f8   0x000000ac   Code   RO          374    i.HAL_ADC_MspInit   adc.o
    0x080024a4   0x000000c2   Code   RO         2037    i.HAL_ADC_PollForConversion  stm32f4xx_hal_adc.o
    0x08002566   0x00000002   PAD
    0x08002568   0x0000013c   Code   RO         2039    i.HAL_ADC_Start     stm32f4xx_hal_adc.o
    0x080026a4   0x0000002a   Code   RO         2295    i.HAL_CAN_ActivateNotification  stm32f4xx_hal_can.o
    0x080026ce   0x00000156   Code   RO         2296    i.HAL_CAN_AddTxMessage  stm32f4xx_hal_can.o
    0x08002824   0x00000124   Code   RO         2297    i.HAL_CAN_ConfigFilter  stm32f4xx_hal_can.o
    0x08002948   0x00000002   Code   RO         2300    i.HAL_CAN_ErrorCallback  stm32f4xx_hal_can.o
    0x0800294a   0x0000017c   Code   RO         2303    i.HAL_CAN_GetRxMessage  stm32f4xx_hal_can.o
    0x08002ac6   0x0000024e   Code   RO         2307    i.HAL_CAN_IRQHandler  stm32f4xx_hal_can.o
    0x08002d14   0x00000174   Code   RO         2308    i.HAL_CAN_Init      stm32f4xx_hal_can.o
    0x08002e88   0x00000160   Code   RO          422    i.HAL_CAN_MspInit   can.o
    0x08002fe8   0x00000002   Code   RO         2315    i.HAL_CAN_RxFifo0FullCallback  stm32f4xx_hal_can.o
    0x08002fea   0x00000002   PAD
    0x08002fec   0x000000e4   Code   RO         9103    i.HAL_CAN_RxFifo0MsgPendingCallback  can_receive.o
    0x080030d0   0x00000002   Code   RO         2317    i.HAL_CAN_RxFifo1FullCallback  stm32f4xx_hal_can.o
    0x080030d2   0x00000002   Code   RO         2318    i.HAL_CAN_RxFifo1MsgPendingCallback  stm32f4xx_hal_can.o
    0x080030d4   0x00000002   Code   RO         2319    i.HAL_CAN_SleepCallback  stm32f4xx_hal_can.o
    0x080030d6   0x0000005e   Code   RO         2320    i.HAL_CAN_Start     stm32f4xx_hal_can.o
    0x08003134   0x00000002   Code   RO         2322    i.HAL_CAN_TxMailbox0AbortCallback  stm32f4xx_hal_can.o
    0x08003136   0x00000002   Code   RO         2323    i.HAL_CAN_TxMailbox0CompleteCallback  stm32f4xx_hal_can.o
    0x08003138   0x00000002   Code   RO         2324    i.HAL_CAN_TxMailbox1AbortCallback  stm32f4xx_hal_can.o
    0x0800313a   0x00000002   Code   RO         2325    i.HAL_CAN_TxMailbox1CompleteCallback  stm32f4xx_hal_can.o
    0x0800313c   0x00000002   Code   RO         2326    i.HAL_CAN_TxMailbox2AbortCallback  stm32f4xx_hal_can.o
    0x0800313e   0x00000002   Code   RO         2327    i.HAL_CAN_TxMailbox2CompleteCallback  stm32f4xx_hal_can.o
    0x08003140   0x00000002   Code   RO         2329    i.HAL_CAN_WakeUpFromRxMsgCallback  stm32f4xx_hal_can.o
    0x08003142   0x00000024   Code   RO         2532    i.HAL_CRC_Init      stm32f4xx_hal_crc.o
    0x08003166   0x00000002   PAD
    0x08003168   0x00000034   Code   RO          471    i.HAL_CRC_MspInit   crc.o
    0x0800319c   0x000000aa   Code   RO         5635    i.HAL_DMA_Abort     stm32f4xx_hal_dma.o
    0x08003246   0x00000028   Code   RO         5636    i.HAL_DMA_Abort_IT  stm32f4xx_hal_dma.o
    0x0800326e   0x00000002   PAD
    0x08003270   0x00000240   Code   RO         5640    i.HAL_DMA_IRQHandler  stm32f4xx_hal_dma.o
    0x080034b0   0x000000ec   Code   RO         5641    i.HAL_DMA_Init      stm32f4xx_hal_dma.o
    0x0800359c   0x0000009e   Code   RO         5645    i.HAL_DMA_Start_IT  stm32f4xx_hal_dma.o
    0x0800363a   0x00000002   PAD
    0x0800363c   0x00000028   Code   RO         6059    i.HAL_Delay         stm32f4xx_hal.o
    0x08003664   0x000000ac   Code   RO         5414    i.HAL_FLASHEx_Erase  stm32f4xx_hal_flash_ex.o
    0x08003710   0x00000014   Code   RO         5293    i.HAL_FLASH_Lock    stm32f4xx_hal_flash.o
    0x08003724   0x00000098   Code   RO         5298    i.HAL_FLASH_Program  stm32f4xx_hal_flash.o
    0x080037bc   0x00000034   Code   RO         5300    i.HAL_FLASH_Unlock  stm32f4xx_hal_flash.o
    0x080037f0   0x000000b8   Code   RO         9694    i.HAL_GPIO_EXTI_Callback  ins_task.o
    0x080038a8   0x0000001c   Code   RO         5527    i.HAL_GPIO_EXTI_IRQHandler  stm32f4xx_hal_gpio.o
    0x080038c4   0x00000200   Code   RO         5528    i.HAL_GPIO_Init     stm32f4xx_hal_gpio.o
    0x08003ac4   0x00000010   Code   RO         5530    i.HAL_GPIO_ReadPin  stm32f4xx_hal_gpio.o
    0x08003ad4   0x0000000c   Code   RO         5532    i.HAL_GPIO_WritePin  stm32f4xx_hal_gpio.o
    0x08003ae0   0x0000000c   Code   RO         6065    i.HAL_GetTick       stm32f4xx_hal.o
    0x08003aec   0x000001b8   Code   RO         2599    i.HAL_I2C_Init      stm32f4xx_hal_i2c.o
    0x08003ca4   0x00000170   Code   RO         2612    i.HAL_I2C_Master_Transmit  stm32f4xx_hal_i2c.o
    0x08003e14   0x000002f4   Code   RO         2617    i.HAL_I2C_Mem_Read  stm32f4xx_hal_i2c.o
    0x08004108   0x00000164   Code   RO         2620    i.HAL_I2C_Mem_Write  stm32f4xx_hal_i2c.o
    0x0800426c   0x00000208   Code   RO          596    i.HAL_I2C_MspInit   i2c.o
    0x08004474   0x00000018   Code   RO         6071    i.HAL_IncTick       stm32f4xx_hal.o
    0x0800448c   0x0000003c   Code   RO         6072    i.HAL_Init          stm32f4xx_hal.o
    0x080044c8   0x0000004c   Code   RO         6073    i.HAL_InitTick      stm32f4xx_hal.o
    0x08004514   0x00000054   Code   RO         1422    i.HAL_MspInit       stm32f4xx_hal_msp.o
    0x08004568   0x00000020   Code   RO         5917    i.HAL_NVIC_EnableIRQ  stm32f4xx_hal_cortex.o
    0x08004588   0x0000007c   Code   RO         5923    i.HAL_NVIC_SetPriority  stm32f4xx_hal_cortex.o
    0x08004604   0x00000028   Code   RO         5924    i.HAL_NVIC_SetPriorityGrouping  stm32f4xx_hal_cortex.o
    0x0800462c   0x00000002   Code   RO         1672    i.HAL_PCDEx_LPM_Callback  stm32f4xx_hal_pcd_ex.o
    0x0800462e   0x0000000a   Code   RO         1673    i.HAL_PCDEx_SetRxFiFo  stm32f4xx_hal_pcd_ex.o
    0x08004638   0x0000004e   Code   RO         1674    i.HAL_PCDEx_SetTxFiFo  stm32f4xx_hal_pcd_ex.o
    0x08004686   0x0000000e   Code   RO          961    i.HAL_PCD_ConnectCallback  usbd_conf.o
    0x08004694   0x00000020   Code   RO          962    i.HAL_PCD_DataInStageCallback  usbd_conf.o
    0x080046b4   0x00000020   Code   RO          963    i.HAL_PCD_DataOutStageCallback  usbd_conf.o
    0x080046d4   0x0000000e   Code   RO          964    i.HAL_PCD_DisconnectCallback  usbd_conf.o
    0x080046e2   0x0000006a   Code   RO         1455    i.HAL_PCD_EP_Close  stm32f4xx_hal_pcd.o
    0x0800474c   0x0000007c   Code   RO         1456    i.HAL_PCD_EP_ClrStall  stm32f4xx_hal_pcd.o
    0x080047c8   0x00000016   Code   RO         1458    i.HAL_PCD_EP_GetRxCount  stm32f4xx_hal_pcd.o
    0x080047de   0x0000008c   Code   RO         1459    i.HAL_PCD_EP_Open   stm32f4xx_hal_pcd.o
    0x0800486a   0x00000058   Code   RO         1460    i.HAL_PCD_EP_Receive  stm32f4xx_hal_pcd.o
    0x080048c2   0x0000008a   Code   RO         1461    i.HAL_PCD_EP_SetStall  stm32f4xx_hal_pcd.o
    0x0800494c   0x0000005a   Code   RO         1462    i.HAL_PCD_EP_Transmit  stm32f4xx_hal_pcd.o
    0x080049a6   0x0000053e   Code   RO         1464    i.HAL_PCD_IRQHandler  stm32f4xx_hal_pcd.o
    0x08004ee4   0x00000012   Code   RO          965    i.HAL_PCD_ISOINIncompleteCallback  usbd_conf.o
    0x08004ef6   0x00000012   Code   RO          966    i.HAL_PCD_ISOOUTIncompleteCallback  usbd_conf.o
    0x08004f08   0x00000166   Code   RO         1467    i.HAL_PCD_Init      stm32f4xx_hal_pcd.o
    0x0800506e   0x00000002   PAD
    0x08005070   0x000000a8   Code   RO          968    i.HAL_PCD_MspInit   usbd_conf.o
    0x08005118   0x00000030   Code   RO          969    i.HAL_PCD_ResetCallback  usbd_conf.o
    0x08005148   0x0000000e   Code   RO          970    i.HAL_PCD_ResumeCallback  usbd_conf.o
    0x08005156   0x0000000e   Code   RO          971    i.HAL_PCD_SOFCallback  usbd_conf.o
    0x08005164   0x00000036   Code   RO         1473    i.HAL_PCD_SetAddress  stm32f4xx_hal_pcd.o
    0x0800519a   0x00000012   Code   RO          972    i.HAL_PCD_SetupStageCallback  usbd_conf.o
    0x080051ac   0x0000004a   Code   RO         1475    i.HAL_PCD_Start     stm32f4xx_hal_pcd.o
    0x080051f6   0x00000002   PAD
    0x080051f8   0x00000034   Code   RO          973    i.HAL_PCD_SuspendCallback  usbd_conf.o
    0x0800522c   0x000001a0   Code   RO         5234    i.HAL_RCCEx_PeriphCLKConfig  stm32f4xx_hal_rcc_ex.o
    0x080053cc   0x00000180   Code   RO         5129    i.HAL_RCC_ClockConfig  stm32f4xx_hal_rcc.o
    0x0800554c   0x0000000c   Code   RO         5134    i.HAL_RCC_GetHCLKFreq  stm32f4xx_hal_rcc.o
    0x08005558   0x00000020   Code   RO         5136    i.HAL_RCC_GetPCLK1Freq  stm32f4xx_hal_rcc.o
    0x08005578   0x00000020   Code   RO         5137    i.HAL_RCC_GetPCLK2Freq  stm32f4xx_hal_rcc.o
    0x08005598   0x000000b0   Code   RO         5138    i.HAL_RCC_GetSysClockFreq  stm32f4xx_hal_rcc.o
    0x08005648   0x00000448   Code   RO         5141    i.HAL_RCC_OscConfig  stm32f4xx_hal_rcc.o
    0x08005a90   0x00000034   Code   RO         3077    i.HAL_RNG_Init      stm32f4xx_hal_rng.o
    0x08005ac4   0x00000034   Code   RO          650    i.HAL_RNG_MspInit   rng.o
    0x08005af8   0x000000d8   Code   RO         3178    i.HAL_RTC_Init      stm32f4xx_hal_rtc.o
    0x08005bd0   0x00000018   Code   RO          692    i.HAL_RTC_MspInit   rtc.o
    0x08005be8   0x0000003a   Code   RO         3186    i.HAL_RTC_WaitForSynchro  stm32f4xx_hal_rtc.o
    0x08005c22   0x0000008c   Code   RO         3547    i.HAL_SPI_Init      stm32f4xx_hal_spi.o
    0x08005cae   0x00000002   PAD
    0x08005cb0   0x000001cc   Code   RO          734    i.HAL_SPI_MspInit   spi.o
    0x08005e7c   0x0000022a   Code   RO         3556    i.HAL_SPI_TransmitReceive  stm32f4xx_hal_spi.o
    0x080060a6   0x00000034   Code   RO         5928    i.HAL_SYSTICK_Config  stm32f4xx_hal_cortex.o
    0x080060da   0x00000074   Code   RO         4549    i.HAL_TIMEx_ConfigBreakDeadTime  stm32f4xx_hal_tim_ex.o
    0x0800614e   0x00000054   Code   RO         4564    i.HAL_TIMEx_MasterConfigSynchronization  stm32f4xx_hal_tim_ex.o
    0x080061a2   0x00000034   Code   RO         3860    i.HAL_TIM_Base_Init  stm32f4xx_hal_tim.o
    0x080061d6   0x00000002   PAD
    0x080061d8   0x0000011c   Code   RO          782    i.HAL_TIM_Base_MspInit  tim.o
    0x080062f4   0x0000002a   Code   RO         3863    i.HAL_TIM_Base_Start  stm32f4xx_hal_tim.o
    0x0800631e   0x00000108   Code   RO         3869    i.HAL_TIM_ConfigClockSource  stm32f4xx_hal_tim.o
    0x08006426   0x00000002   PAD
    0x08006428   0x000002c0   Code   RO          783    i.HAL_TIM_MspPostInit  tim.o
    0x080066e8   0x00000108   Code   RO         3927    i.HAL_TIM_PWM_ConfigChannel  stm32f4xx_hal_tim.o
    0x080067f0   0x00000034   Code   RO         3930    i.HAL_TIM_PWM_Init  stm32f4xx_hal_tim.o
    0x08006824   0x00000002   Code   RO         3932    i.HAL_TIM_PWM_MspInit  stm32f4xx_hal_tim.o
    0x08006826   0x00000002   PAD
    0x08006828   0x00000058   Code   RO         3935    i.HAL_TIM_PWM_Start  stm32f4xx_hal_tim.o
    0x08006880   0x00000066   Code   RO         4816    i.HAL_UART_DMAStop  stm32f4xx_hal_uart.o
    0x080068e6   0x00000002   Code   RO         4818    i.HAL_UART_ErrorCallback  stm32f4xx_hal_uart.o
    0x080068e8   0x0000014c   Code   RO         4821    i.HAL_UART_IRQHandler  stm32f4xx_hal_uart.o
    0x08006a34   0x00000072   Code   RO         4822    i.HAL_UART_Init     stm32f4xx_hal_uart.o
    0x08006aa6   0x00000002   PAD
    0x08006aa8   0x0000034c   Code   RO          860    i.HAL_UART_MspInit  usart.o
    0x08006df4   0x000000c4   Code   RO         4826    i.HAL_UART_Receive_DMA  stm32f4xx_hal_uart.o
    0x08006eb8   0x00000002   Code   RO         4828    i.HAL_UART_RxCpltCallback  stm32f4xx_hal_uart.o
    0x08006eba   0x00000002   Code   RO         4829    i.HAL_UART_RxHalfCpltCallback  stm32f4xx_hal_uart.o
    0x08006ebc   0x000000d6   Code   RO         4830    i.HAL_UART_Transmit  stm32f4xx_hal_uart.o
    0x08006f92   0x00000002   PAD
    0x08006f94   0x0000009c   Code   RO         4831    i.HAL_UART_Transmit_DMA  stm32f4xx_hal_uart.o
    0x08007030   0x00000002   Code   RO         4833    i.HAL_UART_TxCpltCallback  stm32f4xx_hal_uart.o
    0x08007032   0x00000002   Code   RO         4834    i.HAL_UART_TxHalfCpltCallback  stm32f4xx_hal_uart.o
    0x08007034   0x00000004   Code   RO         1309    i.HardFault_Handler  stm32f4xx_it.o
    0x08007038   0x00000020   Code   RO         8660    i.I2C2_DMA_transmit  bsp_i2c.o
    0x08007058   0x000000c0   Code   RO         8661    i.I2C2_tx_DMA_enable  bsp_i2c.o
    0x08007118   0x000000c0   Code   RO         8662    i.I2C2_tx_DMA_init  bsp_i2c.o
    0x080071d8   0x0000003e   Code   RO         2642    i.I2C_IsAcknowledgeFailed  stm32f4xx_hal_i2c.o
    0x08007216   0x00000002   PAD
    0x08007218   0x000000ac   Code   RO         2646    i.I2C_MasterRequestWrite  stm32f4xx_hal_i2c.o
    0x080072c4   0x00000138   Code   RO         2652    i.I2C_RequestMemoryRead  stm32f4xx_hal_i2c.o
    0x080073fc   0x000000cc   Code   RO         2653    i.I2C_RequestMemoryWrite  stm32f4xx_hal_i2c.o
    0x080074c8   0x000000fc   Code   RO         8663    i.I2C_TX_DMA_START  bsp_i2c.o
    0x080075c4   0x0000005c   Code   RO         2661    i.I2C_WaitOnBTFFlagUntilTimeout  stm32f4xx_hal_i2c.o
    0x08007620   0x00000086   Code   RO         2662    i.I2C_WaitOnFlagUntilTimeout  stm32f4xx_hal_i2c.o
    0x080076a6   0x000000c4   Code   RO         2663    i.I2C_WaitOnMasterAddressFlagUntilTimeout  stm32f4xx_hal_i2c.o
    0x0800776a   0x00000080   Code   RO         2664    i.I2C_WaitOnRXNEFlagUntilTimeout  stm32f4xx_hal_i2c.o
    0x080077ea   0x0000005c   Code   RO         2666    i.I2C_WaitOnTXEFlagUntilTimeout  stm32f4xx_hal_i2c.o
    0x08007846   0x00000002   PAD
    0x08007848   0x0000007c   Code   RO         9695    i.INS_cali_gyro     ins_task.o
    0x080078c4   0x00000048   Code   RO         9696    i.INS_set_cali_gyro  ins_task.o
    0x0800790c   0x00000304   Code   RO         9697    i.INS_task          ins_task.o
    0x08007c10   0x0000003e   Code   RO         1157    i.IntToUnicode      usbd_desc.o
    0x08007c4e   0x00000002   PAD
    0x08007c50   0x00000070   Code   RO          375    i.MX_ADC1_Init      adc.o
    0x08007cc0   0x00000070   Code   RO          376    i.MX_ADC3_Init      adc.o
    0x08007d30   0x00000044   Code   RO          423    i.MX_CAN1_Init      can.o
    0x08007d74   0x00000044   Code   RO          424    i.MX_CAN2_Init      can.o
    0x08007db8   0x00000020   Code   RO          472    i.MX_CRC_Init       crc.o
    0x08007dd8   0x000000b8   Code   RO          512    i.MX_DMA_Init       dma.o
    0x08007e90   0x00000124   Code   RO          536    i.MX_FREERTOS_Init  freertos.o
    0x08007fb4   0x00000254   Code   RO          349    i.MX_GPIO_Init      gpio.o
    0x08008208   0x0000003c   Code   RO          597    i.MX_I2C1_Init      i2c.o
    0x08008244   0x0000003c   Code   RO          598    i.MX_I2C2_Init      i2c.o
    0x08008280   0x0000003c   Code   RO          599    i.MX_I2C3_Init      i2c.o
    0x080082bc   0x00000020   Code   RO          651    i.MX_RNG_Init       rng.o
    0x080082dc   0x00000034   Code   RO          693    i.MX_RTC_Init       rtc.o
    0x08008310   0x00000048   Code   RO          735    i.MX_SPI1_Init      spi.o
    0x08008358   0x00000048   Code   RO          736    i.MX_SPI2_Init      spi.o
    0x080083a0   0x0000006c   Code   RO          784    i.MX_TIM10_Init     tim.o
    0x0800840c   0x0000010c   Code   RO          785    i.MX_TIM1_Init      tim.o
    0x08008518   0x000000a4   Code   RO          786    i.MX_TIM3_Init      tim.o
    0x080085bc   0x000000a4   Code   RO          787    i.MX_TIM4_Init      tim.o
    0x08008660   0x000000c4   Code   RO          788    i.MX_TIM5_Init      tim.o
    0x08008724   0x000000ec   Code   RO          789    i.MX_TIM8_Init      tim.o
    0x08008810   0x00000038   Code   RO          861    i.MX_USART1_UART_Init  usart.o
    0x08008848   0x0000003c   Code   RO          862    i.MX_USART3_UART_Init  usart.o
    0x08008884   0x00000038   Code   RO          863    i.MX_USART6_UART_Init  usart.o
    0x080088bc   0x0000004c   Code   RO          913    i.MX_USB_DEVICE_Init  usb_device.o
    0x08008908   0x00000004   Code   RO         1310    i.MemManage_Handler  stm32f4xx_it.o
    0x0800890c   0x00000002   Code   RO         1311    i.NMI_Handler       stm32f4xx_it.o
    0x0800890e   0x00000002   PAD
    0x08008910   0x0000001c   Code   RO        10364    i.OLED_LOGO         oled.o
    0x0800892c   0x00000010   Code   RO        10365    i.OLED_check_ack    oled.o
    0x0800893c   0x00000088   Code   RO        10370    i.OLED_draw_point   oled.o
    0x080089c4   0x000000f8   Code   RO        10371    i.OLED_init         oled.o
    0x08008abc   0x00000054   Code   RO        10372    i.OLED_operate_gram  oled.o
    0x08008b10   0x00000040   Code   RO        10373    i.OLED_printf       oled.o
    0x08008b50   0x00000020   Code   RO        10374    i.OLED_refresh_gram  oled.o
    0x08008b70   0x00000040   Code   RO        10375    i.OLED_set_pos      oled.o
    0x08008bb0   0x0000008c   Code   RO        10376    i.OLED_show_char    oled.o
    0x08008c3c   0x0000008a   Code   RO        10377    i.OLED_show_graphic  oled.o
    0x08008cc6   0x00000032   Code   RO        10378    i.OLED_show_string  oled.o
    0x08008cf8   0x00000010   Code   RO         1312    i.OTG_FS_IRQHandler  stm32f4xx_it.o
    0x08008d08   0x0000008c   Code   RO         1478    i.PCD_EP_OutSetupPacket_int  stm32f4xx_hal_pcd.o
    0x08008d94   0x00000180   Code   RO         1479    i.PCD_EP_OutXfrComplete_int  stm32f4xx_hal_pcd.o
    0x08008f14   0x000000b6   Code   RO         1480    i.PCD_WriteEmptyTxFifo  stm32f4xx_hal_pcd.o
    0x08008fca   0x00000002   PAD
    0x08008fcc   0x000001f0   Code   RO        11415    i.PID_calc          pid.o
    0x080091bc   0x0000004c   Code   RO        11416    i.PID_clear         pid.o
    0x08009208   0x00000060   Code   RO        11417    i.PID_init          pid.o
    0x08009268   0x00000374   Code   RO         8969    i.RC_cmd_to_calibrate  calibrate_task.o
    0x080095dc   0x00000050   Code   RO         8793    i.RC_restart        bsp_rc.o
    0x0800962c   0x00000018   Code   RO         8794    i.RC_unable         bsp_rc.o
    0x08009644   0x0000003e   Code   RO         3189    i.RTC_EnterInitMode  stm32f4xx_hal_rtc.o
    0x08009682   0x00000002   PAD
    0x08009684   0x0000273c   Code   RO         8864    i.SPI1_DMA_enable   bsp_spi.o
    0x0800bdc0   0x00000180   Code   RO         8865    i.SPI1_DMA_init     bsp_spi.o
    0x0800bf40   0x0000006c   Code   RO         3585    i.SPI_EndRxTxTransaction  stm32f4xx_hal_spi.o
    0x0800bfac   0x000000a8   Code   RO         3590    i.SPI_WaitFlagStateUntilTimeout  stm32f4xx_hal_spi.o
    0x0800c054   0x0000000c   Code   RO         1313    i.SysTick_Handler   stm32f4xx_it.o
    0x0800c060   0x000000d4   Code   RO           14    i.SystemClock_Config  main.o
    0x0800c134   0x00000064   Code   RO         6308    i.SystemInit        system_stm32f4xx.o
    0x0800c198   0x000000d8   Code   RO         3948    i.TIM_Base_SetConfig  stm32f4xx_hal_tim.o
    0x0800c270   0x00000022   Code   RO         3949    i.TIM_CCxChannelCmd  stm32f4xx_hal_tim.o
    0x0800c292   0x00000016   Code   RO         3959    i.TIM_ETR_SetConfig  stm32f4xx_hal_tim.o
    0x0800c2a8   0x00000012   Code   RO         3960    i.TIM_ITRx_SetConfig  stm32f4xx_hal_tim.o
    0x0800c2ba   0x00000002   PAD
    0x0800c2bc   0x00000070   Code   RO         3961    i.TIM_OC1_SetConfig  stm32f4xx_hal_tim.o
    0x0800c32c   0x0000007c   Code   RO         3962    i.TIM_OC2_SetConfig  stm32f4xx_hal_tim.o
    0x0800c3a8   0x00000078   Code   RO         3963    i.TIM_OC3_SetConfig  stm32f4xx_hal_tim.o
    0x0800c420   0x00000054   Code   RO         3964    i.TIM_OC4_SetConfig  stm32f4xx_hal_tim.o
    0x0800c474   0x00000026   Code   RO         3966    i.TIM_TI1_ConfigInputStage  stm32f4xx_hal_tim.o
    0x0800c49a   0x00000028   Code   RO         3968    i.TIM_TI2_ConfigInputStage  stm32f4xx_hal_tim.o
    0x0800c4c2   0x00000014   Code   RO         4835    i.UART_DMAAbortOnError  stm32f4xx_hal_uart.o
    0x0800c4d6   0x00000050   Code   RO         4836    i.UART_DMAError     stm32f4xx_hal_uart.o
    0x0800c526   0x00000046   Code   RO         4837    i.UART_DMAReceiveCplt  stm32f4xx_hal_uart.o
    0x0800c56c   0x0000000e   Code   RO         4839    i.UART_DMARxHalfCplt  stm32f4xx_hal_uart.o
    0x0800c57a   0x00000036   Code   RO         4841    i.UART_DMATransmitCplt  stm32f4xx_hal_uart.o
    0x0800c5b0   0x0000000e   Code   RO         4843    i.UART_DMATxHalfCplt  stm32f4xx_hal_uart.o
    0x0800c5be   0x00000020   Code   RO         4845    i.UART_EndRxTransfer  stm32f4xx_hal_uart.o
    0x0800c5de   0x00000020   Code   RO         4846    i.UART_EndTransmit_IT  stm32f4xx_hal_uart.o
    0x0800c5fe   0x00000014   Code   RO         4847    i.UART_EndTxTransfer  stm32f4xx_hal_uart.o
    0x0800c612   0x000000a6   Code   RO         4848    i.UART_Receive_IT   stm32f4xx_hal_uart.o
    0x0800c6b8   0x00000368   Code   RO         4849    i.UART_SetConfig    stm32f4xx_hal_uart.o
    0x0800ca20   0x00000068   Code   RO         4850    i.UART_Transmit_IT  stm32f4xx_hal_uart.o
    0x0800ca88   0x0000006c   Code   RO         4851    i.UART_WaitOnFlagUntilTimeout  stm32f4xx_hal_uart.o
    0x0800caf4   0x00000038   Code   RO        10294    i.USART1_IRQHandler  aim_assist_control.o
    0x0800cb2c   0x00000138   Code   RO         9980    i.USART3_IRQHandler  remote_control.o
    0x0800cc64   0x00000130   Code   RO         9935    i.USART6_IRQHandler  referee_usart_task.o
    0x0800cd94   0x0000007c   Code   RO         8132    i.USBD_CDC_DataIn   usbd_cdc.o
    0x0800ce10   0x00000034   Code   RO         8133    i.USBD_CDC_DataOut  usbd_cdc.o
    0x0800ce44   0x0000004e   Code   RO         8134    i.USBD_CDC_DeInit   usbd_cdc.o
    0x0800ce92   0x00000032   Code   RO         8135    i.USBD_CDC_EP0_RxReady  usbd_cdc.o
    0x0800cec4   0x00000010   Code   RO         8136    i.USBD_CDC_GetDeviceQualifierDescriptor  usbd_cdc.o
    0x0800ced4   0x00000010   Code   RO         8137    i.USBD_CDC_GetFSCfgDesc  usbd_cdc.o
    0x0800cee4   0x00000010   Code   RO         8138    i.USBD_CDC_GetHSCfgDesc  usbd_cdc.o
    0x0800cef4   0x00000010   Code   RO         8139    i.USBD_CDC_GetOtherSpeedCfgDesc  usbd_cdc.o
    0x0800cf04   0x000000b8   Code   RO         8140    i.USBD_CDC_Init     usbd_cdc.o
    0x0800cfbc   0x0000003a   Code   RO         8141    i.USBD_CDC_ReceivePacket  usbd_cdc.o
    0x0800cff6   0x0000000e   Code   RO         8142    i.USBD_CDC_RegisterInterface  usbd_cdc.o
    0x0800d004   0x0000000e   Code   RO         8143    i.USBD_CDC_SetRxBuffer  usbd_cdc.o
    0x0800d012   0x00000014   Code   RO         8144    i.USBD_CDC_SetTxBuffer  usbd_cdc.o
    0x0800d026   0x000000f4   Code   RO         8145    i.USBD_CDC_Setup    usbd_cdc.o
    0x0800d11a   0x00000016   Code   RO         7839    i.USBD_ClrClassConfig  usbd_core.o
    0x0800d130   0x0000003e   Code   RO         7977    i.USBD_ClrFeature   usbd_ctlreq.o
    0x0800d16e   0x00000018   Code   RO         8072    i.USBD_CtlContinueRx  usbd_ioreq.o
    0x0800d186   0x00000018   Code   RO         8073    i.USBD_CtlContinueSendData  usbd_ioreq.o
    0x0800d19e   0x00000018   Code   RO         7978    i.USBD_CtlError     usbd_ctlreq.o
    0x0800d1b6   0x00000028   Code   RO         8074    i.USBD_CtlPrepareRx  usbd_ioreq.o
    0x0800d1de   0x0000001a   Code   RO         8075    i.USBD_CtlReceiveStatus  usbd_ioreq.o
    0x0800d1f8   0x00000022   Code   RO         8076    i.USBD_CtlSendData  usbd_ioreq.o
    0x0800d21a   0x0000001a   Code   RO         8077    i.USBD_CtlSendStatus  usbd_ioreq.o
    0x0800d234   0x00000034   Code   RO         1158    i.USBD_FS_ConfigStrDescriptor  usbd_desc.o
    0x0800d268   0x00000010   Code   RO         1159    i.USBD_FS_DeviceDescriptor  usbd_desc.o
    0x0800d278   0x00000038   Code   RO         1160    i.USBD_FS_InterfaceStrDescriptor  usbd_desc.o
    0x0800d2b0   0x00000010   Code   RO         1161    i.USBD_FS_LangIDStrDescriptor  usbd_desc.o
    0x0800d2c0   0x0000002c   Code   RO         1162    i.USBD_FS_ManufacturerStrDescriptor  usbd_desc.o
    0x0800d2ec   0x00000040   Code   RO         1163    i.USBD_FS_ProductStrDescriptor  usbd_desc.o
    0x0800d32c   0x00000018   Code   RO         1164    i.USBD_FS_SerialStrDescriptor  usbd_desc.o
    0x0800d344   0x00000056   Code   RO         7979    i.USBD_GetConfig    usbd_ctlreq.o
    0x0800d39a   0x00000152   Code   RO         7980    i.USBD_GetDescriptor  usbd_ctlreq.o
    0x0800d4ec   0x00000014   Code   RO         7981    i.USBD_GetLen       usbd_ctlreq.o
    0x0800d500   0x0000005a   Code   RO         7982    i.USBD_GetStatus    usbd_ctlreq.o
    0x0800d55a   0x00000052   Code   RO         7983    i.USBD_GetString    usbd_ctlreq.o
    0x0800d5ac   0x0000002c   Code   RO          974    i.USBD_Get_USB_Status  usbd_conf.o
    0x0800d5d8   0x00000032   Code   RO         7841    i.USBD_Init         usbd_core.o
    0x0800d60a   0x00000026   Code   RO          975    i.USBD_LL_ClearStallEP  usbd_conf.o
    0x0800d630   0x00000026   Code   RO          976    i.USBD_LL_CloseEP   usbd_conf.o
    0x0800d656   0x00000100   Code   RO         7842    i.USBD_LL_DataInStage  usbd_core.o
    0x0800d756   0x000000a6   Code   RO         7843    i.USBD_LL_DataOutStage  usbd_core.o
    0x0800d7fc   0x00000006   Code   RO         7844    i.USBD_LL_DevConnected  usbd_core.o
    0x0800d802   0x0000001a   Code   RO         7845    i.USBD_LL_DevDisconnected  usbd_core.o
    0x0800d81c   0x00000012   Code   RO          980    i.USBD_LL_GetRxDataSize  usbd_conf.o
    0x0800d82e   0x00000002   PAD
    0x0800d830   0x00000068   Code   RO          981    i.USBD_LL_Init      usbd_conf.o
    0x0800d898   0x00000038   Code   RO          982    i.USBD_LL_IsStallEP  usbd_conf.o
    0x0800d8d0   0x00000006   Code   RO         7846    i.USBD_LL_IsoINIncomplete  usbd_core.o
    0x0800d8d6   0x00000006   Code   RO         7847    i.USBD_LL_IsoOUTIncomplete  usbd_core.o
    0x0800d8dc   0x00000030   Code   RO          983    i.USBD_LL_OpenEP    usbd_conf.o
    0x0800d90c   0x00000030   Code   RO          984    i.USBD_LL_PrepareReceive  usbd_conf.o
    0x0800d93c   0x0000005c   Code   RO         7848    i.USBD_LL_Reset     usbd_core.o
    0x0800d998   0x0000000e   Code   RO         7849    i.USBD_LL_Resume    usbd_core.o
    0x0800d9a6   0x00000022   Code   RO         7850    i.USBD_LL_SOF       usbd_core.o
    0x0800d9c8   0x00000008   Code   RO         7851    i.USBD_LL_SetSpeed  usbd_core.o
    0x0800d9d0   0x00000026   Code   RO          985    i.USBD_LL_SetUSBAddress  usbd_conf.o
    0x0800d9f6   0x0000006e   Code   RO         7852    i.USBD_LL_SetupStage  usbd_core.o
    0x0800da64   0x00000026   Code   RO          986    i.USBD_LL_StallEP   usbd_conf.o
    0x0800da8a   0x0000001e   Code   RO          987    i.USBD_LL_Start     usbd_conf.o
    0x0800daa8   0x00000014   Code   RO         7853    i.USBD_LL_Suspend   usbd_core.o
    0x0800dabc   0x00000030   Code   RO          989    i.USBD_LL_Transmit  usbd_conf.o
    0x0800daec   0x00000028   Code   RO         7984    i.USBD_ParseSetupRequest  usbd_ctlreq.o
    0x0800db14   0x00000010   Code   RO         7854    i.USBD_RegisterClass  usbd_core.o
    0x0800db24   0x00000006   Code   RO         7855    i.USBD_RunTestMode  usbd_core.o
    0x0800db2a   0x0000005a   Code   RO         7985    i.USBD_SetAddress   usbd_ctlreq.o
    0x0800db84   0x00000022   Code   RO         7856    i.USBD_SetClassConfig  usbd_core.o
    0x0800dba6   0x00000002   PAD
    0x0800dba8   0x000000e8   Code   RO         7986    i.USBD_SetConfig    usbd_ctlreq.o
    0x0800dc90   0x00000018   Code   RO         7987    i.USBD_SetFeature   usbd_ctlreq.o
    0x0800dca8   0x0000000e   Code   RO         7857    i.USBD_Start        usbd_core.o
    0x0800dcb6   0x000000a2   Code   RO         7988    i.USBD_StdDevReq    usbd_ctlreq.o
    0x0800dd58   0x00000238   Code   RO         7989    i.USBD_StdEPReq     usbd_ctlreq.o
    0x0800df90   0x0000007e   Code   RO         7990    i.USBD_StdItfReq    usbd_ctlreq.o
    0x0800e00e   0x00000002   PAD
    0x0800e010   0x000000d0   Code   RO         1714    i.USB_ActivateEndpoint  stm32f4xx_ll_usb.o
    0x0800e0e0   0x00000046   Code   RO         1716    i.USB_ActivateSetup  stm32f4xx_ll_usb.o
    0x0800e126   0x00000002   PAD
    0x0800e128   0x00000084   Code   RO         1718    i.USB_CoreInit      stm32f4xx_ll_usb.o
    0x0800e1ac   0x0000004c   Code   RO         1719    i.USB_CoreReset     stm32f4xx_ll_usb.o
    0x0800e1f8   0x000000c4   Code   RO         1722    i.USB_DeactivateEndpoint  stm32f4xx_ll_usb.o
    0x0800e2bc   0x00000020   Code   RO         1723    i.USB_DevConnect    stm32f4xx_ll_usb.o
    0x0800e2dc   0x00000020   Code   RO         1724    i.USB_DevDisconnect  stm32f4xx_ll_usb.o
    0x0800e2fc   0x000001f4   Code   RO         1725    i.USB_DevInit       stm32f4xx_ll_usb.o
    0x0800e4f0   0x0000000e   Code   RO         1726    i.USB_DisableGlobalInt  stm32f4xx_ll_usb.o
    0x0800e4fe   0x00000002   PAD
    0x0800e500   0x000001d8   Code   RO         1729    i.USB_EP0StartXfer  stm32f4xx_ll_usb.o
    0x0800e6d8   0x00000070   Code   RO         1730    i.USB_EP0_OutStart  stm32f4xx_ll_usb.o
    0x0800e748   0x0000008e   Code   RO         1731    i.USB_EPClearStall  stm32f4xx_ll_usb.o
    0x0800e7d6   0x0000009a   Code   RO         1732    i.USB_EPSetStall    stm32f4xx_ll_usb.o
    0x0800e870   0x00000344   Code   RO         1733    i.USB_EPStartXfer   stm32f4xx_ll_usb.o
    0x0800ebb4   0x0000000e   Code   RO         1734    i.USB_EnableGlobalInt  stm32f4xx_ll_usb.o
    0x0800ebc2   0x00000002   PAD
    0x0800ebc4   0x0000002c   Code   RO         1735    i.USB_FlushRxFifo   stm32f4xx_ll_usb.o
    0x0800ebf0   0x00000030   Code   RO         1736    i.USB_FlushTxFifo   stm32f4xx_ll_usb.o
    0x0800ec20   0x00000026   Code   RO         1738    i.USB_GetDevSpeed   stm32f4xx_ll_usb.o
    0x0800ec46   0x0000000a   Code   RO         1740    i.USB_GetMode       stm32f4xx_ll_usb.o
    0x0800ec50   0x00000014   Code   RO         1747    i.USB_ReadDevAllInEpInterrupt  stm32f4xx_ll_usb.o
    0x0800ec64   0x00000014   Code   RO         1748    i.USB_ReadDevAllOutEpInterrupt  stm32f4xx_ll_usb.o
    0x0800ec78   0x00000032   Code   RO         1749    i.USB_ReadDevInEPInterrupt  stm32f4xx_ll_usb.o
    0x0800ecaa   0x0000001a   Code   RO         1750    i.USB_ReadDevOutEPInterrupt  stm32f4xx_ll_usb.o
    0x0800ecc4   0x0000000a   Code   RO         1751    i.USB_ReadInterrupts  stm32f4xx_ll_usb.o
    0x0800ecce   0x00000022   Code   RO         1752    i.USB_ReadPacket    stm32f4xx_ll_usb.o
    0x0800ecf0   0x00000036   Code   RO         1754    i.USB_SetCurrentMode  stm32f4xx_ll_usb.o
    0x0800ed26   0x0000002a   Code   RO         1755    i.USB_SetDevAddress  stm32f4xx_ll_usb.o
    0x0800ed50   0x00000012   Code   RO         1756    i.USB_SetDevSpeed   stm32f4xx_ll_usb.o
    0x0800ed62   0x00000002   PAD
    0x0800ed64   0x000000e8   Code   RO         1757    i.USB_SetTurnaroundTime  stm32f4xx_ll_usb.o
    0x0800ee4c   0x0000003c   Code   RO         1760    i.USB_WritePacket   stm32f4xx_ll_usb.o
    0x0800ee88   0x00000004   Code   RO         1314    i.UsageFault_Handler  stm32f4xx_it.o
    0x0800ee8c   0x0000012c   Code   RO        10295    i.Usart1Receive_IDLE  aim_assist_control.o
    0x0800efb8   0x00000028   Code   RO        12010    i.__0sprintf        mc_w.l(printfa.o)
    0x0800efe0   0x00000024   Code   RO        12014    i.__0vsprintf       mc_w.l(printfa.o)
    0x0800f004   0x00000026   Code   RO        12074    i.__ARM_fpclassifyf  m_wm.l(fpclassifyf.o)
    0x0800f02a   0x00000002   PAD
    0x0800f02c   0x00000010   Code   RO         5930    i.__NVIC_GetPriorityGrouping  stm32f4xx_hal_cortex.o
    0x0800f03c   0x00000028   Code   RO         5931    i.__NVIC_SetPriority  stm32f4xx_hal_cortex.o
    0x0800f064   0x00000006   Code   RO        11136    i.__get_PRIMASK     fifo.o
    0x0800f06a   0x00000002   PAD
    0x0800f06c   0x0000012c   Code   RO        11706    i.__hardfp_asinf    m_wm.l(asinf.o)
    0x0800f198   0x00000250   Code   RO        11718    i.__hardfp_atan2f   m_wm.l(atan2f.o)
    0x0800f3e8   0x00000014   Code   RO        11730    i.__hardfp_fabs     m_wm.l(fabs.o)
    0x0800f3fc   0x0000003a   Code   RO        11748    i.__hardfp_sqrtf    m_wm.l(sqrtf_full.o)
    0x0800f436   0x00000006   Code   RO        12077    i.__mathlib_flt_infnan  m_wm.l(funder.o)
    0x0800f43c   0x00000006   Code   RO        12078    i.__mathlib_flt_infnan2  m_wm.l(funder.o)
    0x0800f442   0x00000002   PAD
    0x0800f444   0x00000010   Code   RO        12079    i.__mathlib_flt_invalid  m_wm.l(funder.o)
    0x0800f454   0x00000010   Code   RO        12082    i.__mathlib_flt_underflow  m_wm.l(funder.o)
    0x0800f464   0x0000000e   Code   RO        12144    i.__scatterload_copy  mc_w.l(handlers.o)
    0x0800f472   0x00000002   Code   RO        12145    i.__scatterload_null  mc_w.l(handlers.o)
    0x0800f474   0x0000000e   Code   RO        12146    i.__scatterload_zeroinit  mc_w.l(handlers.o)
    0x0800f482   0x00000006   Code   RO        11137    i.__set_PRIMASK     fifo.o
    0x0800f488   0x0000000c   Code   RO        12122    i.__set_errno       mc_w.l(errno.o)
    0x0800f494   0x00000184   Code   RO        12015    i._fp_digits        mc_w.l(printfa.o)
    0x0800f618   0x000006dc   Code   RO        12016    i._printf_core      mc_w.l(printfa.o)
    0x0800fcf4   0x00000024   Code   RO        12017    i._printf_post_padding  mc_w.l(printfa.o)
    0x0800fd18   0x0000002e   Code   RO        12018    i._printf_pre_padding  mc_w.l(printfa.o)
    0x0800fd46   0x0000000a   Code   RO        12020    i._sputc            mc_w.l(printfa.o)
    0x0800fd50   0x00000068   Code   RO         8763    i.aRGB_led_show     bsp_led.o
    0x0800fdb8   0x00000030   Code   RO        10976    i.abs_limit         user_lib.o
    0x0800fde8   0x000001d0   Code   RO        11451    i.accel_comple_filter  AHRS.lib(ahrs.o)
    0x0800ffb8   0x0000018c   Code   RO        11452    i.accel_update_kp_ki  AHRS.lib(ahrs.o)
    0x08010144   0x0000003c   Code   RO         8237    i.adcx_get_chx_value  bsp_adc.o
    0x08010180   0x0000003c   Code   RO        10296    i.aim_assistant_control_init  aim_assist_control.o
    0x080101bc   0x0000016c   Code   RO        11453    i.angle_to_quat     AHRS.lib(ahrs.o)
    0x08010328   0x00000044   Code   RO        10200    i.battery_voltage_task  voltage_task.o
    0x0801036c   0x00000134   Code   RO        10499    i.bmi088_accel_init  bmi088driver.o
    0x080104a0   0x000002fc   Code   RO        10500    i.bmi088_accel_self_test  bmi088driver.o
    0x0801079c   0x000000f4   Code   RO        10501    i.bmi088_gyro_init  bmi088driver.o
    0x08010890   0x000000d0   Code   RO        10502    i.bmi088_gyro_self_test  bmi088driver.o
    0x08010960   0x0000013c   Code   RO         8664    i.bsp_I2C_check_ack  bsp_i2c.o
    0x08010a9c   0x0000004c   Code   RO         8665    i.bsp_I2C_master_transmit  bsp_i2c.o
    0x08010ae8   0x00000010   Code   RO         8384    i.buzzer_off        bsp_buzzer.o
    0x08010af8   0x00000014   Code   RO         8385    i.buzzer_on         bsp_buzzer.o
    0x08010b0c   0x0000007c   Code   RO        10112    i.buzzer_warn_error  test_task.o
    0x08010b88   0x000000e8   Code   RO        10201    i.calc_battery_percentage  voltage_task.o
    0x08010c70   0x00000180   Code   RO         9533    i.calc_gimbal_cali  gimbal_task.o
    0x08010df0   0x000000ec   Code   RO         8970    i.cali_data_read    calibrate_task.o
    0x08010edc   0x0000008c   Code   RO         8971    i.cali_data_write   calibrate_task.o
    0x08010f68   0x0000006c   Code   RO         8972    i.cali_gimbal_hook  calibrate_task.o
    0x08010fd4   0x00000064   Code   RO         8973    i.cali_gyro_hook    calibrate_task.o
    0x08011038   0x00000046   Code   RO         8974    i.cali_head_hook    calibrate_task.o
    0x0801107e   0x00000002   PAD
    0x08011080   0x000000b8   Code   RO         8975    i.cali_param_init   calibrate_task.o
    0x08011138   0x00000148   Code   RO         8976    i.calibrate_task    calibrate_task.o
    0x08011280   0x0000005c   Code   RO         8418    i.can_filter_init   bsp_can.o
    0x080112dc   0x00000118   Code   RO         9534    i.cmd_cali_gimbal_hook  gimbal_task.o
    0x080113f4   0x00000030   Code   RO         8484    i.delay_init        bsp_delay.o
    0x08011424   0x00000050   Code   RO         8486    i.delay_us          bsp_delay.o
    0x08011474   0x00000124   Code   RO         9403    i.detect_hook       detect_task.o
    0x08011598   0x0000003a   Code   RO        11155    i.fifo_s_get        fifo.o
    0x080115d2   0x00000016   Code   RO        11158    i.fifo_s_init       fifo.o
    0x080115e8   0x000000a0   Code   RO        11164    i.fifo_s_puts       fifo.o
    0x08011688   0x00000006   Code   RO        11166    i.fifo_s_used       fifo.o
    0x0801168e   0x0000002e   Code   RO         8522    i.flash_erase_address  bsp_flash.o
    0x080116bc   0x00000014   Code   RO         8523    i.flash_read        bsp_flash.o
    0x080116d0   0x00000098   Code   RO         8525    i.flash_write_single_address  bsp_flash.o
    0x08011768   0x00000050   Code   RO        12036    i.free              mc_w.l(malloc.o)
    0x080117b8   0x0000000c   Code   RO         8579    i.fric1_on          bsp_fric.o
    0x080117c4   0x0000000c   Code   RO         8580    i.fric2_on          bsp_fric.o
    0x080117d0   0x0000000c   Code   RO         8581    i.fric3_on          bsp_fric.o
    0x080117dc   0x0000000c   Code   RO         8582    i.fric4_on          bsp_fric.o
    0x080117e8   0x000000f4   Code   RO         8526    i.ger_sector        bsp_flash.o
    0x080118dc   0x00000034   Code   RO        11077    i.get_CRC16_check_sum  crc8_crc16.o
    0x08011910   0x00000024   Code   RO        11078    i.get_CRC8_check_sum  crc8_crc16.o
    0x08011934   0x00000008   Code   RO         9698    i.get_INS_angle_point  ins_task.o
    0x0801193c   0x000000e8   Code   RO        11454    i.get_angle         AHRS.lib(ahrs.o)
    0x08011a24   0x00000024   Code   RO        10202    i.get_battery_percentage  voltage_task.o
    0x08011a48   0x00000048   Code   RO         8238    i.get_battery_voltage  bsp_adc.o
    0x08011a90   0x0000000c   Code   RO         8977    i.get_control_temperature  calibrate_task.o
    0x08011a9c   0x00000008   Code   RO         9406    i.get_error_list_point  detect_task.o
    0x08011aa4   0x00000008   Code   RO         9535    i.get_gimbal_control_point  gimbal_task.o
    0x08011aac   0x00000008   Code   RO         9701    i.get_gyro_data_point  ins_task.o
    0x08011ab4   0x000000e8   Code   RO         8527    i.get_next_flash_address  bsp_flash.o
    0x08011b9c   0x00000008   Code   RO         9106    i.get_pitch_gimbal_motor_measure_point  can_receive.o
    0x08011ba4   0x00000008   Code   RO         9981    i.get_remote_control_point  remote_control.o
    0x08011bac   0x0000000c   Code   RO         9864    i.get_robot_remain_HP  referee.o
    0x08011bb8   0x00000018   Code   RO         9865    i.get_shoot_heat0_limit_and_heat0  referee.o
    0x08011bd0   0x0000005c   Code   RO         8240    i.get_temprate      bsp_adc.o
    0x08011c2c   0x00000008   Code   RO         9107    i.get_trigger_dual_motor_measure_point  can_receive.o
    0x08011c34   0x00000008   Code   RO         9108    i.get_trigger_motor_measure_point  can_receive.o
    0x08011c3c   0x00000008   Code   RO         9110    i.get_yaw_gimbal_motor_measure_point  can_receive.o
    0x08011c44   0x000000bc   Code   RO         9540    i.gimbal_PID_calc   gimbal_task.o
    0x08011d00   0x00000030   Code   RO         9541    i.gimbal_PID_clear  gimbal_task.o
    0x08011d30   0x00000030   Code   RO         9542    i.gimbal_PID_init   gimbal_task.o
    0x08011d60   0x000001fc   Code   RO         9446    i.gimbal_absolute_angle_control  gimbal_behaviour.o
    0x08011f5c   0x000000f4   Code   RO         9543    i.gimbal_absolute_angle_limit  gimbal_task.o
    0x08012050   0x000000d4   Code   RO         9447    i.gimbal_aim_assist_control  gimbal_behaviour.o
    0x08012124   0x000000a0   Code   RO         9448    i.gimbal_behaviour_control_set  gimbal_behaviour.o
    0x080121c4   0x000000a0   Code   RO         9449    i.gimbal_behaviour_mode_set  gimbal_behaviour.o
    0x08012264   0x000001b0   Code   RO         9450    i.gimbal_behavour_set  gimbal_behaviour.o
    0x08012414   0x000001d0   Code   RO         9451    i.gimbal_cali_control  gimbal_behaviour.o
    0x080125e4   0x00000024   Code   RO         9453    i.gimbal_cmd_to_shoot_stop  gimbal_behaviour.o
    0x08012608   0x00000070   Code   RO         9544    i.gimbal_control_loop  gimbal_task.o
    0x08012678   0x00000084   Code   RO         9545    i.gimbal_feedback_update  gimbal_task.o
    0x080126fc   0x00000180   Code   RO         9546    i.gimbal_init       gimbal_task.o
    0x0801287c   0x000000c4   Code   RO         9454    i.gimbal_init_control  gimbal_behaviour.o
    0x08012940   0x00000178   Code   RO         9547    i.gimbal_mode_change_control_transit  gimbal_task.o
    0x08012ab8   0x00000020   Code   RO         9455    i.gimbal_motionless_control  gimbal_behaviour.o
    0x08012ad8   0x0000005c   Code   RO         9548    i.gimbal_motor_absolute_angle_control  gimbal_task.o
    0x08012b34   0x00000022   Code   RO         9549    i.gimbal_motor_raw_angle_control  gimbal_task.o
    0x08012b56   0x0000005e   Code   RO         9550    i.gimbal_motor_relative_angle_control  gimbal_task.o
    0x08012bb4   0x000000d4   Code   RO         9456    i.gimbal_relative_angle_control  gimbal_behaviour.o
    0x08012c88   0x0000004a   Code   RO         9551    i.gimbal_relative_angle_limit  gimbal_task.o
    0x08012cd2   0x00000002   PAD
    0x08012cd4   0x000000a0   Code   RO         9552    i.gimbal_set_control  gimbal_task.o
    0x08012d74   0x00000012   Code   RO         9553    i.gimbal_set_mode   gimbal_task.o
    0x08012d86   0x00000002   PAD
    0x08012d88   0x000000dc   Code   RO         9554    i.gimbal_task       gimbal_task.o
    0x08012e64   0x00000020   Code   RO         9457    i.gimbal_zero_force_control  gimbal_behaviour.o
    0x08012e84   0x00000054   Code   RO         9703    i.gyro_offset_calc  ins_task.o
    0x08012ed8   0x0000012c   Code   RO         9704    i.imu_cali_slove    ins_task.o
    0x08013004   0x000001a8   Code   RO         9705    i.imu_cmd_spi_dma   ins_task.o
    0x080131ac   0x0000000c   Code   RO         8631    i.imu_pwm_set       bsp_imu_pwm.o
    0x080131b8   0x000000b8   Code   RO         9706    i.imu_temp_control  ins_task.o
    0x08013270   0x000000b8   Code   RO         9867    i.init_referee_struct_data  referee.o
    0x08013328   0x00000040   Code   RO         8241    i.init_vrefint_reciprocal  bsp_adc.o
    0x08013368   0x00000002   Code   RO        10727    i.ist8310_GPIO_init  ist8310driver_middleware.o
    0x0801336a   0x00000002   PAD
    0x0801336c   0x00000028   Code   RO        10729    i.ist8310_IIC_read_single_reg  ist8310driver_middleware.o
    0x08013394   0x00000028   Code   RO        10731    i.ist8310_IIC_write_single_reg  ist8310driver_middleware.o
    0x080133bc   0x00000014   Code   RO        10732    i.ist8310_RST_H     ist8310driver_middleware.o
    0x080133d0   0x00000014   Code   RO        10733    i.ist8310_RST_L     ist8310driver_middleware.o
    0x080133e4   0x00000002   Code   RO        10734    i.ist8310_com_init  ist8310driver_middleware.o
    0x080133e6   0x0000000c   Code   RO        10735    i.ist8310_delay_ms  ist8310driver_middleware.o
    0x080133f2   0x00000002   PAD
    0x080133f4   0x00000094   Code   RO        10695    i.ist8310_init      ist8310driver.o
    0x08013488   0x00000010   Code   RO         8729    i.laser_off         bsp_laser.o
    0x08013498   0x00000010   Code   RO         8730    i.laser_on          bsp_laser.o
    0x080134a8   0x000001b0   Code   RO        10238    i.led_RGB_flow_task  led_flow_task.o
    0x08013658   0x00000060   Code   RO        10984    i.loop_fp32_constrain  user_lib.o
    0x080136b8   0x00000084   Code   RO           15    i.main              main.o
    0x0801373c   0x0000000e   Code   RO         7331    i.makeFreeRtosPriority  cmsis_os.o
    0x0801374a   0x00000002   PAD
    0x0801374c   0x0000006c   Code   RO        12037    i.malloc            mc_w.l(malloc.o)
    0x080137b8   0x00000034   Code   RO         9555    i.motor_ecd_to_angle_change  gimbal_task.o
    0x080137ec   0x00000214   Code   RO         9828    i.oled_task         oled_task.o
    0x08013a00   0x00000030   Code   RO        10379    i.oled_write_byte   oled.o
    0x08013a30   0x00000018   Code   RO         7333    i.osDelay           cmsis_os.o
    0x08013a48   0x0000000a   Code   RO         7336    i.osKernelStart     cmsis_os.o
    0x08013a52   0x00000010   Code   RO         7369    i.osSystickHandler  cmsis_os.o
    0x08013a62   0x0000005e   Code   RO         7370    i.osThreadCreate    cmsis_os.o
    0x08013ac0   0x00000030   Code   RO         6828    i.pcTaskGetName     tasks.o
    0x08013af0   0x000000a4   Code   RO         6829    i.prvAddCurrentTaskToDelayedList  tasks.o
    0x08013b94   0x000000b4   Code   RO         6830    i.prvAddNewTaskToReadyList  tasks.o
    0x08013c48   0x00000074   Code   RO         7178    i.prvCheckForValidListAndQueue  timers.o
    0x08013cbc   0x00000048   Code   RO         6831    i.prvCheckTasksWaitingTermination  tasks.o
    0x08013d04   0x0000002a   Code   RO         6485    i.prvCopyDataFromQueue  queue.o
    0x08013d2e   0x0000007c   Code   RO         6486    i.prvCopyDataToQueue  queue.o
    0x08013daa   0x00000050   Code   RO         6832    i.prvDeleteTCB      tasks.o
    0x08013dfa   0x00000002   PAD
    0x08013dfc   0x00000028   Code   RO         7179    i.prvGetNextExpireTime  timers.o
    0x08013e24   0x0000007c   Code   RO         7710    i.prvHeapInit       heap_4.o
    0x08013ea0   0x00000028   Code   RO         6833    i.prvIdleTask       tasks.o
    0x08013ec8   0x00000026   Code   RO         6489    i.prvInitialiseNewQueue  queue.o
    0x08013eee   0x000000b8   Code   RO         6834    i.prvInitialiseNewTask  tasks.o
    0x08013fa6   0x00000002   PAD
    0x08013fa8   0x00000068   Code   RO         6835    i.prvInitialiseTaskLists  tasks.o
    0x08014010   0x00000068   Code   RO         7711    i.prvInsertBlockIntoFreeList  heap_4.o
    0x08014078   0x00000058   Code   RO         7181    i.prvInsertTimerInActiveList  timers.o
    0x080140d0   0x0000001a   Code   RO         6490    i.prvIsQueueEmpty   queue.o
    0x080140ea   0x0000001e   Code   RO         6491    i.prvIsQueueFull    queue.o
    0x08014108   0x00000064   Code   RO         7182    i.prvProcessExpiredTimer  timers.o
    0x0801416c   0x00000128   Code   RO         7183    i.prvProcessReceivedCommands  timers.o
    0x08014294   0x00000074   Code   RO         7184    i.prvProcessTimerOrBlockTask  timers.o
    0x08014308   0x00000034   Code   RO         6836    i.prvResetNextTaskUnblockTime  tasks.o
    0x0801433c   0x0000002c   Code   RO         7185    i.prvSampleTimeNow  timers.o
    0x08014368   0x0000009e   Code   RO         6837    i.prvSearchForNameWithinSingleList  tasks.o
    0x08014406   0x00000002   PAD
    0x08014408   0x000000a0   Code   RO         7186    i.prvSwitchTimerLists  timers.o
    0x080144a8   0x00000016   Code   RO         6838    i.prvTaskCheckFreeStackSpace  tasks.o
    0x080144be   0x00000002   PAD
    0x080144c0   0x00000040   Code   RO         7760    i.prvTaskExitError  port.o
    0x08014500   0x0000001a   Code   RO         7187    i.prvTimerTask      timers.o
    0x0801451a   0x0000007e   Code   RO         6492    i.prvUnlockQueue    queue.o
    0x08014598   0x0000013c   Code   RO         7712    i.pvPortMalloc      heap_4.o
    0x080146d4   0x0000002c   Code   RO         7761    i.pxPortInitialiseStack  port.o
    0x08014700   0x00000084   Code   RO        11459    i.quat_normalization  AHRS.lib(ahrs.o)
    0x08014784   0x0000005a   Code   RO        10985    i.ramp_calc         user_lib.o
    0x080147de   0x00000002   PAD
    0x080147e0   0x0000002c   Code   RO        10986    i.ramp_init         user_lib.o
    0x0801480c   0x00000180   Code   RO         9868    i.referee_data_solve  referee.o
    0x0801498c   0x0000014c   Code   RO         9936    i.referee_unpack_fifo_data  referee_usart_task.o
    0x08014ad8   0x00000038   Code   RO         9937    i.referee_usart_task  referee_usart_task.o
    0x08014b10   0x000000da   Code   RO         9983    i.sbus_to_rc        remote_control.o
    0x08014bea   0x00000002   PAD
    0x08014bec   0x00000058   Code   RO         9984    i.sbus_to_usart1    remote_control.o
    0x08014c44   0x00000024   Code   RO        10298    i.send_uint16_t     aim_assist_control.o
    0x08014c68   0x0000003c   Code   RO         8941    i.servo_pwm_set     bsp_servo_pwm.o
    0x08014ca4   0x000000b0   Code   RO        10265    i.servo_task        servo_task.o
    0x08014d54   0x00000020   Code   RO         9557    i.set_cali_gimbal_hook  gimbal_task.o
    0x08014d74   0x000000a0   Code   RO        10057    i.shoot_bullet_control  shoot.o
    0x08014e14   0x00000220   Code   RO        10058    i.shoot_control_loop  shoot.o
    0x08015034   0x00000274   Code   RO        10059    i.shoot_feedback_update  shoot.o
    0x080152a8   0x0000013c   Code   RO        10060    i.shoot_init        shoot.o
    0x080153e4   0x0000021c   Code   RO        10061    i.shoot_set_mode    shoot.o
    0x08015600   0x0000003e   Code   RO        11750    i.sqrtf             m_wm.l(sqrtf_full.o)
    0x0801563e   0x00000002   PAD
    0x08015640   0x0000008c   Code   RO        10113    i.test_task         test_task.o
    0x080156cc   0x00000018   Code   RO         9407    i.toe_is_error      detect_task.o
    0x080156e4   0x000000cc   Code   RO        10062    i.trigger_motor_turn_back  shoot.o
    0x080157b0   0x00000044   Code   RO        10299    i.uart1_printf      aim_assist_control.o
    0x080157f4   0x00000074   Code   RO         6841    i.ulTaskNotifyTake  tasks.o
    0x08015868   0x0000007a   Code   RO        11460    i.update_w          AHRS.lib(ahrs.o)
    0x080158e2   0x00000002   PAD
    0x080158e4   0x000000a8   Code   RO         8898    i.usart1_tx_dma_enable  bsp_usart.o
    0x0801598c   0x00000074   Code   RO         8899    i.usart1_tx_dma_init  bsp_usart.o
    0x08015a00   0x00000138   Code   RO         8900    i.usart6_init       bsp_usart.o
    0x08015b38   0x0000001c   Code   RO        10148    i.usb_task          usb_task.o
    0x08015b54   0x00000028   Code   RO         6445    i.uxListRemove      list.o
    0x08015b7c   0x00000028   Code   RO         6843    i.uxTaskGetStackHighWaterMark  tasks.o
    0x08015ba4   0x00000018   Code   RO          538    i.vApplicationGetIdleTaskMemory  freertos.o
    0x08015bbc   0x00000018   Code   RO          539    i.vApplicationGetTimerTaskMemory  freertos.o
    0x08015bd4   0x0000001a   Code   RO         6446    i.vListInitialise   list.o
    0x08015bee   0x00000006   Code   RO         6447    i.vListInitialiseItem  list.o
    0x08015bf4   0x00000034   Code   RO         6448    i.vListInsert       list.o
    0x08015c28   0x00000018   Code   RO         6449    i.vListInsertEnd    list.o
    0x08015c40   0x00000054   Code   RO         7763    i.vPortEnterCritical  port.o
    0x08015c94   0x0000003c   Code   RO         7764    i.vPortExitCritical  port.o
    0x08015cd0   0x00000094   Code   RO         7713    i.vPortFree         heap_4.o
    0x08015d64   0x00000028   Code   RO         7765    i.vPortSetupTimerInterrupt  port.o
    0x08015d8c   0x00000078   Code   RO         7766    i.vPortValidateInterruptPriority  port.o
    0x08015e04   0x0000002c   Code   RO         6496    i.vQueueAddToRegistry  queue.o
    0x08015e30   0x0000004a   Code   RO         6499    i.vQueueWaitForMessageRestricted  queue.o
    0x08015e7a   0x00000002   PAD
    0x08015e7c   0x0000005c   Code   RO         6847    i.vTaskDelay        tasks.o
    0x08015ed8   0x00000018   Code   RO         6851    i.vTaskInternalSetTimeOutState  tasks.o
    0x08015ef0   0x0000000c   Code   RO         6852    i.vTaskMissedYield  tasks.o
    0x08015efc   0x000000f0   Code   RO         6853    i.vTaskNotifyGiveFromISR  tasks.o
    0x08015fec   0x00000038   Code   RO         6854    i.vTaskPlaceOnEventList  tasks.o
    0x08016024   0x00000040   Code   RO         6855    i.vTaskPlaceOnEventListRestricted  tasks.o
    0x08016064   0x000000b8   Code   RO         6862    i.vTaskStartScheduler  tasks.o
    0x0801611c   0x00000010   Code   RO         6864    i.vTaskSuspendAll   tasks.o
    0x0801612c   0x0000008c   Code   RO         6865    i.vTaskSwitchContext  tasks.o
    0x080161b8   0x00000040   Code   RO        11079    i.verify_CRC16_check_sum  crc8_crc16.o
    0x080161f8   0x0000002e   Code   RO        11080    i.verify_CRC8_check_sum  crc8_crc16.o
    0x08016226   0x00000002   PAD
    0x08016228   0x00000168   Code   RO         7767    i.xPortStartScheduler  port.o
    0x08016390   0x00000034   Code   RO         7768    i.xPortSysTickHandler  port.o
    0x080163c4   0x000000de   Code   RO         6503    i.xQueueGenericCreateStatic  queue.o
    0x080164a2   0x00000002   PAD
    0x080164a4   0x00000098   Code   RO         6504    i.xQueueGenericReset  queue.o
    0x0801653c   0x000001a8   Code   RO         6505    i.xQueueGenericSend  queue.o
    0x080166e4   0x000000f8   Code   RO         6506    i.xQueueGenericSendFromISR  queue.o
    0x080167dc   0x00000168   Code   RO         6514    i.xQueueReceive     queue.o
    0x08016944   0x000000a8   Code   RO         6867    i.xTaskCheckForTimeOut  tasks.o
    0x080169ec   0x00000064   Code   RO         6868    i.xTaskCreate       tasks.o
    0x08016a50   0x000000b8   Code   RO         6869    i.xTaskCreateStatic  tasks.o
    0x08016b08   0x000000a4   Code   RO         6873    i.xTaskGetHandle    tasks.o
    0x08016bac   0x00000020   Code   RO         6874    i.xTaskGetSchedulerState  tasks.o
    0x08016bcc   0x0000000c   Code   RO         6875    i.xTaskGetTickCount  tasks.o
    0x08016bd8   0x00000148   Code   RO         6877    i.xTaskIncrementTick  tasks.o
    0x08016d20   0x000000c8   Code   RO         6880    i.xTaskPriorityDisinherit  tasks.o
    0x08016de8   0x00000098   Code   RO         6882    i.xTaskRemoveFromEventList  tasks.o
    0x08016e80   0x00000104   Code   RO         6883    i.xTaskResumeAll    tasks.o
    0x08016f84   0x00000078   Code   RO         7192    i.xTimerCreateTimerTask  timers.o
    0x08016ffc   0x00000084   Code   RO         7193    i.xTimerGenericCommand  timers.o
    0x08017080   0x00000118   Data   RO          541    .constdata          freertos.o
    0x08017198   0x00000008   Data   RO         5647    .constdata          stm32f4xx_hal_dma.o
    0x080171a0   0x00000018   Data   RO         6309    .constdata          system_stm32f4xx.o
    0x080171b8   0x0000000f   Data   RO         8980    .constdata          calibrate_task.o
    0x080171c7   0x00000001   PAD
    0x080171c8   0x00000018   Data   RO         9559    .constdata          gimbal_task.o
    0x080171e0   0x00000018   Data   RO         9708    .constdata          ins_task.o
    0x080171f8   0x00001164   Data   RO         9829    .constdata          oled_task.o
    0x0801835c   0x00000018   Data   RO        10064    .constdata          shoot.o
    0x08018374   0x00000008   Data   RO        10266    .constdata          servo_task.o
    0x0801837c   0x0000115c   Data   RO        10381    .constdata          oled.o
    0x080194d8   0x00000012   Data   RO        10507    .constdata          bmi088driver.o
    0x080194ea   0x0000000c   Data   RO        10698    .constdata          ist8310driver.o
    0x080194f6   0x00000302   Data   RO        11081    .constdata          crc8_crc16.o
    0x080197f8   0x0000000c   Data   RO        11461    .constdata          AHRS.lib(ahrs.o)
    0x08019804   0x00000804   Data   RO        11671    .constdata          arm_cortexM4lf_math.lib(arm_common_tables.o)
    0x0801a008   0x00000055   Data   RO          542    .conststring        freertos.o
    0x0801a05d   0x00000003   PAD
    0x0801a060   0x00000020   Data   RO        12142    Region$$Table       anon$$obj.o


    Execution Region RW_IRAM1 (Base: 0x20000000, Size: 0x0000e7c0, Max: 0x00020000, ABSOLUTE, COMPRESSED[0x00000178])

    Base Addr    Size         Type   Attr      Idx    E Section Name        Object

    0x20000000   0x00000004   Data   RW          426    .data               can.o
    0x20000004   0x00000008   Data   RW          473    .data               crc.o
    0x2000000c   0x00000030   Data   RW          543    .data               freertos.o
    0x2000003c   0x0000004e   Data   RW         1166    .data               usbd_desc.o
    0x2000008a   0x00000002   PAD
    0x2000008c   0x00000010   Data   RW         1252    .data               usbd_cdc_if.o
    0x2000009c   0x00000009   Data   RW         6079    .data               stm32f4xx_hal.o
    0x200000a5   0x00000003   PAD
    0x200000a8   0x00000004   Data   RW         6310    .data               system_stm32f4xx.o
    0x200000ac   0x0000003c   Data   RW         6886    .data               tasks.o
    0x200000e8   0x00000014   Data   RW         7201    .data               timers.o
    0x200000fc   0x00000018   Data   RW         7718    .data               heap_4.o
    0x20000114   0x0000000c   Data   RW         7769    .data               port.o
    0x20000120   0x00000001   Data   RW         7991    .data               usbd_ctlreq.o
    0x20000121   0x00000003   PAD
    0x20000124   0x0000010f   Data   RW         8147    .data               usbd_cdc.o
    0x20000233   0x00000001   PAD
    0x20000234   0x00000004   Data   RW         8243    .data               bsp_adc.o
    0x20000238   0x00000008   Data   RW         8487    .data               bsp_delay.o
    0x20000240   0x00000010   Data   RW         8528    .data               bsp_flash.o
    0x20000250   0x00000008   Data   RW         8764    .data               bsp_led.o
    0x20000258   0x00000054   Data   RW         8981    .data               calibrate_task.o
    0x200002ac   0x00000021   Data   RW         9112    .data               can_receive.o
    0x200002cd   0x00000003   PAD
    0x200002d0   0x00000020   Data   RW         9458    .data               gimbal_behaviour.o
    0x200002f0   0x00000014   Data   RW         9560    .data               gimbal_task.o
    0x20000304   0x000000a0   Data   RW         9709    .data               ins_task.o
    0x200003a4   0x00000017   Data   RW         9830    .data               oled_task.o
    0x200003bb   0x00000026   Data   RW         9870    .data               referee.o
    0x200003e1   0x00000001   PAD
    0x200003e2   0x00000002   Data   RW         9939    .data               referee_usart_task.o
    0x200003e4   0x00000003   Data   RW         9988    .data               remote_control.o
    0x200003e7   0x00000001   PAD
    0x200003e8   0x00000012   Data   RW        10065    .data               shoot.o
    0x200003fa   0x00000002   PAD
    0x200003fc   0x0000000a   Data   RW        10114    .data               test_task.o
    0x20000406   0x00000002   PAD
    0x20000408   0x00000008   Data   RW        10151    .data               usb_task.o
    0x20000410   0x00000008   Data   RW        10203    .data               voltage_task.o
    0x20000418   0x0000001c   Data   RW        10239    .data               led_flow_task.o
    0x20000434   0x0000000c   Data   RW        10267    .data               servo_task.o
    0x20000440   0x00000019   Data   RW        10301    .data               aim_assist_control.o
    0x20000459   0x00000003   PAD
    0x2000045c   0x00000008   Data   RW        10382    .data               oled.o
    0x20000464   0x0000002c   Data   RW        10508    .data               bmi088driver.o
    0x20000490   0x00000002   Data   RW        11082    .data               crc8_crc16.o
    0x20000492   0x00000002   PAD
    0x20000494   0x00000010   Data   RW        11462    .data               AHRS.lib(ahrs.o)
    0x200004a4   0x00000004   Data   RW        12118    .data               mc_w.l(mvars.o)
    0x200004a8   0x00000004   Data   RW        12119    .data               mc_w.l(mvars.o)
    0x200004ac   0x00000004   Data   RW        12123    .data               mc_w.l(errno.o)
    0x200004b0   0x00000090   Zero   RW          377    .bss                adc.o
    0x20000540   0x00000050   Zero   RW          425    .bss                can.o
    0x20000590   0x000006a8   Zero   RW          540    .bss                freertos.o
    0x20000c38   0x0000015c   Zero   RW          600    .bss                i2c.o
    0x20000d94   0x00000010   Zero   RW          652    .bss                rng.o
    0x20000da4   0x00000020   Zero   RW          694    .bss                rtc.o
    0x20000dc4   0x00000170   Zero   RW          737    .bss                spi.o
    0x20000f34   0x00000180   Zero   RW          790    .bss                tim.o
    0x200010b4   0x000002a0   Zero   RW          864    .bss                usart.o
    0x20001354   0x0000029c   Zero   RW          914    .bss                usb_device.o
    0x200015f0   0x00000408   Zero   RW          990    .bss                usbd_conf.o
    0x200019f8   0x00000200   Zero   RW         1165    .bss                usbd_desc.o
    0x20001bf8   0x00001000   Zero   RW         1251    .bss                usbd_cdc_if.o
    0x20002bf8   0x00000020   Zero   RW         5301    .bss                stm32f4xx_hal_flash.o
    0x20002c18   0x00000040   Zero   RW         6517    .bss                queue.o
    0x20002c58   0x000000f0   Zero   RW         6885    .bss                tasks.o
    0x20002d48   0x00000110   Zero   RW         7200    .bss                timers.o
    0x20002e58   0x00006000   Zero   RW         7717    .bss                heap_4.o
    0x20008e58   0x00000010   Zero   RW         8242    .bss                bsp_adc.o
    0x20008e68   0x00000115   Zero   RW         8979    .bss                calibrate_task.o
    0x20008f7d   0x00000003   PAD
    0x20008f80   0x000000c4   Zero   RW         9111    .bss                can_receive.o
    0x20009044   0x0000021c   Zero   RW         9408    .bss                detect_task.o
    0x20009260   0x000003cc   Zero   RW         9558    .bss                gimbal_task.o
    0x2000962c   0x00000134   Zero   RW         9707    .bss                ins_task.o
    0x20009760   0x00000055   Zero   RW         9869    .bss                referee.o
    0x200097b5   0x00000003   PAD
    0x200097b8   0x000008a1   Zero   RW         9938    .bss                referee_usart_task.o
    0x2000a059   0x00000072   Zero   RW         9987    .bss                remote_control.o
    0x2000a0cb   0x00000001   PAD
    0x2000a0cc   0x0000012c   Zero   RW        10063    .bss                shoot.o
    0x2000a1f8   0x000001ac   Zero   RW        10300    .bss                aim_assist_control.o
    0x2000a3a4   0x00000417   Zero   RW        10380    .bss                oled.o
    0x2000a7bb   0x00000005   PAD
    0x2000a7c0   0x00002000   Zero   RW            2    HEAP                startup_stm32f407xx.o
    0x2000c7c0   0x00002000   Zero   RW            1    STACK               startup_stm32f407xx.o


==============================================================================

Image component sizes


      Code (inc. data)   RO Data    RW Data    ZI Data      Debug   Object Name

       396         42          0          0        144       2322   adc.o
       168          4          0          0          0       5480   ahrs_middleware.o
       520        106          0         25        428       9451   aim_assist_control.o
      2338         40         18         44          0      10635   bmi088driver.o
       140         28          0          0          0       4852   bmi088middleware.o
       288         44          0          4         16     629396   bsp_adc.o
        36         12          0          0          0        993   bsp_buzzer.o
        92          8          0          0          0        590   bsp_can.o
       128         20          0          8          0       1336   bsp_delay.o
       694        108          0         16          0       4069   bsp_flash.o
        48         16          0          0          0       1948   bsp_fric.o
      1184         84          0          0          0       5257   bsp_i2c.o
        12          4          0          0          0        502   bsp_imu_pwm.o
        32         10          0          0          0        911   bsp_laser.o
       104         22          0          8          0        592   bsp_led.o
       104         14          0          0          0        961   bsp_rc.o
        60          8          0          0          0        580   bsp_servo_pwm.o
     10428        170          0          0          0       5662   bsp_spi.o
       596         50          0          0          0       2327   bsp_usart.o
      2062        108         15         84        277      13076   calibrate_task.o
       488         44          0          4         80       2398   can.o
       408         60          0         33        196       7311   can_receive.o
         0          0          0          0          0       5228   chassis_behaviour.o
       158          0          0          0          0      22582   cmsis_os.o
        84         18          0          8          0       1471   crc.o
       198         16        770          2          0       3745   crc8_crc16.o
       324         12          0          0        540       2331   detect_task.o
       184          6          0          0          0        838   dma.o
         0          0          0          0          0      17832   event_groups.o
       258          0          0          0          0       9211   fifo.o
       340         64        365         48       1704       3881   freertos.o
      2444        204          0         32          0       9310   gimbal_behaviour.o
      2980        120         24         20        972      18118   gimbal_task.o
       596         30          0          0          0       1315   gpio.o
       692         62          0         24      24576       4791   heap_4.o
       700         80          0          0        348       3068   i2c.o
      4360        330         24        160        308      19216   ins_task.o
       148          6         12          0          0       1467   ist8310driver.o
       136         22          0          0          0       4007   ist8310driver_middleware.o
       432         10          0         28          0       1665   led_flow_task.o
       148          0          0          0          0       3582   list.o
       346         14          0          0          0     796464   main.o
      1048         46       4444          8       1047      10815   oled.o
       532         42       4452         23          0       2974   oled_task.o
       668         12          0          0          0       2442   pid.o
      1014         92          0         12          0      12081   port.o
      1910         20          0          0         64      14680   queue.o
       604        156          0         38         85       8527   referee.o
       692         52          0          2       2209       3980   referee_usart_task.o
       626         40          0          3        114       4935   remote_control.o
        84         18          0          0         16       1471   rng.o
        76         16          0          0         32       1419   rtc.o
       176         14          8         12          0       1694   servo_task.o
      2392        160         24         18        300       5262   shoot.o
       604         54          0          0        368       2564   spi.o
        36          8        392          0      16384        832   startup_stm32f407xx.o
       212         36          0          9          0       4585   stm32f4xx_hal.o
      1370         54          0          0          0       5142   stm32f4xx_hal_adc.o
      2136          6          0          0          0      14379   stm32f4xx_hal_can.o
       304         22          0          0          0      34475   stm32f4xx_hal_cortex.o
        36          0          0          0          0       1047   stm32f4xx_hal_crc.o
      1446         16          8          0          0       7066   stm32f4xx_hal_dma.o
       636         64          0          0         32       5998   stm32f4xx_hal_flash.o
       432         26          0          0          0       3274   stm32f4xx_hal_flash_ex.o
       568         50          0          0          0       3638   stm32f4xx_hal_gpio.o
      3312         60          0          0          0      13716   stm32f4xx_hal_i2c.o
        84          6          0          0          0        842   stm32f4xx_hal_msp.o
      3242         18          0          0          0      12953   stm32f4xx_hal_pcd.o
        90          0          0          0          0       2449   stm32f4xx_hal_pcd_ex.o
      1732         84          0          0          0       5556   stm32f4xx_hal_rcc.o
       416         20          0          0          0       1416   stm32f4xx_hal_rcc_ex.o
        52          0          0          0          0       1075   stm32f4xx_hal_rng.o
       336          4          0          0          0       2628   stm32f4xx_hal_rtc.o
       970          8          0          0          0       4521   stm32f4xx_hal_spi.o
      1572         90          0          0          0      12871   stm32f4xx_hal_tim.o
       200          0          0          0          0       2116   stm32f4xx_hal_tim_ex.o
      2710         40          0          0          0      17081   stm32f4xx_hal_uart.o
       168         36          0          0          0       8183   stm32f4xx_it.o
      3696        112          0          0          0      22746   stm32f4xx_ll_usb.o
         0          0          0          0          0        384   stream_buffer.o
       100         18         24          4          0       1167   system_stm32f4xx.o
      3688        418          0         60        240      30701   tasks.o
       264         28          0         10          0       2012   test_task.o
      2124        162          0          0        384       6807   tim.o
      1238        124          0         20        272      27107   timers.o
      1016         94          0          0        672       3547   usart.o
        76         16          0          0        668       2491   usb_device.o
        28          4          0          8          0       2423   usb_task.o
       902         24          0        271          0      12776   usbd_cdc.o
       136         16          0         16       4096       2810   usbd_cdc_if.o
       990         18          0          0       1032      15780   usbd_conf.o
       886          0          0          0          0      13045   usbd_core.o
      1944         28          0          1          0      11120   usbd_ctlreq.o
       386        122          0         78        512       6657   usbd_desc.o
       174          0          0          0          0       4740   usbd_ioreq.o
       278          4          0          0          0       3046   user_lib.o
       336         72          0          8          0       2069   voltage_task.o

    ----------------------------------------------------------------------
     85698       4626      10616       1172      58128    2050886   Object Totals
         0          0         32          0          0          0   (incl. Generated)
        96          0          4         23         12          0   (incl. Padding)

    ----------------------------------------------------------------------

      Code (inc. data)   RO Data    RW Data    ZI Data      Debug   Library Member Name

      2718         84         12         16          0       9922   ahrs.o
         0          0       2052          0          0       4636   arm_common_tables.o
       120         12          0          0          0      16970   arm_cos_f32.o
       116         12          0          0          0        658   arm_sin_f32.o
       300         42          0          0          0        176   asinf.o
       592         90          0          0          0        184   atan2f.o
        20          0          0          0          0        124   fabs.o
        38          0          0          0          0        116   fpclassifyf.o
        44         12          0          0          0        464   funder.o
       120          0          0          0          0        272   sqrtf_full.o
        86          0          0          0          0          0   __dczerorl2.o
         0          0          0          0          0          0   entry.o
         0          0          0          0          0          0   entry10a.o
         0          0          0          0          0          0   entry11a.o
         8          4          0          0          0          0   entry2.o
         4          0          0          0          0          0   entry5.o
         0          0          0          0          0          0   entry7b.o
         0          0          0          0          0          0   entry8b.o
         8          4          0          0          0          0   entry9a.o
        12          6          0          4          0         68   errno.o
        30          0          0          0          0          0   handlers.o
        36          8          0          0          0         68   init.o
         0          0          0          0          0          0   iusefp.o
        30          0          0          0          0         68   llshl.o
        36          0          0          0          0         68   llsshr.o
        32          0          0          0          0         68   llushr.o
       188         20          0          0          0        160   malloc.o
        36          0          0          0          0         68   memcpya.o
        36          0          0          0          0        108   memseta.o
         0          0          0          8          0          0   mvars.o
      2312         92          0          0          0        600   printfa.o
        14          0          0          0          0         68   strlen.o
        44          0          0          0          0         80   uidiv.o
        98          0          0          0          0         92   uldiv.o
        48          0          0          0          0         68   cdcmple.o
        48          0          0          0          0         68   cdrcmple.o
       334          0          0          0          0        148   dadd.o
       222          0          0          0          0        100   ddiv.o
       186          0          0          0          0        176   depilogue.o
        48          0          0          0          0         68   dfixul.o
       228          0          0          0          0         96   dmul.o
        38          0          0          0          0         68   f2d.o

    ----------------------------------------------------------------------
      8246        386       2064         28          0      35830   Library Totals
        16          0          0          0          0          0   (incl. Padding)

    ----------------------------------------------------------------------

      Code (inc. data)   RO Data    RW Data    ZI Data      Debug   Library Name

      2718         84         12         16          0       9922   AHRS.lib
       236         24       2052          0          0      22264   arm_cortexM4lf_math.lib
      1114        144          0          0          0       1336   m_wm.l
      3010        134          0         12          0       1516   mc_w.l
      1152          0          0          0          0        792   mf_w.l

    ----------------------------------------------------------------------
      8246        386       2064         28          0      35830   Library Totals

    ----------------------------------------------------------------------

==============================================================================


      Code (inc. data)   RO Data    RW Data    ZI Data      Debug   

     93944       5012      12680       1200      58128    2025204   Grand Totals
     93944       5012      12680        376      58128    2025204   ELF Image Totals (compressed)
     93944       5012      12680        376          0          0   ROM Totals

==============================================================================

    Total RO  Size (Code + RO Data)               106624 ( 104.13kB)
    Total RW  Size (RW Data + ZI Data)             59328 (  57.94kB)
    Total ROM Size (Code + RO Data + RW Data)     107000 ( 104.49kB)

==============================================================================

