Component: ARM Compiler 5.06 update 3 (build 300) Tool: armlink [4d35c9]

==============================================================================

Section Cross References

    startup_stm32f407xx.o(RESET) refers to startup_stm32f407xx.o(STACK) for __initial_sp
    startup_stm32f407xx.o(RESET) refers to startup_stm32f407xx.o(.text) for Reset_Handler
    startup_stm32f407xx.o(RESET) refers to stm32f4xx_it.o(i.NMI_Handler) for NMI_Handler
    startup_stm32f407xx.o(RESET) refers to stm32f4xx_it.o(i.HardFault_Handler) for HardFault_Handler
    startup_stm32f407xx.o(RESET) refers to stm32f4xx_it.o(i.MemManage_Handler) for MemManage_Handler
    startup_stm32f407xx.o(RESET) refers to stm32f4xx_it.o(i.BusFault_Handler) for BusFault_Handler
    startup_stm32f407xx.o(RESET) refers to stm32f4xx_it.o(i.UsageFault_Handler) for UsageFault_Handler
    startup_stm32f407xx.o(RESET) refers to port.o(.emb_text) for SVC_Handler
    startup_stm32f407xx.o(RESET) refers to stm32f4xx_it.o(i.DebugMon_Handler) for DebugMon_Handler
    startup_stm32f407xx.o(RESET) refers to stm32f4xx_it.o(i.SysTick_Handler) for SysTick_Handler
    startup_stm32f407xx.o(RESET) refers to stm32f4xx_it.o(i.EXTI0_IRQHandler) for EXTI0_IRQHandler
    startup_stm32f407xx.o(RESET) refers to stm32f4xx_it.o(i.EXTI3_IRQHandler) for EXTI3_IRQHandler
    startup_stm32f407xx.o(RESET) refers to stm32f4xx_it.o(i.EXTI4_IRQHandler) for EXTI4_IRQHandler
    startup_stm32f407xx.o(RESET) refers to stm32f4xx_it.o(i.CAN1_RX0_IRQHandler) for CAN1_RX0_IRQHandler
    startup_stm32f407xx.o(RESET) refers to stm32f4xx_it.o(i.EXTI9_5_IRQHandler) for EXTI9_5_IRQHandler
    startup_stm32f407xx.o(RESET) refers to vision_rx_task.o(i.USART1_IRQHandler) for USART1_IRQHandler
    startup_stm32f407xx.o(RESET) refers to bsp_i2c.o(i.DMA1_Stream7_IRQHandler) for DMA1_Stream7_IRQHandler
    startup_stm32f407xx.o(RESET) refers to stm32f4xx_it.o(i.DMA2_Stream1_IRQHandler) for DMA2_Stream1_IRQHandler
    startup_stm32f407xx.o(RESET) refers to ins_task.o(i.DMA2_Stream2_IRQHandler) for DMA2_Stream2_IRQHandler
    startup_stm32f407xx.o(RESET) refers to stm32f4xx_it.o(i.CAN2_RX0_IRQHandler) for CAN2_RX0_IRQHandler
    startup_stm32f407xx.o(RESET) refers to stm32f4xx_it.o(i.OTG_FS_IRQHandler) for OTG_FS_IRQHandler
    startup_stm32f407xx.o(RESET) refers to stm32f4xx_it.o(i.DMA2_Stream6_IRQHandler) for DMA2_Stream6_IRQHandler
    startup_stm32f407xx.o(RESET) refers to stm32f4xx_it.o(i.DMA2_Stream7_IRQHandler) for DMA2_Stream7_IRQHandler
    startup_stm32f407xx.o(RESET) refers to referee_usart_task.o(i.USART6_IRQHandler) for USART6_IRQHandler
    startup_stm32f407xx.o(.text) refers to system_stm32f4xx.o(i.SystemInit) for SystemInit
    startup_stm32f407xx.o(.text) refers to entry.o(.ARM.Collect$$$$00000000) for __main
    main.o(i.SystemClock_Config) refers to memseta.o(.text) for __aeabi_memclr4
    main.o(i.SystemClock_Config) refers to stm32f4xx_hal_rcc.o(i.HAL_RCC_OscConfig) for HAL_RCC_OscConfig
    main.o(i.SystemClock_Config) refers to main.o(i.Error_Handler) for Error_Handler
    main.o(i.SystemClock_Config) refers to stm32f4xx_hal_rcc.o(i.HAL_RCC_ClockConfig) for HAL_RCC_ClockConfig
    main.o(i.SystemClock_Config) refers to stm32f4xx_hal_rcc_ex.o(i.HAL_RCCEx_PeriphCLKConfig) for HAL_RCCEx_PeriphCLKConfig
    main.o(i.main) refers to stm32f4xx_hal.o(i.HAL_Init) for HAL_Init
    main.o(i.main) refers to main.o(i.SystemClock_Config) for SystemClock_Config
    main.o(i.main) refers to gpio.o(i.MX_GPIO_Init) for MX_GPIO_Init
    main.o(i.main) refers to dma.o(i.MX_DMA_Init) for MX_DMA_Init
    main.o(i.main) refers to adc.o(i.MX_ADC1_Init) for MX_ADC1_Init
    main.o(i.main) refers to adc.o(i.MX_ADC3_Init) for MX_ADC3_Init
    main.o(i.main) refers to can.o(i.MX_CAN1_Init) for MX_CAN1_Init
    main.o(i.main) refers to can.o(i.MX_CAN2_Init) for MX_CAN2_Init
    main.o(i.main) refers to i2c.o(i.MX_I2C1_Init) for MX_I2C1_Init
    main.o(i.main) refers to spi.o(i.MX_SPI1_Init) for MX_SPI1_Init
    main.o(i.main) refers to tim.o(i.MX_TIM4_Init) for MX_TIM4_Init
    main.o(i.main) refers to tim.o(i.MX_TIM5_Init) for MX_TIM5_Init
    main.o(i.main) refers to usart.o(i.MX_USART3_UART_Init) for MX_USART3_UART_Init
    main.o(i.main) refers to tim.o(i.MX_TIM8_Init) for MX_TIM8_Init
    main.o(i.main) refers to crc.o(i.MX_CRC_Init) for MX_CRC_Init
    main.o(i.main) refers to rng.o(i.MX_RNG_Init) for MX_RNG_Init
    main.o(i.main) refers to i2c.o(i.MX_I2C2_Init) for MX_I2C2_Init
    main.o(i.main) refers to i2c.o(i.MX_I2C3_Init) for MX_I2C3_Init
    main.o(i.main) refers to rtc.o(i.MX_RTC_Init) for MX_RTC_Init
    main.o(i.main) refers to spi.o(i.MX_SPI2_Init) for MX_SPI2_Init
    main.o(i.main) refers to tim.o(i.MX_TIM1_Init) for MX_TIM1_Init
    main.o(i.main) refers to tim.o(i.MX_TIM3_Init) for MX_TIM3_Init
    main.o(i.main) refers to tim.o(i.MX_TIM10_Init) for MX_TIM10_Init
    main.o(i.main) refers to usart.o(i.MX_USART1_UART_Init) for MX_USART1_UART_Init
[...]
    vision_rx_task_handle                    0x20000038   Data           4  freertos.o(.data)
    uwTick                                   0x2000003c   Data           4  stm32f4xx_hal.o(.data)
    uwTickPrio                               0x20000040   Data           4  stm32f4xx_hal.o(.data)
    uwTickFreq                               0x20000044   Data           1  stm32f4xx_hal.o(.data)
    SystemCoreClock                          0x20000048   Data           4  system_stm32f4xx.o(.data)
    pxCurrentTCB                             0x2000004c   Data           4  tasks.o(.data)
    voltage_vrefint_proportion               0x200000c4   Data           4  bsp_adc.o(.data)
    calibrate_task_stack                     0x200000e8   Data           4  calibrate_task.o(.data)
    cali_hook_fun                            0x20000114   Data          20  calibrate_task.o(.data)
    chassis_behaviour_mode                   0x2000014b   Data           1  chassis_behaviour.o(.data)
    chassis_high_water                       0x2000014c   Data           4  chassis_task.o(.data)
    detect_task_stack                        0x20000150   Data           4  detect_task.o(.data)
    gimbal_high_water                        0x20000164   Data           4  gimbal_task.o(.data)
    dbg_yaw_abs                              0x20000170   Data           4  gimbal_task.o(.data)
    dbg_yaw_set                              0x20000174   Data           4  gimbal_task.o(.data)
    dbg_yaw_err                              0x20000178   Data           4  gimbal_task.o(.data)
    dbg_yaw_gyro_set                         0x2000017c   Data           4  gimbal_task.o(.data)
    dbg_yaw_current                          0x20000180   Data           2  gimbal_task.o(.data)
    dbg_pitch_abs                            0x20000184   Data           4  gimbal_task.o(.data)
    dbg_pitch_set                            0x20000188   Data           4  gimbal_task.o(.data)
    dbg_pitch_err                            0x2000018c   Data           4  gimbal_task.o(.data)
    dbg_pitch_gyro_set                       0x20000190   Data           4  gimbal_task.o(.data)
    dbg_pitch_current                        0x20000194   Data           2  gimbal_task.o(.data)
    dbg_nav_flags                            0x20000196   Data           1  gimbal_task.o(.data)
    dbg_vision_online                        0x20000197   Data           1  gimbal_task.o(.data)
    gyro_dma_rx_buf                          0x200001a4   Data           8  ins_task.o(.data)
    gyro_dma_tx_buf                          0x200001ac   Data           8  ins_task.o(.data)
    accel_dma_tx_buf                         0x200001b4   Data           9  ins_task.o(.data)
    accel_temp_dma_rx_buf                    0x200001bd   Data           4  ins_task.o(.data)
    accel_temp_dma_tx_buf                    0x200001c1   Data           4  ins_task.o(.data)
    gyro_update_flag                         0x200001c5   Data           1  ins_task.o(.data)
    accel_update_flag                        0x200001c6   Data           1  ins_task.o(.data)
    accel_temp_update_flag                   0x200001c7   Data           1  ins_task.o(.data)
    mag_update_flag                          0x200001c8   Data           1  ins_task.o(.data)
    imu_start_dma_flag                       0x200001c9   Data           1  ins_task.o(.data)
    gyro_scale_factor                        0x200001cc   Data          36  ins_task.o(.data)
    accel_scale_factor                       0x200001f0   Data          36  ins_task.o(.data)
    mag_scale_factor                         0x20000214   Data          36  ins_task.o(.data)
    error_list_local                         0x20000240   Data           4  oled_task.o(.data)
    other_toe_name                           0x20000244   Data          16  oled_task.o(.data)
    last_oled_error                          0x20000254   Data           1  oled_task.o(.data)
    now_oled_errror                          0x20000255   Data           1  oled_task.o(.data)
    referee_receive_header                   0x20000257   Data           5  referee.o(.data)
    referee_send_header                      0x2000025c   Data           5  referee.o(.data)
    game_state                               0x20000261   Data           3  referee.o(.data)
    game_result                              0x20000264   Data           1  referee.o(.data)
    field_event                              0x20000265   Data           4  referee.o(.data)
    supply_projectile_action_t               0x20000269   Data           4  referee.o(.data)
    supply_projectile_booking_t              0x2000026d   Data           3  referee.o(.data)
    referee_warning_t                        0x20000270   Data           2  referee.o(.data)
    buff_musk_t                              0x20000272   Data           1  referee.o(.data)
    robot_energy_t                           0x20000273   Data           2  referee.o(.data)
    robot_hurt_t                             0x20000275   Data           1  referee.o(.data)
    shoot_data_t                             0x20000276   Data           6  referee.o(.data)
    bullet_remaining_t                       0x2000027c   Data           1  referee.o(.data)
    battery_voltage                          0x2000028c   Data           4  voltage_task.o(.data)
    electricity_percentage                   0x20000290   Data           4  voltage_task.o(.data)
    RGB_flow_color                           0x20000294   Data          28  led_flow_task.o(.data)
    servo_pwm                                0x200002b0   Data           8  servo_task.o(.data)
    BMI088_ACCEL_SEN                         0x200002c8   Data           4  bmi088driver.o(.data)
    BMI088_GYRO_SEN                          0x200002cc   Data           4  bmi088driver.o(.data)
    CRC16_INIT                               0x200002f4   Data           2  crc8_crc16.o(.data)
    hadc1                                    0x2000030c   Data          72  adc.o(.bss)
    hadc3                                    0x20000354   Data          72  adc.o(.bss)
    hcan1                                    0x2000039c   Data          40  can.o(.bss)
    hcan2                                    0x200003c4   Data          40  can.o(.bss)
    hi2c1                                    0x20000a94   Data          84  i2c.o(.bss)
    hi2c2                                    0x20000ae8   Data          84  i2c.o(.bss)
    hi2c3                                    0x20000b3c   Data          84  i2c.o(.bss)
    hdma_i2c2_tx                             0x20000b90   Data          96  i2c.o(.bss)
    hrng                                     0x20000bf0   Data          16  rng.o(.bss)
    hrtc                                     0x20000c00   Data          32  rtc.o(.bss)
    hspi1                                    0x20000c20   Data          88  spi.o(.bss)
    hspi2                                    0x20000c78   Data          88  spi.o(.bss)
    hdma_spi1_rx                             0x20000cd0   Data          96  spi.o(.bss)
    hdma_spi1_tx                             0x20000d30   Data          96  spi.o(.bss)
    htim1                                    0x20000d90   Data          64  tim.o(.bss)
    htim3                                    0x20000dd0   Data          64  tim.o(.bss)
    htim4                                    0x20000e10   Data          64  tim.o(.bss)
    htim5                                    0x20000e50   Data          64  tim.o(.bss)
    htim8                                    0x20000e90   Data          64  tim.o(.bss)
    htim10                                   0x20000ed0   Data          64  tim.o(.bss)
    huart1                                   0x20000f10   Data          64  usart.o(.bss)
    huart3                                   0x20000f50   Data          64  usart.o(.bss)
    huart6                                   0x20000f90   Data          64  usart.o(.bss)
    hdma_usart1_tx                           0x20000fd0   Data          96  usart.o(.bss)
    hdma_usart1_rx                           0x20001030   Data          96  usart.o(.bss)
    hdma_usart3_rx                           0x20001090   Data          96  usart.o(.bss)
    hdma_usart6_rx                           0x200010f0   Data          96  usart.o(.bss)
    hdma_usart6_tx                           0x20001150   Data          96  usart.o(.bss)
    hpcd_USB_OTG_FS                          0x200011b0   Data        1032  usbd_conf.o(.bss)
    pFlash                                   0x200015b8   Data          32  stm32f4xx_hal_flash.o(.bss)
    xQueueRegistry                           0x200015d8   Data          64  queue.o(.bss)
    cali_sensor                              0x20007974   Data          65  calibrate_task.o(.bss)
    chassis_move                             0x20007a64   Data         556  chassis_task.o(.bss)
    error_list                               0x20007c90   Data         540  detect_task.o(.bss)
    gimbal_control                           0x20007eac   Data         964  gimbal_task.o(.bss)
    accel_dma_rx_buf                         0x20008270   Data           9  ins_task.o(.bss)
    bmi088_real_data                         0x2000827c   Data          36  ins_task.o(.bss)
    gyro_offset                              0x200082a0   Data          12  ins_task.o(.bss)
    gyro_cali_offset                         0x200082ac   Data          12  ins_task.o(.bss)
    accel_offset                             0x200082b8   Data          12  ins_task.o(.bss)
    accel_cali_offset                        0x200082c4   Data          12  ins_task.o(.bss)
    ist8310_real_data                        0x200082d0   Data          16  ins_task.o(.bss)
    mag_offset                               0x200082e0   Data          12  ins_task.o(.bss)
    mag_cali_offset                          0x200082ec   Data          12  ins_task.o(.bss)
    INS_angle                                0x20008398   Data          12  ins_task.o(.bss)
    game_robot_HP_t                          0x200083a4   Data          28  referee.o(.bss)
    robot_state                              0x200083c0   Data          15  referee.o(.bss)
    power_heat_data_t                        0x200083cf   Data          14  referee.o(.bss)
    game_robot_pos_t                         0x200083dd   Data          16  referee.o(.bss)
    student_interactive_data_t               0x200083ed   Data          12  referee.o(.bss)
    usart6_buf                               0x200083fc   Data        1024  referee_usart_task.o(.bss)
    referee_fifo                             0x200087fc   Data          24  referee_usart_task.o(.bss)
    referee_fifo_buf                         0x20008814   Data        1024  referee_usart_task.o(.bss)
    referee_unpack_obj                       0x20008c14   Data         137  referee_usart_task.o(.bss)
    shoot_control                            0x20008ca0   Data         284  shoot.o(.bss)
    oled_gram                                0x20009076   Data        1025  oled.o(.bss)
    __initial_sp                             0x2000b490   Data           0  startup_stm32f407xx.o(STACK)



==============================================================================

Memory Map of the image

  Image Entry point : 0x08000189

  Load Region LR_IROM1 (Base: 0x08000000, Size: 0x0001a0a0, Max: 0x00100000, ABSOLUTE, COMPRESSED[0x00019e48])

    Execution Region ER_IROM1 (Base: 0x08000000, Size: 0x00019d94, Max: 0x00100000, ABSOLUTE)

    Base Addr    Size         Type   Attr      Idx    E Section Name        Object

    0x08000000   0x00000188   Data   RO            3    RESET               startup_stm32f407xx.o
    0x08000188   0x00000000   Code   RO        11664  * .ARM.Collect$$$$00000000  mc_w.l(entry.o)
    0x08000188   0x00000004   Code   RO        11766    .ARM.Collect$$$$00000001  mc_w.l(entry2.o)
    0x0800018c   0x00000004   Code   RO        11769    .ARM.Collect$$$$00000004  mc_w.l(entry5.o)
    0x08000190   0x00000000   Code   RO        11771    .ARM.Collect$$$$00000008  mc_w.l(entry7b.o)
    0x08000190   0x00000000   Code   RO        11773    .ARM.Collect$$$$0000000A  mc_w.l(entry8b.o)
    0x08000190   0x00000008   Code   RO        11774    .ARM.Collect$$$$0000000B  mc_w.l(entry9a.o)
    0x08000198   0x00000000   Code   RO        11776    .ARM.Collect$$$$0000000D  mc_w.l(entry10a.o)
    0x08000198   0x00000000   Code   RO        11778    .ARM.Collect$$$$0000000F  mc_w.l(entry11a.o)
    0x08000198   0x00000004   Code   RO        11767    .ARM.Collect$$$$00002712  mc_w.l(entry2.o)
    0x0800019c   0x000000be   Code   RO         7745    .emb_text           port.o
    0x0800025a   0x00000002   PAD
    0x0800025c   0x00000024   Code   RO            4    .text               startup_stm32f407xx.o
    0x08000280   0x00000078   Code   RO        11442    .text               arm_cortexM4lf_math.lib(arm_cos_f32.o)
    0x080002f8   0x00000074   Code   RO        11495    .text               arm_cortexM4lf_math.lib(arm_sin_f32.o)
    0x0800036c   0x00000062   Code   RO        11667    .text               mc_w.l(uldiv.o)
    0x080003ce   0x00000024   Code   RO        11669    .text               mc_w.l(memcpya.o)
    0x080003f2   0x00000024   Code   RO        11673    .text               mc_w.l(memseta.o)
    0x08000416   0x0000000e   Code   RO        11675    .text               mc_w.l(strlen.o)
    0x08000424   0x0000001a   Code   RO        11677    .text               mc_w.l(memcmp.o)
    0x0800043e   0x0000014e   Code   RO        11737    .text               mf_w.l(dadd.o)
    0x0800058c   0x00000026   Code   RO        11739    .text               mf_w.l(f2d.o)
    0x080005b2   0x00000002   PAD
    0x080005b4   0x00000030   Code   RO        11741    .text               mf_w.l(cdcmple.o)
    0x080005e4   0x00000030   Code   RO        11743    .text               mf_w.l(cdrcmple.o)
    0x08000614   0x00000038   Code   RO        11745    .text               mf_w.l(d2f.o)
    0x0800064c   0x0000002c   Code   RO        11783    .text               mc_w.l(uidiv.o)
    0x08000678   0x0000001e   Code   RO        11785    .text               mc_w.l(llshl.o)
    0x08000696   0x00000020   Code   RO        11787    .text               mc_w.l(llushr.o)
    0x080006b6   0x00000024   Code   RO        11789    .text               mc_w.l(llsshr.o)
    0x080006da   0x00000000   Code   RO        11800    .text               mc_w.l(iusefp.o)
    0x080006da   0x0000006e   Code   RO        11801    .text               mf_w.l(fepilogue.o)
    0x08000748   0x000000ba   Code   RO        11803    .text               mf_w.l(depilogue.o)
    0x08000802   0x000000e4   Code   RO        11805    .text               mf_w.l(dmul.o)
    0x080008e6   0x000000de   Code   RO        11807    .text               mf_w.l(ddiv.o)
    0x080009c4   0x00000030   Code   RO        11809    .text               mf_w.l(dfixul.o)
    0x080009f4   0x00000024   Code   RO        11811    .text               mc_w.l(init.o)
    0x08000a18   0x00000056   Code   RO        11823    .text               mc_w.l(__dczerorl2.o)
    0x08000a6e   0x00000002   PAD
    0x08000a70   0x00000160   Code   RO         2008    i.ADC_Init          stm32f4xx_hal_adc.o
    0x08000bd0   0x00000018   Code   RO        10711    i.AHRS_asinf        ahrs_middleware.o
    0x08000be8   0x00000020   Code   RO        10712    i.AHRS_atan2f       ahrs_middleware.o
    0x08000c08   0x00000018   Code   RO        10713    i.AHRS_cosf         ahrs_middleware.o
    0x08000c20   0x0000001a   Code   RO        11352    i.AHRS_fabs         AHRS.lib(ahrs.o)
    0x08000c3a   0x00000002   PAD
    0x08000c3c   0x00000010   Code   RO        10714    i.AHRS_get_height   ahrs_middleware.o
    0x08000c4c   0x0000000c   Code   RO        10715    i.AHRS_get_latitude  ahrs_middleware.o
    0x08000c58   0x0000029c   Code   RO        11353    i.AHRS_init         AHRS.lib(ahrs.o)
    0x08000ef4   0x00000024   Code   RO        10716    i.AHRS_invSqrt      ahrs_middleware.o
    0x08000f18   0x00000018   Code   RO        10717    i.AHRS_sinf         ahrs_middleware.o
    0x08000f30   0x0000013a   Code   RO        11354    i.AHRS_update       AHRS.lib(ahrs.o)
    0x0800106a   0x00000002   PAD
    0x0800106c   0x00000014   Code   RO        10529    i.BMI088_ACCEL_NS_H  bmi088middleware.o
    0x08001080   0x00000014   Code   RO        10530    i.BMI088_ACCEL_NS_L  bmi088middleware.o
    0x08001094   0x00000002   Code   RO        10531    i.BMI088_GPIO_init  bmi088middleware.o
    0x08001096   0x00000002   PAD
    0x08001098   0x00000014   Code   RO        10532    i.BMI088_GYRO_NS_H  bmi088middleware.o
    0x080010ac   0x00000014   Code   RO        10533    i.BMI088_GYRO_NS_L  bmi088middleware.o
    0x080010c0   0x00000090   Code   RO        10393    i.BMI088_accel_read_over  bmi088driver.o
    0x08001150   0x00000002   Code   RO        10534    i.BMI088_com_init   bmi088middleware.o
    0x08001152   0x0000000c   Code   RO        10535    i.BMI088_delay_ms   bmi088middleware.o
    0x0800115e   0x0000000c   Code   RO        10536    i.BMI088_delay_us   bmi088middleware.o
    0x0800116a   0x00000002   PAD
    0x0800116c   0x00000068   Code   RO        10394    i.BMI088_gyro_read_over  bmi088driver.o
    0x080011d4   0x00000034   Code   RO        10395    i.BMI088_init       bmi088driver.o
    0x08001208   0x0000017c   Code   RO        10396    i.BMI088_read       bmi088driver.o
    0x08001384   0x00000026   Code   RO        10399    i.BMI088_read_muli_reg  bmi088driver.o
    0x080013aa   0x00000018   Code   RO        10400    i.BMI088_read_single_reg  bmi088driver.o
    0x080013c2   0x00000002   PAD
    0x080013c4   0x00000020   Code   RO        10537    i.BMI088_read_write_byte  bmi088middleware.o
    0x080013e4   0x00000034   Code   RO        10401    i.BMI088_temperature_read_over  bmi088driver.o
    0x08001418   0x00000014   Code   RO        10402    i.BMI088_write_single_reg  bmi088driver.o
    0x0800142c   0x00000004   Code   RO         1284    i.BusFault_Handler  stm32f4xx_it.o
    0x08001430   0x00000010   Code   RO         1285    i.CAN1_RX0_IRQHandler  stm32f4xx_it.o
    0x08001440   0x00000010   Code   RO         1286    i.CAN2_RX0_IRQHandler  stm32f4xx_it.o
    0x08001450   0x00000050   Code   RO         9084    i.CAN_cmd_chassis   can_receive.o
    0x080014a0   0x0000008c   Code   RO         9086    i.CAN_cmd_gimbal    can_receive.o
    0x0800152c   0x0000007c   Code   RO         8645    i.DMA1_Stream7_IRQHandler  bsp_i2c.o
    0x080015a8   0x00000010   Code   RO         1287    i.DMA2_Stream1_IRQHandler  stm32f4xx_it.o
    0x080015b8   0x00000898   Code   RO         9679    i.DMA2_Stream2_IRQHandler  ins_task.o
    0x08001e50   0x00000010   Code   RO         1288    i.DMA2_Stream6_IRQHandler  stm32f4xx_it.o
    0x08001e60   0x00000010   Code   RO         1289    i.DMA2_Stream7_IRQHandler  stm32f4xx_it.o
    0x08001e70   0x00000034   Code   RO         5618    i.DMA_CalcBaseAndBitshift  stm32f4xx_hal_dma.o
    0x08001ea4   0x000000aa   Code   RO         5619    i.DMA_CheckFifoParam  stm32f4xx_hal_dma.o
    0x08001f4e   0x0000002c   Code   RO         5620    i.DMA_SetConfig     stm32f4xx_hal_dma.o
    0x08001f7a   0x00000002   Code   RO         1290    i.DebugMon_Handler  stm32f4xx_it.o
    0x08001f7c   0x0000000a   Code   RO         1291    i.EXTI0_IRQHandler  stm32f4xx_it.o
    0x08001f86   0x0000000a   Code   RO         1292    i.EXTI3_IRQHandler  stm32f4xx_it.o
    0x08001f90   0x0000000a   Code   RO         1293    i.EXTI4_IRQHandler  stm32f4xx_it.o
    0x08001f9a   0x0000000a   Code   RO         1294    i.EXTI9_5_IRQHandler  stm32f4xx_it.o
    0x08001fa4   0x00000002   Code   RO           13    i.Error_Handler     main.o
    0x08001fa6   0x00000002   PAD
    0x08001fa8   0x0000005c   Code   RO         5388    i.FLASH_Erase_Sector  stm32f4xx_hal_flash_ex.o
    0x08002004   0x00000078   Code   RO         5389    i.FLASH_FlushCaches  stm32f4xx_hal_flash_ex.o
    0x0800207c   0x00000030   Code   RO         5390    i.FLASH_MassErase   stm32f4xx_hal_flash_ex.o
    0x080020ac   0x00000024   Code   RO         5270    i.FLASH_Program_Byte  stm32f4xx_hal_flash.o
    0x080020d0   0x0000002c   Code   RO         5271    i.FLASH_Program_DoubleWord  stm32f4xx_hal_flash.o
    0x080020fc   0x00000028   Code   RO         5272    i.FLASH_Program_HalfWord  stm32f4xx_hal_flash.o
    0x08002124   0x00000028   Code   RO         5273    i.FLASH_Program_Word  stm32f4xx_hal_flash.o
    0x0800214c   0x00000098   Code   RO         5274    i.FLASH_SetErrorCode  stm32f4xx_hal_flash.o
    0x080021e4   0x00000064   Code   RO         5275    i.FLASH_WaitForLastOperation  stm32f4xx_hal_flash.o
    0x08002248   0x0000018c   Code   RO         2010    i.HAL_ADC_ConfigChannel  stm32f4xx_hal_adc.o
    0x080023d4   0x00000008   Code   RO         2017    i.HAL_ADC_GetValue  stm32f4xx_hal_adc.o
    0x080023dc   0x00000068   Code   RO         2019    i.HAL_ADC_Init      stm32f4xx_hal_adc.o
    0x08002444   0x000000ac   Code   RO          366    i.HAL_ADC_MspInit   adc.o
    0x080024f0   0x000000c2   Code   RO         2023    i.HAL_ADC_PollForConversion  stm32f4xx_hal_adc.o
    0x080025b2   0x00000002   PAD
    0x080025b4   0x0000013c   Code   RO         2025    i.HAL_ADC_Start     stm32f4xx_hal_adc.o
    0x080026f0   0x0000002a   Code   RO         2281    i.HAL_CAN_ActivateNotification  stm32f4xx_hal_can.o
    0x0800271a   0x00000156   Code   RO         2282    i.HAL_CAN_AddTxMessage  stm32f4xx_hal_can.o
    0x08002870   0x00000124   Code   RO         2283    i.HAL_CAN_ConfigFilter  stm32f4xx_hal_can.o
    0x08002994   0x00000002   Code   RO         2286    i.HAL_CAN_ErrorCallback  stm32f4xx_hal_can.o
    0x08002996   0x0000017c   Code   RO         2289    i.HAL_CAN_GetRxMessage  stm32f4xx_hal_can.o
    0x08002b12   0x0000024e   Code   RO         2293    i.HAL_CAN_IRQHandler  stm32f4xx_hal_can.o
    0x08002d60   0x00000174   Code   RO         2294    i.HAL_CAN_Init      stm32f4xx_hal_can.o
    0x08002ed4   0x00000160   Code   RO          414    i.HAL_CAN_MspInit   can.o
    0x08003034   0x00000002   Code   RO         2301    i.HAL_CAN_RxFifo0FullCallback  stm32f4xx_hal_can.o
    0x08003036   0x00000002   PAD
    0x08003038   0x00000110   Code   RO         9087    i.HAL_CAN_RxFifo0MsgPendingCallback  can_receive.o
    0x08003148   0x00000002   Code   RO         2303    i.HAL_CAN_RxFifo1FullCallback  stm32f4xx_hal_can.o
    0x0800314a   0x00000002   Code   RO         2304    i.HAL_CAN_RxFifo1MsgPendingCallback  stm32f4xx_hal_can.o
    0x0800314c   0x00000002   Code   RO         2305    i.HAL_CAN_SleepCallback  stm32f4xx_hal_can.o
    0x0800314e   0x0000005e   Code   RO         2306    i.HAL_CAN_Start     stm32f4xx_hal_can.o
    0x080031ac   0x00000002   Code   RO         2308    i.HAL_CAN_TxMailbox0AbortCallback  stm32f4xx_hal_can.o
    0x080031ae   0x00000002   Code   RO         2309    i.HAL_CAN_TxMailbox0CompleteCallback  stm32f4xx_hal_can.o
    0x080031b0   0x00000002   Code   RO         2310    i.HAL_CAN_TxMailbox1AbortCallback  stm32f4xx_hal_can.o
    0x080031b2   0x00000002   Code   RO         2311    i.HAL_CAN_TxMailbox1CompleteCallback  stm32f4xx_hal_can.o
    0x080031b4   0x00000002   Code   RO         2312    i.HAL_CAN_TxMailbox2AbortCallback  stm32f4xx_hal_can.o
    0x080031b6   0x00000002   Code   RO         2313    i.HAL_CAN_TxMailbox2CompleteCallback  stm32f4xx_hal_can.o
    0x080031b8   0x00000002   Code   RO         2315    i.HAL_CAN_WakeUpFromRxMsgCallback  stm32f4xx_hal_can.o
    0x080031ba   0x00000024   Code   RO         2518    i.HAL_CRC_Init      stm32f4xx_hal_crc.o
    0x080031de   0x00000002   PAD
    0x080031e0   0x00000034   Code   RO          463    i.HAL_CRC_MspInit   crc.o
    0x08003214   0x000000aa   Code   RO         5621    i.HAL_DMA_Abort     stm32f4xx_hal_dma.o
    0x080032be   0x00000028   Code   RO         5622    i.HAL_DMA_Abort_IT  stm32f4xx_hal_dma.o
    0x080032e6   0x00000002   PAD
    0x080032e8   0x00000240   Code   RO         5626    i.HAL_DMA_IRQHandler  stm32f4xx_hal_dma.o
    0x08003528   0x000000ec   Code   RO         5627    i.HAL_DMA_Init      stm32f4xx_hal_dma.o
    0x08003614   0x0000009e   Code   RO         5631    i.HAL_DMA_Start_IT  stm32f4xx_hal_dma.o
    0x080036b2   0x00000002   PAD
    0x080036b4   0x000000ac   Code   RO         5400    i.HAL_FLASHEx_Erase  stm32f4xx_hal_flash_ex.o
    0x08003760   0x00000014   Code   RO         5279    i.HAL_FLASH_Lock    stm32f4xx_hal_flash.o
    0x08003774   0x00000098   Code   RO         5284    i.HAL_FLASH_Program  stm32f4xx_hal_flash.o
    0x0800380c   0x00000034   Code   RO         5286    i.HAL_FLASH_Unlock  stm32f4xx_hal_flash.o
    0x08003840   0x000000b8   Code   RO         9680    i.HAL_GPIO_EXTI_Callback  ins_task.o
    0x080038f8   0x0000001c   Code   RO         5513    i.HAL_GPIO_EXTI_IRQHandler  stm32f4xx_hal_gpio.o
    0x08003914   0x00000200   Code   RO         5514    i.HAL_GPIO_Init     stm32f4xx_hal_gpio.o
    0x08003b14   0x0000000c   Code   RO         5518    i.HAL_GPIO_WritePin  stm32f4xx_hal_gpio.o
    0x08003b20   0x0000000c   Code   RO         6051    i.HAL_GetTick       stm32f4xx_hal.o
    0x08003b2c   0x000001b8   Code   RO         2585    i.HAL_I2C_Init      stm32f4xx_hal_i2c.o
    0x08003ce4   0x00000170   Code   RO         2598    i.HAL_I2C_Master_Transmit  stm32f4xx_hal_i2c.o
    0x08003e54   0x000002f4   Code   RO         2603    i.HAL_I2C_Mem_Read  stm32f4xx_hal_i2c.o
    0x08004148   0x00000164   Code   RO         2606    i.HAL_I2C_Mem_Write  stm32f4xx_hal_i2c.o
    0x080042ac   0x00000208   Code   RO          582    i.HAL_I2C_MspInit   i2c.o
    0x080044b4   0x00000018   Code   RO         6057    i.HAL_IncTick       stm32f4xx_hal.o
    0x080044cc   0x0000003c   Code   RO         6058    i.HAL_Init          stm32f4xx_hal.o
    0x08004508   0x0000004c   Code   RO         6059    i.HAL_InitTick      stm32f4xx_hal.o
    0x08004554   0x00000054   Code   RO         1408    i.HAL_MspInit       stm32f4xx_hal_msp.o
    0x080045a8   0x00000020   Code   RO         5903    i.HAL_NVIC_EnableIRQ  stm32f4xx_hal_cortex.o
    0x080045c8   0x0000007c   Code   RO         5909    i.HAL_NVIC_SetPriority  stm32f4xx_hal_cortex.o
    0x08004644   0x00000028   Code   RO         5910    i.HAL_NVIC_SetPriorityGrouping  stm32f4xx_hal_cortex.o
    0x0800466c   0x00000002   Code   RO         1658    i.HAL_PCDEx_LPM_Callback  stm32f4xx_hal_pcd_ex.o
    0x0800466e   0x0000000e   Code   RO          947    i.HAL_PCD_ConnectCallback  usbd_conf.o
    0x0800467c   0x00000020   Code   RO          948    i.HAL_PCD_DataInStageCallback  usbd_conf.o
    0x0800469c   0x00000020   Code   RO          949    i.HAL_PCD_DataOutStageCallback  usbd_conf.o
    0x080046bc   0x0000000e   Code   RO          950    i.HAL_PCD_DisconnectCallback  usbd_conf.o
    0x080046ca   0x0000007c   Code   RO         1442    i.HAL_PCD_EP_ClrStall  stm32f4xx_hal_pcd.o
    0x08004746   0x0000008c   Code   RO         1445    i.HAL_PCD_EP_Open   stm32f4xx_hal_pcd.o
    0x080047d2   0x00000058   Code   RO         1446    i.HAL_PCD_EP_Receive  stm32f4xx_hal_pcd.o
    0x0800482a   0x0000008a   Code   RO         1447    i.HAL_PCD_EP_SetStall  stm32f4xx_hal_pcd.o
    0x080048b4   0x0000005a   Code   RO         1448    i.HAL_PCD_EP_Transmit  stm32f4xx_hal_pcd.o
    0x0800490e   0x0000053e   Code   RO         1450    i.HAL_PCD_IRQHandler  stm32f4xx_hal_pcd.o
    0x08004e4c   0x00000012   Code   RO          951    i.HAL_PCD_ISOINIncompleteCallback  usbd_conf.o
    0x08004e5e   0x00000012   Code   RO          952    i.HAL_PCD_ISOOUTIncompleteCallback  usbd_conf.o
    0x08004e70   0x00000030   Code   RO          955    i.HAL_PCD_ResetCallback  usbd_conf.o
    0x08004ea0   0x0000000e   Code   RO          956    i.HAL_PCD_ResumeCallback  usbd_conf.o
    0x08004eae   0x0000000e   Code   RO          957    i.HAL_PCD_SOFCallback  usbd_conf.o
    0x08004ebc   0x00000036   Code   RO         1459    i.HAL_PCD_SetAddress  stm32f4xx_hal_pcd.o
    0x08004ef2   0x00000012   Code   RO          958    i.HAL_PCD_SetupStageCallback  usbd_conf.o
    0x08004f04   0x00000034   Code   RO          959    i.HAL_PCD_SuspendCallback  usbd_conf.o
    0x08004f38   0x000001a0   Code   RO         5220    i.HAL_RCCEx_PeriphCLKConfig  stm32f4xx_hal_rcc_ex.o
    0x080050d8   0x00000180   Code   RO         5115    i.HAL_RCC_ClockConfig  stm32f4xx_hal_rcc.o
    0x08005258   0x0000000c   Code   RO         5120    i.HAL_RCC_GetHCLKFreq  stm32f4xx_hal_rcc.o
    0x08005264   0x00000020   Code   RO         5122    i.HAL_RCC_GetPCLK1Freq  stm32f4xx_hal_rcc.o
    0x08005284   0x00000020   Code   RO         5123    i.HAL_RCC_GetPCLK2Freq  stm32f4xx_hal_rcc.o
    0x080052a4   0x000000b0   Code   RO         5124    i.HAL_RCC_GetSysClockFreq  stm32f4xx_hal_rcc.o
    0x08005354   0x00000448   Code   RO         5127    i.HAL_RCC_OscConfig  stm32f4xx_hal_rcc.o
    0x0800579c   0x00000034   Code   RO         3063    i.HAL_RNG_Init      stm32f4xx_hal_rng.o
    0x080057d0   0x00000034   Code   RO          636    i.HAL_RNG_MspInit   rng.o
    0x08005804   0x000000d8   Code   RO         3164    i.HAL_RTC_Init      stm32f4xx_hal_rtc.o
    0x080058dc   0x00000018   Code   RO          678    i.HAL_RTC_MspInit   rtc.o
    0x080058f4   0x0000003a   Code   RO         3172    i.HAL_RTC_WaitForSynchro  stm32f4xx_hal_rtc.o
    0x0800592e   0x0000008c   Code   RO         3533    i.HAL_SPI_Init      stm32f4xx_hal_spi.o
    0x080059ba   0x00000002   PAD
    0x080059bc   0x000001cc   Code   RO          720    i.HAL_SPI_MspInit   spi.o
    0x08005b88   0x0000022a   Code   RO         3542    i.HAL_SPI_TransmitReceive  stm32f4xx_hal_spi.o
    0x08005db2   0x00000034   Code   RO         5914    i.HAL_SYSTICK_Config  stm32f4xx_hal_cortex.o
    0x08005de6   0x00000074   Code   RO         4535    i.HAL_TIMEx_ConfigBreakDeadTime  stm32f4xx_hal_tim_ex.o
    0x08005e5a   0x00000054   Code   RO         4550    i.HAL_TIMEx_MasterConfigSynchronization  stm32f4xx_hal_tim_ex.o
    0x08005eae   0x00000034   Code   RO         3846    i.HAL_TIM_Base_Init  stm32f4xx_hal_tim.o
    0x08005ee2   0x00000002   PAD
    0x08005ee4   0x0000011c   Code   RO          768    i.HAL_TIM_Base_MspInit  tim.o
    0x08006000   0x0000002a   Code   RO         3849    i.HAL_TIM_Base_Start  stm32f4xx_hal_tim.o
    0x0800602a   0x00000108   Code   RO         3855    i.HAL_TIM_ConfigClockSource  stm32f4xx_hal_tim.o
    0x08006132   0x00000002   PAD
    0x08006134   0x000002c0   Code   RO          769    i.HAL_TIM_MspPostInit  tim.o
    0x080063f4   0x00000108   Code   RO         3913    i.HAL_TIM_PWM_ConfigChannel  stm32f4xx_hal_tim.o
    0x080064fc   0x00000034   Code   RO         3916    i.HAL_TIM_PWM_Init  stm32f4xx_hal_tim.o
    0x08006530   0x00000002   Code   RO         3918    i.HAL_TIM_PWM_MspInit  stm32f4xx_hal_tim.o
    0x08006532   0x00000002   PAD
    0x08006534   0x00000058   Code   RO         3921    i.HAL_TIM_PWM_Start  stm32f4xx_hal_tim.o
    0x0800658c   0x00000002   Code   RO         4804    i.HAL_UART_ErrorCallback  stm32f4xx_hal_uart.o
    0x0800658e   0x00000002   PAD
    0x08006590   0x0000014c   Code   RO         4807    i.HAL_UART_IRQHandler  stm32f4xx_hal_uart.o
    0x080066dc   0x00000072   Code   RO         4808    i.HAL_UART_Init     stm32f4xx_hal_uart.o
    0x0800674e   0x00000002   PAD
    0x08006750   0x0000034c   Code   RO          846    i.HAL_UART_MspInit  usart.o
    0x08006a9c   0x000000c4   Code   RO         4812    i.HAL_UART_Receive_DMA  stm32f4xx_hal_uart.o
    0x08006b60   0x00000002   Code   RO         4814    i.HAL_UART_RxCpltCallback  stm32f4xx_hal_uart.o
    0x08006b62   0x00000002   Code   RO         4815    i.HAL_UART_RxHalfCpltCallback  stm32f4xx_hal_uart.o
    0x08006b64   0x0000009c   Code   RO         4817    i.HAL_UART_Transmit_DMA  stm32f4xx_hal_uart.o
    0x08006c00   0x00000002   Code   RO         4819    i.HAL_UART_TxCpltCallback  stm32f4xx_hal_uart.o
    0x08006c02   0x00000002   Code   RO         4820    i.HAL_UART_TxHalfCpltCallback  stm32f4xx_hal_uart.o
    0x08006c04   0x00000004   Code   RO         1295    i.HardFault_Handler  stm32f4xx_it.o
    0x08006c08   0x00000020   Code   RO         8646    i.I2C2_DMA_transmit  bsp_i2c.o
    0x08006c28   0x000000c0   Code   RO         8647    i.I2C2_tx_DMA_enable  bsp_i2c.o
    0x08006ce8   0x000000c0   Code   RO         8648    i.I2C2_tx_DMA_init  bsp_i2c.o
    0x08006da8   0x0000003e   Code   RO         2628    i.I2C_IsAcknowledgeFailed  stm32f4xx_hal_i2c.o
    0x08006de6   0x00000002   PAD
    0x08006de8   0x000000ac   Code   RO         2632    i.I2C_MasterRequestWrite  stm32f4xx_hal_i2c.o
    0x08006e94   0x00000138   Code   RO         2638    i.I2C_RequestMemoryRead  stm32f4xx_hal_i2c.o
    0x08006fcc   0x000000cc   Code   RO         2639    i.I2C_RequestMemoryWrite  stm32f4xx_hal_i2c.o
    0x08007098   0x000000fc   Code   RO         8649    i.I2C_TX_DMA_START  bsp_i2c.o
    0x08007194   0x0000005c   Code   RO         2647    i.I2C_WaitOnBTFFlagUntilTimeout  stm32f4xx_hal_i2c.o
    0x080071f0   0x00000086   Code   RO         2648    i.I2C_WaitOnFlagUntilTimeout  stm32f4xx_hal_i2c.o
    0x08007276   0x000000c4   Code   RO         2649    i.I2C_WaitOnMasterAddressFlagUntilTimeout  stm32f4xx_hal_i2c.o
    0x0800733a   0x00000080   Code   RO         2650    i.I2C_WaitOnRXNEFlagUntilTimeout  stm32f4xx_hal_i2c.o
    0x080073ba   0x0000005c   Code   RO         2652    i.I2C_WaitOnTXEFlagUntilTimeout  stm32f4xx_hal_i2c.o
    0x08007416   0x00000002   PAD
    0x08007418   0x0000007c   Code   RO         9681    i.INS_cali_gyro     ins_task.o
    0x08007494   0x00000048   Code   RO         9682    i.INS_set_cali_gyro  ins_task.o
    0x080074dc   0x00000304   Code   RO         9683    i.INS_task          ins_task.o
    0x080077e0   0x00000070   Code   RO          367    i.MX_ADC1_Init      adc.o
    0x08007850   0x00000070   Code   RO          368    i.MX_ADC3_Init      adc.o
    0x080078c0   0x00000044   Code   RO          415    i.MX_CAN1_Init      can.o
    0x08007904   0x00000044   Code   RO          416    i.MX_CAN2_Init      can.o
    0x08007948   0x00000020   Code   RO          464    i.MX_CRC_Init       crc.o
    0x08007968   0x000000b8   Code   RO          504    i.MX_DMA_Init       dma.o
    0x08007a20   0x00000140   Code   RO          528    i.MX_FREERTOS_Init  freertos.o
    0x08007b60   0x00000254   Code   RO          341    i.MX_GPIO_Init      gpio.o
    0x08007db4   0x0000003c   Code   RO          583    i.MX_I2C1_Init      i2c.o
    0x08007df0   0x0000003c   Code   RO          584    i.MX_I2C2_Init      i2c.o
    0x08007e2c   0x0000003c   Code   RO          585    i.MX_I2C3_Init      i2c.o
    0x08007e68   0x00000020   Code   RO          637    i.MX_RNG_Init       rng.o
    0x08007e88   0x00000034   Code   RO          679    i.MX_RTC_Init       rtc.o
    0x08007ebc   0x00000048   Code   RO          721    i.MX_SPI1_Init      spi.o
    0x08007f04   0x00000048   Code   RO          722    i.MX_SPI2_Init      spi.o
    0x08007f4c   0x0000006c   Code   RO          770    i.MX_TIM10_Init     tim.o
    0x08007fb8   0x0000010c   Code   RO          771    i.MX_TIM1_Init      tim.o
    0x080080c4   0x000000a4   Code   RO          772    i.MX_TIM3_Init      tim.o
    0x08008168   0x000000a4   Code   RO          773    i.MX_TIM4_Init      tim.o
    0x0800820c   0x000000c4   Code   RO          774    i.MX_TIM5_Init      tim.o
    0x080082d0   0x000000ec   Code   RO          775    i.MX_TIM8_Init      tim.o
    0x080083bc   0x00000038   Code   RO          847    i.MX_USART1_UART_Init  usart.o
    0x080083f4   0x00000038   Code   RO          848    i.MX_USART3_UART_Init  usart.o
    0x0800842c   0x00000038   Code   RO          849    i.MX_USART6_UART_Init  usart.o
    0x08008464   0x00000004   Code   RO         1296    i.MemManage_Handler  stm32f4xx_it.o
    0x08008468   0x00000002   Code   RO         1297    i.NMI_Handler       stm32f4xx_it.o
    0x0800846a   0x00000002   PAD
    0x0800846c   0x0000001c   Code   RO        10268    i.OLED_LOGO         oled.o
    0x08008488   0x00000010   Code   RO        10269    i.OLED_check_ack    oled.o
    0x08008498   0x0000002c   Code   RO        10270    i.OLED_com_reset    oled.o
    0x080084c4   0x00000088   Code   RO        10274    i.OLED_draw_point   oled.o
    0x0800854c   0x000000f8   Code   RO        10275    i.OLED_init         oled.o
    0x08008644   0x00000054   Code   RO        10276    i.OLED_operate_gram  oled.o
    0x08008698   0x00000048   Code   RO        10277    i.OLED_printf       oled.o
    0x080086e0   0x00000020   Code   RO        10278    i.OLED_refresh_gram  oled.o
    0x08008700   0x00000040   Code   RO        10279    i.OLED_set_pos      oled.o
    0x08008740   0x0000008c   Code   RO        10280    i.OLED_show_char    oled.o
    0x080087cc   0x0000008a   Code   RO        10281    i.OLED_show_graphic  oled.o
    0x08008856   0x00000032   Code   RO        10282    i.OLED_show_string  oled.o
    0x08008888   0x00000010   Code   RO         1298    i.OTG_FS_IRQHandler  stm32f4xx_it.o
    0x08008898   0x0000008c   Code   RO         1464    i.PCD_EP_OutSetupPacket_int  stm32f4xx_hal_pcd.o
    0x08008924   0x00000180   Code   RO         1465    i.PCD_EP_OutXfrComplete_int  stm32f4xx_hal_pcd.o
    0x08008aa4   0x000000b6   Code   RO         1466    i.PCD_WriteEmptyTxFifo  stm32f4xx_hal_pcd.o
    0x08008b5a   0x00000002   PAD
    0x08008b5c   0x000001f0   Code   RO        11319    i.PID_calc          pid.o
    0x08008d4c   0x0000004c   Code   RO        11320    i.PID_clear         pid.o
    0x08008d98   0x00000060   Code   RO        11321    i.PID_init          pid.o
    0x08008df8   0x00000002   Code   RO         8918    i.RC_cmd_to_calibrate  calibrate_task.o
    0x08008dfa   0x0000003e   Code   RO         3175    i.RTC_EnterInitMode  stm32f4xx_hal_rtc.o
    0x08008e38   0x0000273c   Code   RO         8813    i.SPI1_DMA_enable   bsp_spi.o
    0x0800b574   0x00000180   Code   RO         8814    i.SPI1_DMA_init     bsp_spi.o
    0x0800b6f4   0x0000006c   Code   RO         3571    i.SPI_EndRxTxTransaction  stm32f4xx_hal_spi.o
    0x0800b760   0x000000a8   Code   RO         3576    i.SPI_WaitFlagStateUntilTimeout  stm32f4xx_hal_spi.o
    0x0800b808   0x0000000c   Code   RO         1299    i.SysTick_Handler   stm32f4xx_it.o
    0x0800b814   0x000000d4   Code   RO           14    i.SystemClock_Config  main.o
    0x0800b8e8   0x00000064   Code   RO         6294    i.SystemInit        system_stm32f4xx.o
    0x0800b94c   0x000000d8   Code   RO         3934    i.TIM_Base_SetConfig  stm32f4xx_hal_tim.o
    0x0800ba24   0x00000022   Code   RO         3935    i.TIM_CCxChannelCmd  stm32f4xx_hal_tim.o
    0x0800ba46   0x00000016   Code   RO         3945    i.TIM_ETR_SetConfig  stm32f4xx_hal_tim.o
    0x0800ba5c   0x00000012   Code   RO         3946    i.TIM_ITRx_SetConfig  stm32f4xx_hal_tim.o
    0x0800ba6e   0x00000002   PAD
    0x0800ba70   0x00000070   Code   RO         3947    i.TIM_OC1_SetConfig  stm32f4xx_hal_tim.o
    0x0800bae0   0x0000007c   Code   RO         3948    i.TIM_OC2_SetConfig  stm32f4xx_hal_tim.o
    0x0800bb5c   0x00000078   Code   RO         3949    i.TIM_OC3_SetConfig  stm32f4xx_hal_tim.o
    0x0800bbd4   0x00000054   Code   RO         3950    i.TIM_OC4_SetConfig  stm32f4xx_hal_tim.o
    0x0800bc28   0x00000026   Code   RO         3952    i.TIM_TI1_ConfigInputStage  stm32f4xx_hal_tim.o
    0x0800bc4e   0x00000028   Code   RO         3954    i.TIM_TI2_ConfigInputStage  stm32f4xx_hal_tim.o
    0x0800bc76   0x00000014   Code   RO         4821    i.UART_DMAAbortOnError  stm32f4xx_hal_uart.o
    0x0800bc8a   0x00000050   Code   RO         4822    i.UART_DMAError     stm32f4xx_hal_uart.o
    0x0800bcda   0x00000046   Code   RO         4823    i.UART_DMAReceiveCplt  stm32f4xx_hal_uart.o
    0x0800bd20   0x0000000e   Code   RO         4825    i.UART_DMARxHalfCplt  stm32f4xx_hal_uart.o
    0x0800bd2e   0x00000036   Code   RO         4827    i.UART_DMATransmitCplt  stm32f4xx_hal_uart.o
    0x0800bd64   0x0000000e   Code   RO         4829    i.UART_DMATxHalfCplt  stm32f4xx_hal_uart.o
    0x0800bd72   0x00000020   Code   RO         4831    i.UART_EndRxTransfer  stm32f4xx_hal_uart.o
    0x0800bd92   0x00000020   Code   RO         4832    i.UART_EndTransmit_IT  stm32f4xx_hal_uart.o
    0x0800bdb2   0x00000014   Code   RO         4833    i.UART_EndTxTransfer  stm32f4xx_hal_uart.o
    0x0800bdc6   0x000000a6   Code   RO         4834    i.UART_Receive_IT   stm32f4xx_hal_uart.o
    0x0800be6c   0x00000368   Code   RO         4835    i.UART_SetConfig    stm32f4xx_hal_uart.o
    0x0800c1d4   0x00000068   Code   RO         4836    i.UART_Transmit_IT  stm32f4xx_hal_uart.o
    0x0800c23c   0x0000013c   Code   RO        10163    i.USART1_IRQHandler  vision_rx_task.o
    0x0800c378   0x00000130   Code   RO         9921    i.USART6_IRQHandler  referee_usart_task.o
    0x0800c4a8   0x00000016   Code   RO         7825    i.USBD_ClrClassConfig  usbd_core.o
    0x0800c4be   0x0000003e   Code   RO         7963    i.USBD_ClrFeature   usbd_ctlreq.o
    0x0800c4fc   0x00000018   Code   RO         8058    i.USBD_CtlContinueRx  usbd_ioreq.o
    0x0800c514   0x00000018   Code   RO         8059    i.USBD_CtlContinueSendData  usbd_ioreq.o
    0x0800c52c   0x00000018   Code   RO         7964    i.USBD_CtlError     usbd_ctlreq.o
    0x0800c544   0x0000001a   Code   RO         8061    i.USBD_CtlReceiveStatus  usbd_ioreq.o
    0x0800c55e   0x00000022   Code   RO         8062    i.USBD_CtlSendData  usbd_ioreq.o
    0x0800c580   0x0000001a   Code   RO         8063    i.USBD_CtlSendStatus  usbd_ioreq.o
    0x0800c59a   0x00000056   Code   RO         7965    i.USBD_GetConfig    usbd_ctlreq.o
    0x0800c5f0   0x00000152   Code   RO         7966    i.USBD_GetDescriptor  usbd_ctlreq.o
    0x0800c742   0x0000005a   Code   RO         7968    i.USBD_GetStatus    usbd_ctlreq.o
    0x0800c79c   0x0000002c   Code   RO          960    i.USBD_Get_USB_Status  usbd_conf.o
    0x0800c7c8   0x00000026   Code   RO          961    i.USBD_LL_ClearStallEP  usbd_conf.o
    0x0800c7ee   0x00000100   Code   RO         7828    i.USBD_LL_DataInStage  usbd_core.o
    0x0800c8ee   0x000000a6   Code   RO         7829    i.USBD_LL_DataOutStage  usbd_core.o
    0x0800c994   0x00000006   Code   RO         7830    i.USBD_LL_DevConnected  usbd_core.o
    0x0800c99a   0x0000001a   Code   RO         7831    i.USBD_LL_DevDisconnected  usbd_core.o
    0x0800c9b4   0x00000038   Code   RO          968    i.USBD_LL_IsStallEP  usbd_conf.o
    0x0800c9ec   0x00000006   Code   RO         7832    i.USBD_LL_IsoINIncomplete  usbd_core.o
    0x0800c9f2   0x00000006   Code   RO         7833    i.USBD_LL_IsoOUTIncomplete  usbd_core.o
    0x0800c9f8   0x00000030   Code   RO          969    i.USBD_LL_OpenEP    usbd_conf.o
    0x0800ca28   0x00000030   Code   RO          970    i.USBD_LL_PrepareReceive  usbd_conf.o
    0x0800ca58   0x0000005c   Code   RO         7834    i.USBD_LL_Reset     usbd_core.o
    0x0800cab4   0x0000000e   Code   RO         7835    i.USBD_LL_Resume    usbd_core.o
    0x0800cac2   0x00000022   Code   RO         7836    i.USBD_LL_SOF       usbd_core.o
    0x0800cae4   0x00000008   Code   RO         7837    i.USBD_LL_SetSpeed  usbd_core.o
    0x0800caec   0x00000026   Code   RO          971    i.USBD_LL_SetUSBAddress  usbd_conf.o
    0x0800cb12   0x0000006e   Code   RO         7838    i.USBD_LL_SetupStage  usbd_core.o
    0x0800cb80   0x00000026   Code   RO          972    i.USBD_LL_StallEP   usbd_conf.o
    0x0800cba6   0x00000014   Code   RO         7839    i.USBD_LL_Suspend   usbd_core.o
    0x0800cbba   0x00000030   Code   RO          975    i.USBD_LL_Transmit  usbd_conf.o
    0x0800cbea   0x00000028   Code   RO         7970    i.USBD_ParseSetupRequest  usbd_ctlreq.o
    0x0800cc12   0x00000006   Code   RO         7841    i.USBD_RunTestMode  usbd_core.o
    0x0800cc18   0x0000005a   Code   RO         7971    i.USBD_SetAddress   usbd_ctlreq.o
    0x0800cc72   0x00000022   Code   RO         7842    i.USBD_SetClassConfig  usbd_core.o
    0x0800cc94   0x000000e8   Code   RO         7972    i.USBD_SetConfig    usbd_ctlreq.o
    0x0800cd7c   0x00000018   Code   RO         7973    i.USBD_SetFeature   usbd_ctlreq.o
    0x0800cd94   0x000000a2   Code   RO         7974    i.USBD_StdDevReq    usbd_ctlreq.o
    0x0800ce36   0x00000238   Code   RO         7975    i.USBD_StdEPReq     usbd_ctlreq.o
    0x0800d06e   0x0000007e   Code   RO         7976    i.USBD_StdItfReq    usbd_ctlreq.o
    0x0800d0ec   0x000000d0   Code   RO         1700    i.USB_ActivateEndpoint  stm32f4xx_ll_usb.o
    0x0800d1bc   0x00000046   Code   RO         1702    i.USB_ActivateSetup  stm32f4xx_ll_usb.o
    0x0800d202   0x00000002   PAD
    0x0800d204   0x000001d8   Code   RO         1715    i.USB_EP0StartXfer  stm32f4xx_ll_usb.o
    0x0800d3dc   0x00000070   Code   RO         1716    i.USB_EP0_OutStart  stm32f4xx_ll_usb.o
    0x0800d44c   0x0000008e   Code   RO         1717    i.USB_EPClearStall  stm32f4xx_ll_usb.o
    0x0800d4da   0x0000009a   Code   RO         1718    i.USB_EPSetStall    stm32f4xx_ll_usb.o
    0x0800d574   0x00000344   Code   RO         1719    i.USB_EPStartXfer   stm32f4xx_ll_usb.o
    0x0800d8b8   0x00000030   Code   RO         1722    i.USB_FlushTxFifo   stm32f4xx_ll_usb.o
    0x0800d8e8   0x00000026   Code   RO         1724    i.USB_GetDevSpeed   stm32f4xx_ll_usb.o
    0x0800d90e   0x0000000a   Code   RO         1726    i.USB_GetMode       stm32f4xx_ll_usb.o
    0x0800d918   0x00000014   Code   RO         1733    i.USB_ReadDevAllInEpInterrupt  stm32f4xx_ll_usb.o
    0x0800d92c   0x00000014   Code   RO         1734    i.USB_ReadDevAllOutEpInterrupt  stm32f4xx_ll_usb.o
    0x0800d940   0x00000032   Code   RO         1735    i.USB_ReadDevInEPInterrupt  stm32f4xx_ll_usb.o
    0x0800d972   0x0000001a   Code   RO         1736    i.USB_ReadDevOutEPInterrupt  stm32f4xx_ll_usb.o
    0x0800d98c   0x0000000a   Code   RO         1737    i.USB_ReadInterrupts  stm32f4xx_ll_usb.o
    0x0800d996   0x00000022   Code   RO         1738    i.USB_ReadPacket    stm32f4xx_ll_usb.o
    0x0800d9b8   0x0000002a   Code   RO         1741    i.USB_SetDevAddress  stm32f4xx_ll_usb.o
    0x0800d9e2   0x00000002   PAD
    0x0800d9e4   0x000000e8   Code   RO         1743    i.USB_SetTurnaroundTime  stm32f4xx_ll_usb.o
    0x0800dacc   0x0000003c   Code   RO         1746    i.USB_WritePacket   stm32f4xx_ll_usb.o
    0x0800db08   0x00000004   Code   RO         1300    i.UsageFault_Handler  stm32f4xx_it.o
    0x0800db0c   0x0000002c   Code   RO        11687    i.__0vsnprintf      mc_w.l(printfa.o)
    0x0800db38   0x00000026   Code   RO        11747    i.__ARM_fpclassifyf  m_wm.l(fpclassifyf.o)
    0x0800db5e   0x00000002   PAD
    0x0800db60   0x00000010   Code   RO         5916    i.__NVIC_GetPriorityGrouping  stm32f4xx_hal_cortex.o
    0x0800db70   0x00000028   Code   RO         5917    i.__NVIC_SetPriority  stm32f4xx_hal_cortex.o
    0x0800db98   0x00000006   Code   RO        11040    i.__get_PRIMASK     fifo.o
    0x0800db9e   0x00000002   PAD
    0x0800dba0   0x0000012c   Code   RO        11610    i.__hardfp_asinf    m_wm.l(asinf.o)
    0x0800dccc   0x00000250   Code   RO        11622    i.__hardfp_atan2f   m_wm.l(atan2f.o)
    0x0800df1c   0x00000014   Code   RO        11634    i.__hardfp_fabs     m_wm.l(fabs.o)
    0x0800df30   0x0000003a   Code   RO        11652    i.__hardfp_sqrtf    m_wm.l(sqrtf_full.o)
    0x0800df6a   0x00000006   Code   RO        11750    i.__mathlib_flt_infnan  m_wm.l(funder.o)
    0x0800df70   0x00000006   Code   RO        11751    i.__mathlib_flt_infnan2  m_wm.l(funder.o)
    0x0800df76   0x00000002   PAD
    0x0800df78   0x00000010   Code   RO        11752    i.__mathlib_flt_invalid  m_wm.l(funder.o)
    0x0800df88   0x00000010   Code   RO        11755    i.__mathlib_flt_underflow  m_wm.l(funder.o)
    0x0800df98   0x0000000e   Code   RO        11817    i.__scatterload_copy  mc_w.l(handlers.o)
    0x0800dfa6   0x00000002   Code   RO        11818    i.__scatterload_null  mc_w.l(handlers.o)
    0x0800dfa8   0x0000000e   Code   RO        11819    i.__scatterload_zeroinit  mc_w.l(handlers.o)
    0x0800dfb6   0x00000006   Code   RO        11041    i.__set_PRIMASK     fifo.o
    0x0800dfbc   0x0000000c   Code   RO        11795    i.__set_errno       mc_w.l(errno.o)
    0x0800dfc8   0x00000184   Code   RO        11689    i._fp_digits        mc_w.l(printfa.o)
    0x0800e14c   0x000006dc   Code   RO        11690    i._printf_core      mc_w.l(printfa.o)
    0x0800e828   0x00000024   Code   RO        11691    i._printf_post_padding  mc_w.l(printfa.o)
    0x0800e84c   0x0000002e   Code   RO        11692    i._printf_pre_padding  mc_w.l(printfa.o)
    0x0800e87a   0x00000016   Code   RO        11693    i._snputc           mc_w.l(printfa.o)
    0x0800e890   0x00000068   Code   RO         8749    i.aRGB_led_show     bsp_led.o
    0x0800e8f8   0x00000030   Code   RO        10880    i.abs_limit         user_lib.o
    0x0800e928   0x000001d0   Code   RO        11355    i.accel_comple_filter  AHRS.lib(ahrs.o)
    0x0800eaf8   0x0000018c   Code   RO        11356    i.accel_update_kp_ki  AHRS.lib(ahrs.o)
    0x0800ec84   0x0000003c   Code   RO         8223    i.adcx_get_chx_value  bsp_adc.o
    0x0800ecc0   0x0000016c   Code   RO        11357    i.angle_to_quat     AHRS.lib(ahrs.o)
    0x0800ee2c   0x000000b0   Code   RO         8919    i.auto_start_gimbal_calibrate  calibrate_task.o
    0x0800eedc   0x00000044   Code   RO        10071    i.battery_voltage_task  voltage_task.o
    0x0800ef20   0x00000134   Code   RO        10403    i.bmi088_accel_init  bmi088driver.o
    0x0800f054   0x000002fc   Code   RO        10404    i.bmi088_accel_self_test  bmi088driver.o
    0x0800f350   0x000000f4   Code   RO        10405    i.bmi088_gyro_init  bmi088driver.o
    0x0800f444   0x000000d0   Code   RO        10406    i.bmi088_gyro_self_test  bmi088driver.o
    0x0800f514   0x0000013c   Code   RO         8650    i.bsp_I2C_check_ack  bsp_i2c.o
    0x0800f650   0x0000004c   Code   RO         8651    i.bsp_I2C_master_transmit  bsp_i2c.o
    0x0800f69c   0x0000004c   Code   RO         8652    i.bsp_I2C_reset     bsp_i2c.o
    0x0800f6e8   0x00000010   Code   RO         8370    i.buzzer_off        bsp_buzzer.o
    0x0800f6f8   0x00000014   Code   RO         8371    i.buzzer_on         bsp_buzzer.o
    0x0800f70c   0x000000e8   Code   RO        10072    i.calc_battery_percentage  voltage_task.o
    0x0800f7f4   0x00000180   Code   RO         9504    i.calc_gimbal_cali  gimbal_task.o
    0x0800f974   0x0000015c   Code   RO         8920    i.cali_data_read    calibrate_task.o
    0x0800fad0   0x00000034   Code   RO         8921    i.cali_data_verify  calibrate_task.o
    0x0800fb04   0x000000b4   Code   RO         8922    i.cali_data_write   calibrate_task.o
    0x0800fbb8   0x00000078   Code   RO         8923    i.cali_gimbal_hook  calibrate_task.o
    0x0800fc30   0x00000058   Code   RO         8924    i.cali_gyro_hook    calibrate_task.o
    0x0800fc88   0x00000046   Code   RO         8925    i.cali_head_hook    calibrate_task.o
    0x0800fcce   0x00000002   PAD
    0x0800fcd0   0x000000d4   Code   RO         8926    i.cali_param_init   calibrate_task.o
    0x0800fda4   0x00000164   Code   RO         8927    i.calibrate_task    calibrate_task.o
    0x0800ff08   0x0000005c   Code   RO         8404    i.can_filter_init   bsp_can.o
    0x0800ff64   0x000000a0   Code   RO         9184    i.chassis_behaviour_control_set  chassis_behaviour.o
    0x08010004   0x00000064   Code   RO         9185    i.chassis_behaviour_mode_set  chassis_behaviour.o
    0x08010068   0x000001cc   Code   RO         9307    i.chassis_control_loop  chassis_task.o
    0x08010234   0x00000030   Code   RO         9186    i.chassis_engineer_follow_chassis_yaw_control  chassis_behaviour.o
    0x08010264   0x00000164   Code   RO         9308    i.chassis_feedback_update  chassis_task.o
    0x080103c8   0x00000034   Code   RO         9187    i.chassis_infantry_follow_gimbal_yaw_control  chassis_behaviour.o
    0x080103fc   0x000000d8   Code   RO         9309    i.chassis_init      chassis_task.o
    0x080104d4   0x00000058   Code   RO         9310    i.chassis_mode_change_control_transit  chassis_task.o
    0x0801052c   0x00000028   Code   RO         9188    i.chassis_no_follow_yaw_control  chassis_behaviour.o
    0x08010554   0x0000002c   Code   RO         9189    i.chassis_no_move_control  chassis_behaviour.o
    0x08010580   0x0000002c   Code   RO         9190    i.chassis_open_set_control  chassis_behaviour.o
    0x080105ac   0x000001d0   Code   RO         9274    i.chassis_power_control  chassis_power_control.o
    0x0801077c   0x00000054   Code   RO         9191    i.chassis_ros_control  chassis_behaviour.o
    0x080107d0   0x00000238   Code   RO         9312    i.chassis_set_contorl  chassis_task.o
    0x08010a08   0x00000012   Code   RO         9313    i.chassis_set_mode  chassis_task.o
    0x08010a1a   0x00000002   PAD
    0x08010a1c   0x000000b0   Code   RO         9314    i.chassis_task      chassis_task.o
    0x08010acc   0x00000054   Code   RO         9315    i.chassis_vector_to_mecanum_wheel_speed  chassis_task.o
    0x08010b20   0x0000002c   Code   RO         9192    i.chassis_zero_force_control  chassis_behaviour.o
    0x08010b4c   0x0000014c   Code   RO         9505    i.cmd_cali_gimbal_hook  gimbal_task.o
    0x08010c98   0x00000030   Code   RO         8470    i.delay_init        bsp_delay.o
    0x08010cc8   0x00000050   Code   RO         8472    i.delay_us          bsp_delay.o
    0x08010d18   0x00000124   Code   RO         9374    i.detect_hook       detect_task.o
    0x08010e3c   0x00000184   Code   RO         9375    i.detect_init       detect_task.o
    0x08010fc0   0x00000288   Code   RO         9376    i.detect_task       detect_task.o
    0x08011248   0x0000003a   Code   RO        11059    i.fifo_s_get        fifo.o
    0x08011282   0x0000009a   Code   RO        11060    i.fifo_s_gets       fifo.o
    0x0801131c   0x00000016   Code   RO        11062    i.fifo_s_init       fifo.o
    0x08011332   0x000000a0   Code   RO        11068    i.fifo_s_puts       fifo.o
    0x080113d2   0x0000008c   Code   RO        11069    i.fifo_s_puts_noprotect  fifo.o
    0x0801145e   0x00000006   Code   RO        11070    i.fifo_s_used       fifo.o
    0x08011464   0x00000024   Code   RO        10882    i.first_order_filter_init  user_lib.o
    0x08011488   0x0000002e   Code   RO         8508    i.flash_erase_address  bsp_flash.o
    0x080114b6   0x00000014   Code   RO         8509    i.flash_read        bsp_flash.o
    0x080114ca   0x00000002   PAD
    0x080114cc   0x00000098   Code   RO         8511    i.flash_write_single_address  bsp_flash.o
    0x08011564   0x0000002a   Code   RO        10883    i.fp32_constrain    user_lib.o
    0x0801158e   0x00000002   PAD
    0x08011590   0x0000000c   Code   RO         8565    i.fric1_on          bsp_fric.o
    0x0801159c   0x0000000c   Code   RO         8566    i.fric2_on          bsp_fric.o
    0x080115a8   0x0000000c   Code   RO         8567    i.fric3_on          bsp_fric.o
    0x080115b4   0x0000000c   Code   RO         8568    i.fric4_on          bsp_fric.o
    0x080115c0   0x000000f4   Code   RO         8512    i.ger_sector        bsp_flash.o
    0x080116b4   0x00000034   Code   RO        10981    i.get_CRC16_check_sum  crc8_crc16.o
    0x080116e8   0x00000024   Code   RO        10982    i.get_CRC8_check_sum  crc8_crc16.o
    0x0801170c   0x00000008   Code   RO         9684    i.get_INS_angle_point  ins_task.o
    0x08011714   0x000000e8   Code   RO        11358    i.get_angle         AHRS.lib(ahrs.o)
    0x080117fc   0x00000024   Code   RO        10073    i.get_battery_percentage  voltage_task.o
    0x08011820   0x00000048   Code   RO         8224    i.get_battery_voltage  bsp_adc.o
    0x08011868   0x00000018   Code   RO         9088    i.get_chassis_motor_measure_point  can_receive.o
    0x08011880   0x0000001c   Code   RO         9848    i.get_chassis_power_and_buffer  referee.o
    0x0801189c   0x0000000c   Code   RO         8928    i.get_control_temperature  calibrate_task.o
    0x080118a8   0x00000008   Code   RO         9377    i.get_error_list_point  detect_task.o
    0x080118b0   0x00000008   Code   RO         9687    i.get_gyro_data_point  ins_task.o
    0x080118b8   0x000000e8   Code   RO         8513    i.get_next_flash_address  bsp_flash.o
    0x080119a0   0x00000008   Code   RO         9090    i.get_pitch_gimbal_motor_measure_point  can_receive.o
    0x080119a8   0x00000008   Code   RO         9508    i.get_pitch_motor_point  gimbal_task.o
    0x080119b0   0x0000000c   Code   RO         9849    i.get_robot_id      referee.o
    0x080119bc   0x0000000c   Code   RO         9850    i.get_robot_remain_HP  referee.o
    0x080119c8   0x00000008   Code   RO        10164    i.get_ros_nav_cmd_point  vision_rx_task.o
    0x080119d0   0x00000018   Code   RO         9851    i.get_shoot_heat0_limit_and_heat0  referee.o
    0x080119e8   0x0000005c   Code   RO         8226    i.get_temprate      bsp_adc.o
    0x08011a44   0x00000008   Code   RO         9091    i.get_trigger_dual_motor_measure_point  can_receive.o
    0x08011a4c   0x00000008   Code   RO         9092    i.get_trigger_motor_measure_point  can_receive.o
    0x08011a54   0x00000008   Code   RO         9094    i.get_yaw_gimbal_motor_measure_point  can_receive.o
    0x08011a5c   0x00000008   Code   RO         9510    i.get_yaw_motor_point  gimbal_task.o
    0x08011a64   0x000000bc   Code   RO         9511    i.gimbal_PID_calc   gimbal_task.o
    0x08011b20   0x00000030   Code   RO         9512    i.gimbal_PID_clear  gimbal_task.o
    0x08011b50   0x00000030   Code   RO         9513    i.gimbal_PID_init   gimbal_task.o
    0x08011b80   0x00000020   Code   RO         9417    i.gimbal_absolute_angle_control  gimbal_behaviour.o
    0x08011ba0   0x000000f4   Code   RO         9514    i.gimbal_absolute_angle_limit  gimbal_task.o
    0x08011c94   0x00000088   Code   RO         9515    i.gimbal_apply_safe_defaults  gimbal_task.o
    0x08011d1c   0x000000a0   Code   RO         9418    i.gimbal_behaviour_control_set  gimbal_behaviour.o
    0x08011dbc   0x000000a0   Code   RO         9419    i.gimbal_behaviour_mode_set  gimbal_behaviour.o
    0x08011e5c   0x00000150   Code   RO         9420    i.gimbal_behavour_set  gimbal_behaviour.o
    0x08011fac   0x0000021c   Code   RO         9421    i.gimbal_cali_control  gimbal_behaviour.o
    0x080121c8   0x00000038   Code   RO         9516    i.gimbal_cali_result_valid  gimbal_task.o
    0x08012200   0x0000001c   Code   RO         8930    i.gimbal_calibration_is_pending  calibrate_task.o
    0x0801221c   0x0000000c   Code   RO         8931    i.gimbal_calibration_is_running  calibrate_task.o
    0x08012228   0x00000014   Code   RO         8932    i.gimbal_calibration_is_valid  calibrate_task.o
    0x0801223c   0x00000070   Code   RO         9517    i.gimbal_control_loop  gimbal_task.o
    0x080122ac   0x00000084   Code   RO         9518    i.gimbal_feedback_update  gimbal_task.o
    0x08012330   0x0000004c   Code   RO         8933    i.gimbal_flash_cali_data_valid  calibrate_task.o
    0x0801237c   0x00000180   Code   RO         9519    i.gimbal_init       gimbal_task.o
    0x080124fc   0x000000c4   Code   RO         9424    i.gimbal_init_control  gimbal_behaviour.o
    0x080125c0   0x00000178   Code   RO         9520    i.gimbal_mode_change_control_transit  gimbal_task.o
    0x08012738   0x00000020   Code   RO         9425    i.gimbal_motionless_control  gimbal_behaviour.o
    0x08012758   0x0000005c   Code   RO         9521    i.gimbal_motor_absolute_angle_control  gimbal_task.o
    0x080127b4   0x00000022   Code   RO         9522    i.gimbal_motor_raw_angle_control  gimbal_task.o
    0x080127d6   0x0000005e   Code   RO         9523    i.gimbal_motor_relative_angle_control  gimbal_task.o
    0x08012834   0x00000020   Code   RO         9426    i.gimbal_relative_angle_control  gimbal_behaviour.o
    0x08012854   0x0000004a   Code   RO         9524    i.gimbal_relative_angle_limit  gimbal_task.o
    0x0801289e   0x00000002   PAD
    0x080128a0   0x0000012c   Code   RO         9427    i.gimbal_ros_absolute_control  gimbal_behaviour.o
    0x080129cc   0x0000000c   Code   RO         9525    i.gimbal_ros_command_active  gimbal_task.o
    0x080129d8   0x000000a0   Code   RO         9526    i.gimbal_set_control  gimbal_task.o
    0x08012a78   0x00000012   Code   RO         9527    i.gimbal_set_mode   gimbal_task.o
    0x08012a8a   0x00000002   PAD
    0x08012a8c   0x000001a8   Code   RO         9528    i.gimbal_task       gimbal_task.o
    0x08012c34   0x00000020   Code   RO         9428    i.gimbal_zero_force_control  gimbal_behaviour.o
    0x08012c54   0x00000054   Code   RO         9689    i.gyro_offset_calc  ins_task.o
    0x08012ca8   0x0000012c   Code   RO         9690    i.imu_cali_slove    ins_task.o
    0x08012dd4   0x000001a8   Code   RO         9691    i.imu_cmd_spi_dma   ins_task.o
    0x08012f7c   0x0000000c   Code   RO         8617    i.imu_pwm_set       bsp_imu_pwm.o
    0x08012f88   0x000000b8   Code   RO         9692    i.imu_temp_control  ins_task.o
    0x08013040   0x000000b8   Code   RO         9853    i.init_referee_struct_data  referee.o
    0x080130f8   0x00000040   Code   RO         8227    i.init_vrefint_reciprocal  bsp_adc.o
    0x08013138   0x00000002   Code   RO        10631    i.ist8310_GPIO_init  ist8310driver_middleware.o
    0x0801313a   0x00000002   PAD
    0x0801313c   0x00000028   Code   RO        10633    i.ist8310_IIC_read_single_reg  ist8310driver_middleware.o
    0x08013164   0x00000028   Code   RO        10635    i.ist8310_IIC_write_single_reg  ist8310driver_middleware.o
    0x0801318c   0x00000014   Code   RO        10636    i.ist8310_RST_H     ist8310driver_middleware.o
    0x080131a0   0x00000014   Code   RO        10637    i.ist8310_RST_L     ist8310driver_middleware.o
    0x080131b4   0x00000002   Code   RO        10638    i.ist8310_com_init  ist8310driver_middleware.o
    0x080131b6   0x0000000c   Code   RO        10639    i.ist8310_delay_ms  ist8310driver_middleware.o
    0x080131c2   0x00000002   PAD
    0x080131c4   0x00000094   Code   RO        10599    i.ist8310_init      ist8310driver.o
    0x08013258   0x00000010   Code   RO         8715    i.laser_off         bsp_laser.o
    0x08013268   0x00000010   Code   RO         8716    i.laser_on          bsp_laser.o
    0x08013278   0x000001b0   Code   RO        10109    i.led_RGB_flow_task  led_flow_task.o
    0x08013428   0x00000060   Code   RO        10888    i.loop_fp32_constrain  user_lib.o
    0x08013488   0x00000080   Code   RO           15    i.main              main.o
    0x08013508   0x0000000e   Code   RO         7317    i.makeFreeRtosPriority  cmsis_os.o
    0x08013516   0x00000002   PAD
    0x08013518   0x00000034   Code   RO         9529    i.motor_ecd_to_angle_change  gimbal_task.o
    0x0801354c   0x00000214   Code   RO         9814    i.oled_task         oled_task.o
    0x08013760   0x00000030   Code   RO        10283    i.oled_write_byte   oled.o
    0x08013790   0x00000018   Code   RO         7319    i.osDelay           cmsis_os.o
    0x080137a8   0x0000000a   Code   RO         7322    i.osKernelStart     cmsis_os.o
    0x080137b2   0x00000010   Code   RO         7355    i.osSystickHandler  cmsis_os.o
    0x080137c2   0x0000005e   Code   RO         7356    i.osThreadCreate    cmsis_os.o
    0x08013820   0x00000030   Code   RO         6814    i.pcTaskGetName     tasks.o
    0x08013850   0x000000a4   Code   RO         6815    i.prvAddCurrentTaskToDelayedList  tasks.o
    0x080138f4   0x000000b4   Code   RO         6816    i.prvAddNewTaskToReadyList  tasks.o
    0x080139a8   0x00000074   Code   RO         7164    i.prvCheckForValidListAndQueue  timers.o
    0x08013a1c   0x00000048   Code   RO         6817    i.prvCheckTasksWaitingTermination  tasks.o
    0x08013a64   0x0000002a   Code   RO         6471    i.prvCopyDataFromQueue  queue.o
    0x08013a8e   0x0000007c   Code   RO         6472    i.prvCopyDataToQueue  queue.o
    0x08013b0a   0x00000050   Code   RO         6818    i.prvDeleteTCB      tasks.o
    0x08013b5a   0x00000002   PAD
    0x08013b5c   0x00000028   Code   RO         7165    i.prvGetNextExpireTime  timers.o
    0x08013b84   0x0000007c   Code   RO         7696    i.prvHeapInit       heap_4.o
    0x08013c00   0x00000028   Code   RO         6819    i.prvIdleTask       tasks.o
    0x08013c28   0x00000026   Code   RO         6475    i.prvInitialiseNewQueue  queue.o
    0x08013c4e   0x000000b8   Code   RO         6820    i.prvInitialiseNewTask  tasks.o
    0x08013d06   0x00000002   PAD
    0x08013d08   0x00000068   Code   RO         6821    i.prvInitialiseTaskLists  tasks.o
    0x08013d70   0x00000068   Code   RO         7697    i.prvInsertBlockIntoFreeList  heap_4.o
    0x08013dd8   0x00000058   Code   RO         7167    i.prvInsertTimerInActiveList  timers.o
    0x08013e30   0x0000001a   Code   RO         6476    i.prvIsQueueEmpty   queue.o
    0x08013e4a   0x0000001e   Code   RO         6477    i.prvIsQueueFull    queue.o
    0x08013e68   0x00000064   Code   RO         7168    i.prvProcessExpiredTimer  timers.o
    0x08013ecc   0x00000128   Code   RO         7169    i.prvProcessReceivedCommands  timers.o
    0x08013ff4   0x00000074   Code   RO         7170    i.prvProcessTimerOrBlockTask  timers.o
    0x08014068   0x00000034   Code   RO         6822    i.prvResetNextTaskUnblockTime  tasks.o
    0x0801409c   0x0000002c   Code   RO         7171    i.prvSampleTimeNow  timers.o
    0x080140c8   0x0000009e   Code   RO         6823    i.prvSearchForNameWithinSingleList  tasks.o
    0x08014166   0x00000002   PAD
    0x08014168   0x000000a0   Code   RO         7172    i.prvSwitchTimerLists  timers.o
    0x08014208   0x00000016   Code   RO         6824    i.prvTaskCheckFreeStackSpace  tasks.o
    0x0801421e   0x00000002   PAD
    0x08014220   0x00000040   Code   RO         7746    i.prvTaskExitError  port.o
    0x08014260   0x0000001a   Code   RO         7173    i.prvTimerTask      timers.o
    0x0801427a   0x0000007e   Code   RO         6478    i.prvUnlockQueue    queue.o
    0x080142f8   0x0000013c   Code   RO         7698    i.pvPortMalloc      heap_4.o
    0x08014434   0x0000002c   Code   RO         7747    i.pxPortInitialiseStack  port.o
    0x08014460   0x00000084   Code   RO        11363    i.quat_normalization  AHRS.lib(ahrs.o)
    0x080144e4   0x0000005a   Code   RO        10889    i.ramp_calc         user_lib.o
    0x0801453e   0x00000002   PAD
    0x08014540   0x0000002c   Code   RO        10890    i.ramp_init         user_lib.o
    0x0801456c   0x00000180   Code   RO         9854    i.referee_data_solve  referee.o
    0x080146ec   0x0000014c   Code   RO         9922    i.referee_unpack_fifo_data  referee_usart_task.o
    0x08014838   0x00000038   Code   RO         9923    i.referee_usart_task  referee_usart_task.o
    0x08014870   0x00000020   Code   RO         8934    i.request_gimbal_calibration  calibrate_task.o
    0x08014890   0x0000001a   Code   RO        10165    i.ros_crc8          vision_rx_task.o
    0x080148aa   0x00000002   PAD
    0x080148ac   0x000000c0   Code   RO        10166    i.ros_handle_frame  vision_rx_task.o
    0x0801496c   0x00000028   Code   RO        10168    i.ros_nav_cmd_age_ms_internal  vision_rx_task.o
    0x08014994   0x0000000e   Code   RO        10169    i.ros_nav_cmd_fresh  vision_rx_task.o
    0x080149a2   0x00000002   PAD
    0x080149a4   0x0000002c   Code   RO        10170    i.ros_nav_cmd_fresh_internal  vision_rx_task.o
    0x080149d0   0x0000014c   Code   RO        10172    i.ros_parse_fifo    vision_rx_task.o
    0x08014b1c   0x00000134   Code   RO        10173    i.ros_send_status_report  vision_rx_task.o
    0x08014c50   0x0000003c   Code   RO         8890    i.servo_pwm_set     bsp_servo_pwm.o
    0x08014c8c   0x0000005c   Code   RO        10136    i.servo_task        servo_task.o
    0x08014ce8   0x00000020   Code   RO         9531    i.set_cali_gimbal_hook  gimbal_task.o
    0x08014d08   0x00000094   Code   RO         9964    i.shoot_bullet_control  shoot.o
    0x08014d9c   0x000001d4   Code   RO         9965    i.shoot_control_loop  shoot.o
    0x08014f70   0x00000154   Code   RO         9966    i.shoot_feedback_update  shoot.o
    0x080150c4   0x0000012c   Code   RO         9967    i.shoot_init        shoot.o
    0x080151f0   0x00000138   Code   RO         9968    i.shoot_set_mode    shoot.o
    0x08015328   0x0000003e   Code   RO        11654    i.sqrtf             m_wm.l(sqrtf_full.o)
    0x08015366   0x00000002   PAD
    0x08015368   0x00000018   Code   RO         9378    i.toe_is_error      detect_task.o
    0x08015380   0x000000cc   Code   RO         9969    i.trigger_motor_turn_back  shoot.o
    0x0801544c   0x0000002c   Code   RO        10174    i.uart1_dma_send    vision_rx_task.o
    0x08015478   0x00000074   Code   RO         6827    i.ulTaskNotifyTake  tasks.o
    0x080154ec   0x0000007a   Code   RO        11364    i.update_w          AHRS.lib(ahrs.o)
    0x08015566   0x00000002   PAD
    0x08015568   0x00000074   Code   RO         8848    i.usart1_tx_dma_init  bsp_usart.o
    0x080155dc   0x00000138   Code   RO         8849    i.usart6_init       bsp_usart.o
    0x08015714   0x00000028   Code   RO         6431    i.uxListRemove      list.o
    0x0801573c   0x00000028   Code   RO         6829    i.uxTaskGetStackHighWaterMark  tasks.o
    0x08015764   0x00000018   Code   RO          529    i.vApplicationGetIdleTaskMemory  freertos.o
    0x0801577c   0x00000018   Code   RO          530    i.vApplicationGetTimerTaskMemory  freertos.o
    0x08015794   0x0000001a   Code   RO         6432    i.vListInitialise   list.o
    0x080157ae   0x00000006   Code   RO         6433    i.vListInitialiseItem  list.o
    0x080157b4   0x00000034   Code   RO         6434    i.vListInsert       list.o
    0x080157e8   0x00000018   Code   RO         6435    i.vListInsertEnd    list.o
    0x08015800   0x00000054   Code   RO         7749    i.vPortEnterCritical  port.o
    0x08015854   0x0000003c   Code   RO         7750    i.vPortExitCritical  port.o
    0x08015890   0x00000094   Code   RO         7699    i.vPortFree         heap_4.o
    0x08015924   0x00000028   Code   RO         7751    i.vPortSetupTimerInterrupt  port.o
    0x0801594c   0x00000078   Code   RO         7752    i.vPortValidateInterruptPriority  port.o
    0x080159c4   0x0000002c   Code   RO         6482    i.vQueueAddToRegistry  queue.o
    0x080159f0   0x0000004a   Code   RO         6485    i.vQueueWaitForMessageRestricted  queue.o
    0x08015a3a   0x00000002   PAD
    0x08015a3c   0x0000005c   Code   RO         6833    i.vTaskDelay        tasks.o
    0x08015a98   0x00000018   Code   RO         6837    i.vTaskInternalSetTimeOutState  tasks.o
    0x08015ab0   0x0000000c   Code   RO         6838    i.vTaskMissedYield  tasks.o
    0x08015abc   0x000000f0   Code   RO         6839    i.vTaskNotifyGiveFromISR  tasks.o
    0x08015bac   0x00000038   Code   RO         6840    i.vTaskPlaceOnEventList  tasks.o
    0x08015be4   0x00000040   Code   RO         6841    i.vTaskPlaceOnEventListRestricted  tasks.o
    0x08015c24   0x000000b8   Code   RO         6848    i.vTaskStartScheduler  tasks.o
    0x08015cdc   0x00000010   Code   RO         6850    i.vTaskSuspendAll   tasks.o
    0x08015cec   0x0000008c   Code   RO         6851    i.vTaskSwitchContext  tasks.o
    0x08015d78   0x00000040   Code   RO        10983    i.verify_CRC16_check_sum  crc8_crc16.o
    0x08015db8   0x0000002e   Code   RO        10984    i.verify_CRC8_check_sum  crc8_crc16.o
    0x08015de6   0x00000002   PAD
    0x08015de8   0x00000044   Code   RO        10175    i.vision_link_failsafe_clear  vision_rx_task.o
    0x08015e2c   0x00000078   Code   RO        10176    i.vision_rx_task    vision_rx_task.o
    0x08015ea4   0x00000168   Code   RO         7753    i.xPortStartScheduler  port.o
    0x0801600c   0x00000034   Code   RO         7754    i.xPortSysTickHandler  port.o
    0x08016040   0x000000de   Code   RO         6489    i.xQueueGenericCreateStatic  queue.o
    0x0801611e   0x00000002   PAD
    0x08016120   0x00000098   Code   RO         6490    i.xQueueGenericReset  queue.o
    0x080161b8   0x000001a8   Code   RO         6491    i.xQueueGenericSend  queue.o
    0x08016360   0x000000f8   Code   RO         6492    i.xQueueGenericSendFromISR  queue.o
    0x08016458   0x00000168   Code   RO         6500    i.xQueueReceive     queue.o
    0x080165c0   0x000000a8   Code   RO         6853    i.xTaskCheckForTimeOut  tasks.o
    0x08016668   0x00000064   Code   RO         6854    i.xTaskCreate       tasks.o
    0x080166cc   0x000000b8   Code   RO         6855    i.xTaskCreateStatic  tasks.o
    0x08016784   0x000000a4   Code   RO         6859    i.xTaskGetHandle    tasks.o
    0x08016828   0x00000020   Code   RO         6860    i.xTaskGetSchedulerState  tasks.o
    0x08016848   0x0000000c   Code   RO         6861    i.xTaskGetTickCount  tasks.o
    0x08016854   0x00000148   Code   RO         6863    i.xTaskIncrementTick  tasks.o
    0x0801699c   0x000000c8   Code   RO         6866    i.xTaskPriorityDisinherit  tasks.o
    0x08016a64   0x00000098   Code   RO         6868    i.xTaskRemoveFromEventList  tasks.o
    0x08016afc   0x00000104   Code   RO         6869    i.xTaskResumeAll    tasks.o
    0x08016c00   0x00000078   Code   RO         7178    i.xTimerCreateTimerTask  timers.o
    0x08016c78   0x00000084   Code   RO         7179    i.xTimerGenericCommand  timers.o
    0x08016cfc   0x00000134   Data   RO          532    .constdata          freertos.o
    0x08016e30   0x00000008   Data   RO         5633    .constdata          stm32f4xx_hal_dma.o
    0x08016e38   0x00000018   Data   RO         6295    .constdata          system_stm32f4xx.o
    0x08016e50   0x0000000f   Data   RO         8936    .constdata          calibrate_task.o
    0x08016e5f   0x00000001   PAD
    0x08016e60   0x00000020   Data   RO         9317    .constdata          chassis_task.o
    0x08016e80   0x00000054   Data   RO         9380    .constdata          detect_task.o
    0x08016ed4   0x00000018   Data   RO         9533    .constdata          gimbal_task.o
    0x08016eec   0x00000018   Data   RO         9694    .constdata          ins_task.o
    0x08016f04   0x00001164   Data   RO         9815    .constdata          oled_task.o
    0x08018068   0x00000018   Data   RO         9971    .constdata          shoot.o
    0x08018080   0x0000115c   Data   RO        10285    .constdata          oled.o
    0x080191dc   0x00000012   Data   RO        10411    .constdata          bmi088driver.o
    0x080191ee   0x0000000c   Data   RO        10602    .constdata          ist8310driver.o
    0x080191fa   0x00000302   Data   RO        10985    .constdata          crc8_crc16.o
    0x080194fc   0x0000000c   Data   RO        11365    .constdata          AHRS.lib(ahrs.o)
    0x08019508   0x00000804   Data   RO        11575    .constdata          arm_cortexM4lf_math.lib(arm_common_tables.o)
    0x08019d0c   0x00000068   Data   RO          533    .conststring        freertos.o
    0x08019d74   0x00000020   Data   RO        11815    Region$$Table       anon$$obj.o


    Execution Region RW_IRAM1 (Base: 0x20000000, Size: 0x0000b490, Max: 0x00020000, ABSOLUTE, COMPRESSED[0x000000b4])

    Base Addr    Size         Type   Attr      Idx    E Section Name        Object

    0x20000000   0x00000004   Data   RW          418    .data               can.o
    0x20000004   0x00000008   Data   RW          465    .data               crc.o
    0x2000000c   0x00000030   Data   RW          534    .data               freertos.o
    0x2000003c   0x00000009   Data   RW         6065    .data               stm32f4xx_hal.o
    0x20000045   0x00000003   PAD
    0x20000048   0x00000004   Data   RW         6296    .data               system_stm32f4xx.o
    0x2000004c   0x0000003c   Data   RW         6872    .data               tasks.o
    0x20000088   0x00000014   Data   RW         7187    .data               timers.o
    0x2000009c   0x00000018   Data   RW         7704    .data               heap_4.o
    0x200000b4   0x0000000c   Data   RW         7755    .data               port.o
    0x200000c0   0x00000001   Data   RW         7977    .data               usbd_ctlreq.o
    0x200000c1   0x00000003   PAD
    0x200000c4   0x00000004   Data   RW         8229    .data               bsp_adc.o
    0x200000c8   0x00000008   Data   RW         8473    .data               bsp_delay.o
    0x200000d0   0x00000010   Data   RW         8514    .data               bsp_flash.o
    0x200000e0   0x00000008   Data   RW         8750    .data               bsp_led.o
    0x200000e8   0x0000004a   Data   RW         8937    .data               calibrate_task.o
    0x20000132   0x00000019   Data   RW         9096    .data               can_receive.o
    0x2000014b   0x00000001   Data   RW         9193    .data               chassis_behaviour.o
    0x2000014c   0x00000004   Data   RW         9318    .data               chassis_task.o
    0x20000150   0x00000009   Data   RW         9381    .data               detect_task.o
    0x20000159   0x00000001   PAD
    0x2000015a   0x00000008   Data   RW         9429    .data               gimbal_behaviour.o
    0x20000162   0x00000002   PAD
    0x20000164   0x0000003c   Data   RW         9534    .data               gimbal_task.o
    0x200001a0   0x000000a0   Data   RW         9695    .data               ins_task.o
    0x20000240   0x00000017   Data   RW         9816    .data               oled_task.o
    0x20000257   0x00000026   Data   RW         9856    .data               referee.o
    0x2000027d   0x00000001   PAD
    0x2000027e   0x00000002   Data   RW         9925    .data               referee_usart_task.o
    0x20000280   0x0000000c   Data   RW         9972    .data               shoot.o
    0x2000028c   0x00000008   Data   RW        10074    .data               voltage_task.o
    0x20000294   0x0000001c   Data   RW        10110    .data               led_flow_task.o
    0x200002b0   0x00000008   Data   RW        10137    .data               servo_task.o
    0x200002b8   0x0000000c   Data   RW        10178    .data               vision_rx_task.o
    0x200002c4   0x00000004   Data   RW        10286    .data               oled.o
    0x200002c8   0x0000002c   Data   RW        10412    .data               bmi088driver.o
    0x200002f4   0x00000002   Data   RW        10986    .data               crc8_crc16.o
    0x200002f6   0x00000002   PAD
    0x200002f8   0x00000010   Data   RW        11366    .data               AHRS.lib(ahrs.o)
    0x20000308   0x00000004   Data   RW        11796    .data               mc_w.l(errno.o)
    0x2000030c   0x00000090   Zero   RW          369    .bss                adc.o
    0x2000039c   0x00000050   Zero   RW          417    .bss                can.o
    0x200003ec   0x000006a8   Zero   RW          531    .bss                freertos.o
    0x20000a94   0x0000015c   Zero   RW          586    .bss                i2c.o
    0x20000bf0   0x00000010   Zero   RW          638    .bss                rng.o
    0x20000c00   0x00000020   Zero   RW          680    .bss                rtc.o
    0x20000c20   0x00000170   Zero   RW          723    .bss                spi.o
    0x20000d90   0x00000180   Zero   RW          776    .bss                tim.o
    0x20000f10   0x000002a0   Zero   RW          850    .bss                usart.o
    0x200011b0   0x00000408   Zero   RW          976    .bss                usbd_conf.o
    0x200015b8   0x00000020   Zero   RW         5287    .bss                stm32f4xx_hal_flash.o
    0x200015d8   0x00000040   Zero   RW         6503    .bss                queue.o
    0x20001618   0x000000f0   Zero   RW         6871    .bss                tasks.o
    0x20001708   0x00000110   Zero   RW         7186    .bss                timers.o
    0x20001818   0x00006000   Zero   RW         7703    .bss                heap_4.o
    0x20007818   0x00000010   Zero   RW         8228    .bss                bsp_adc.o
    0x20007828   0x0000018d   Zero   RW         8935    .bss                calibrate_task.o
    0x200079b5   0x00000003   PAD
    0x200079b8   0x000000ac   Zero   RW         9095    .bss                can_receive.o
    0x20007a64   0x0000022c   Zero   RW         9316    .bss                chassis_task.o
    0x20007c90   0x0000021c   Zero   RW         9379    .bss                detect_task.o
    0x20007eac   0x000003c4   Zero   RW         9532    .bss                gimbal_task.o
    0x20008270   0x00000134   Zero   RW         9693    .bss                ins_task.o
    0x200083a4   0x00000055   Zero   RW         9855    .bss                referee.o
    0x200083f9   0x00000003   PAD
    0x200083fc   0x000008a1   Zero   RW         9924    .bss                referee_usart_task.o
    0x20008c9d   0x00000003   PAD
    0x20008ca0   0x0000011c   Zero   RW         9970    .bss                shoot.o
    0x20008dbc   0x000002ba   Zero   RW        10177    .bss                vision_rx_task.o
    0x20009076   0x00000417   Zero   RW        10284    .bss                oled.o
    0x2000948d   0x00000003   PAD
    0x20009490   0x00002000   Zero   RW            1    STACK               startup_stm32f407xx.o


==============================================================================

Image component sizes


      Code (inc. data)   RO Data    RW Data    ZI Data      Debug   Object Name

       396         42          0          0        144       2338   adc.o
       168          4          0          0          0       5504   ahrs_middleware.o
      2338         40         18         44          0      10667   bmi088driver.o
       140         28          0          0          0       4880   bmi088middleware.o
       288         44          0          4         16     629448   bsp_adc.o
        36         12          0          0          0        997   bsp_buzzer.o
        92          8          0          0          0        594   bsp_can.o
       128         20          0          8          0       1344   bsp_delay.o
       694        108          0         16          0       4085   bsp_flash.o
        48         16          0          0          0       1964   bsp_fric.o
      1260        100          0          0          0       5889   bsp_i2c.o
        12          4          0          0          0        506   bsp_imu_pwm.o
        32         10          0          0          0        919   bsp_laser.o
       104         22          0          8          0        596   bsp_led.o
        60          8          0          0          0        584   bsp_servo_pwm.o
     10428        170          0          0          0       5666   bsp_spi.o
       428         38          0          0          0       1732   bsp_usart.o
      1784        154         15         74        397      16673   calibrate_task.o
       488         44          0          4         80       2414   can.o
       548         74          0         25        172       7008   can_receive.o
       616         36          0          1          0      15482   chassis_behaviour.o
       464         36          0          0          0       1908   chassis_power_control.o
      1966        100         32          4        556       6797   chassis_task.o
       158          0          0          0          0      22610   cmsis_os.o
        84         18          0          8          0       1475   crc.o
       198         16        770          2          0       3769   crc8_crc16.o
      1360         50         84          9        540       3901   detect_task.o
       184          6          0          0          0        842   dma.o
         0          0          0          0          0      17844   event_groups.o
       552          0          0          0          0      11169   fifo.o
       368         70        412         48       1704       3976   freertos.o
      1820        124          0          8          0       8431   gimbal_behaviour.o
      3448        184         24         60        964      20757   gimbal_task.o
       596         30          0          0          0       1323   gpio.o
       692         62          0         24      24576       4811   heap_4.o
       700         80          0          0        348       3088   i2c.o
      4360        330         24        160        308      19268   ins_task.o
       148          6         12          0          0       1475   ist8310driver.o
       136         22          0          0          0       4035   ist8310driver_middleware.o
       432         10          0         28          0       1677   led_flow_task.o
       148          0          0          0          0       3602   list.o
       342         14          0          0          0     796524   main.o
      1100         52       4444          4       1047      11019   oled.o
       532         40       4452         23          0       2986   oled_task.o
       668         12          0          0          0       2458   pid.o
      1014         92          0         12          0      12129   port.o
      1910         20          0          0         64      14720   queue.o
       644        166          0         38         85       9621   referee.o
       692         52          0          2       2209       4004   referee_usart_task.o
        84         18          0          0         16       1475   rng.o
        76         16          0          0         32       1427   rtc.o
        92          4          0          8          0       1333   servo_task.o
      1772        140         24         12        284       4922   shoot.o
       604         54          0          0        368       2580   spi.o
        36          8        392          0       8192        844   startup_stm32f407xx.o
       172         32          0          9          0       3957   stm32f4xx_hal.o
      1370         54          0          0          0       5162   stm32f4xx_hal_adc.o
      2136          6          0          0          0      14443   stm32f4xx_hal_can.o
       304         22          0          0          0      34491   stm32f4xx_hal_cortex.o
        36          0          0          0          0       1051   stm32f4xx_hal_crc.o
      1446         16          8          0          0       7086   stm32f4xx_hal_dma.o
       636         64          0          0         32       6030   stm32f4xx_hal_flash.o
       432         26          0          0          0       3286   stm32f4xx_hal_flash_ex.o
       552         50          0          0          0       2975   stm32f4xx_hal_gpio.o
      3312         60          0          0          0      13756   stm32f4xx_hal_i2c.o
        84          6          0          0          0        846   stm32f4xx_hal_msp.o
      2682         18          0          0          0       9847   stm32f4xx_hal_pcd.o
         2          0          0          0          0        993   stm32f4xx_hal_pcd_ex.o
      1732         84          0          0          0       5576   stm32f4xx_hal_rcc.o
       416         20          0          0          0       1416   stm32f4xx_hal_rcc_ex.o
        52          0          0          0          0       1083   stm32f4xx_hal_rng.o
       336          4          0          0          0       2644   stm32f4xx_hal_rtc.o
       970          8          0          0          0       4537   stm32f4xx_hal_spi.o
      1572         90          0          0          0      12915   stm32f4xx_hal_tim.o
       200          0          0          0          0       2120   stm32f4xx_hal_tim_ex.o
      2286         40          0          0          0      14506   stm32f4xx_hal_uart.o
       168         36          0          0          0       8247   stm32f4xx_it.o
      2584         64          0          0          0      14997   stm32f4xx_ll_usb.o
         0          0          0          0          0        384   stream_buffer.o
       100         18         24          4          0       1175   system_stm32f4xx.o
      3688        418          0         60        240      30793   tasks.o
      2124        162          0          0        384       6835   tim.o
      1238        124          0         20        272      27155   timers.o
      1012         92          0          0        672       3571   usart.o
         0          0          0          0          0        560   usb_task.o
       632          6          0          0       1032      12641   usbd_conf.o
       806          0          0          0          0      10983   usbd_core.o
      1842         28          0          1          0       9767   usbd_ctlreq.o
       134          0          0          0          0       4000   usbd_ioreq.o
       356          8          0          0          0       4437   user_lib.o
      1512        158          0         12        698       9509   vision_rx_task.o
       336         72          0          8          0       2081   voltage_task.o

    ----------------------------------------------------------------------
     84814       4600      10768        760      45444    2023945   Object Totals
         0          0         32          0          0          0   (incl. Generated)
        86          0          1         12         12          0   (incl. Padding)

    ----------------------------------------------------------------------

      Code (inc. data)   RO Data    RW Data    ZI Data      Debug   Library Member Name

      2718         84         12         16          0       9922   ahrs.o
         0          0       2052          0          0       4636   arm_common_tables.o
       120         12          0          0          0      16970   arm_cos_f32.o
       116         12          0          0          0        658   arm_sin_f32.o
       300         42          0          0          0        176   asinf.o
       592         90          0          0          0        184   atan2f.o
        20          0          0          0          0        124   fabs.o
        38          0          0          0          0        116   fpclassifyf.o
        44         12          0          0          0        464   funder.o
       120          0          0          0          0        272   sqrtf_full.o
        86          0          0          0          0          0   __dczerorl2.o
         0          0          0          0          0          0   entry.o
         0          0          0          0          0          0   entry10a.o
         0          0          0          0          0          0   entry11a.o
         8          4          0          0          0          0   entry2.o
         4          0          0          0          0          0   entry5.o
         0          0          0          0          0          0   entry7b.o
         0          0          0          0          0          0   entry8b.o
         8          4          0          0          0          0   entry9a.o
        12          6          0          4          0         68   errno.o
        30          0          0          0          0          0   handlers.o
        36          8          0          0          0         68   init.o
         0          0          0          0          0          0   iusefp.o
        30          0          0          0          0         68   llshl.o
        36          0          0          0          0         68   llsshr.o
        32          0          0          0          0         68   llushr.o
        26          0          0          0          0         80   memcmp.o
        36          0          0          0          0         68   memcpya.o
        36          0          0          0          0        108   memseta.o
      2292         84          0          0          0        516   printfa.o
        14          0          0          0          0         68   strlen.o
        44          0          0          0          0         80   uidiv.o
        98          0          0          0          0         92   uldiv.o
        48          0          0          0          0         68   cdcmple.o
        48          0          0          0          0         68   cdrcmple.o
        56          0          0          0          0         88   d2f.o
       334          0          0          0          0        148   dadd.o
       222          0          0          0          0        100   ddiv.o
       186          0          0          0          0        176   depilogue.o
        48          0          0          0          0         68   dfixul.o
       228          0          0          0          0         96   dmul.o
        38          0          0          0          0         68   f2d.o
       110          0          0          0          0        168   fepilogue.o

    ----------------------------------------------------------------------
      8230        358       2064         20          0      35922   Library Totals
        16          0          0          0          0          0   (incl. Padding)

    ----------------------------------------------------------------------

      Code (inc. data)   RO Data    RW Data    ZI Data      Debug   Library Name

      2718         84         12         16          0       9922   AHRS.lib
       236         24       2052          0          0      22264   arm_cortexM4lf_math.lib
      1114        144          0          0          0       1336   m_wm.l
      2828        106          0          4          0       1352   mc_w.l
      1318          0          0          0          0       1048   mf_w.l

    ----------------------------------------------------------------------
      8230        358       2064         20          0      35922   Library Totals

    ----------------------------------------------------------------------

==============================================================================


      Code (inc. data)   RO Data    RW Data    ZI Data      Debug   

     93044       4958      12832        780      45444    2000903   Grand Totals
     93044       4958      12832        180      45444    2000903   ELF Image Totals (compressed)
     93044       4958      12832        180          0          0   ROM Totals

==============================================================================

    Total RO  Size (Code + RO Data)               105876 ( 103.39kB)
    Total RW  Size (RW Data + ZI Data)             46224 (  45.14kB)
    Total ROM Size (Code + RO Data + RW Data)     106056 ( 103.57kB)

==============================================================================

